Component: ARM Compiler 5.06 update 5 (build 528) Tool: armlink [4d35e2]

==============================================================================

Section Cross References

    stm32f4xx_hal_can.o(i.CAN_Receive_IT) refers to bsp_can.o(i.HAL_CAN_RxCpltCallback) for HAL_CAN_RxCpltCallback
    stm32f4xx_hal_can.o(i.HAL_CAN_DeInit) refers to can.o(i.HAL_CAN_MspDeInit) for HAL_CAN_MspDeInit
    stm32f4xx_hal_can.o(i.HAL_CAN_IRQHandler) refers to stm32f4xx_hal_can.o(i.HAL_CAN_TxCpltCallback) for HAL_CAN_TxCpltCallback
    stm32f4xx_hal_can.o(i.HAL_CAN_IRQHandler) refers to stm32f4xx_hal_can.o(i.CAN_Receive_IT) for CAN_Receive_IT
    stm32f4xx_hal_can.o(i.HAL_CAN_IRQHandler) refers to stm32f4xx_hal_can.o(i.HAL_CAN_ErrorCallback) for HAL_CAN_ErrorCallback
    stm32f4xx_hal_can.o(i.HAL_CAN_Init) refers to can.o(i.HAL_CAN_MspInit) for HAL_CAN_MspInit
    stm32f4xx_hal_can.o(i.HAL_CAN_Init) refers to stm32f4xx_hal.o(i.HAL_GetTick) for HAL_GetTick
    stm32f4xx_hal_can.o(i.HAL_CAN_Receive) refers to stm32f4xx_hal.o(i.HAL_GetTick) for HAL_GetTick
    stm32f4xx_hal_can.o(i.HAL_CAN_Sleep) refers to stm32f4xx_hal.o(i.HAL_GetTick) for HAL_GetTick
    stm32f4xx_hal_can.o(i.HAL_CAN_Transmit) refers to stm32f4xx_hal.o(i.HAL_GetTick) for HAL_GetTick
    stm32f4xx_hal_can.o(i.HAL_CAN_WakeUp) refers to stm32f4xx_hal.o(i.HAL_GetTick) for HAL_GetTick
    stm32f4xx_hal_spi.o(i.HAL_SPI_Abort) refers to stm32f4xx_hal_dma.o(i.HAL_DMA_Abort) for HAL_DMA_Abort
    stm32f4xx_hal_spi.o(i.HAL_SPI_Abort) refers to system_stm32f4xx.o(.data) for SystemCoreClock
    stm32f4xx_hal_spi.o(i.HAL_SPI_Abort) refers to stm32f4xx_hal_spi.o(i.SPI_AbortTx_ISR) for SPI_AbortTx_ISR
    stm32f4xx_hal_spi.o(i.HAL_SPI_Abort) refers to stm32f4xx_hal_spi.o(i.SPI_AbortRx_ISR) for SPI_AbortRx_ISR
    stm32f4xx_hal_spi.o(i.HAL_SPI_Abort_IT) refers to stm32f4xx_hal_dma.o(i.HAL_DMA_Abort_IT) for HAL_DMA_Abort_IT
    stm32f4xx_hal_spi.o(i.HAL_SPI_Abort_IT) refers to stm32f4xx_hal_spi.o(i.HAL_SPI_AbortCpltCallback) for HAL_SPI_AbortCpltCallback
    stm32f4xx_hal_spi.o(i.HAL_SPI_Abort_IT) refers to stm32f4xx_hal_spi.o(i.SPI_AbortTx_ISR) for SPI_AbortTx_ISR
    stm32f4xx_hal_spi.o(i.HAL_SPI_Abort_IT) refers to stm32f4xx_hal_spi.o(i.SPI_AbortRx_ISR) for SPI_AbortRx_ISR
    stm32f4xx_hal_spi.o(i.HAL_SPI_Abort_IT) refers to stm32f4xx_hal_spi.o(i.SPI_DMATxAbortCallback) for SPI_DMATxAbortCallback
    stm32f4xx_hal_spi.o(i.HAL_SPI_Abort_IT) refers to stm32f4xx_hal_spi.o(i.SPI_DMARxAbortCallback) for SPI_DMARxAbortCallback
    stm32f4xx_hal_spi.o(i.HAL_SPI_DMAStop) refers to stm32f4xx_hal_dma.o(i.HAL_DMA_Abort) for HAL_DMA_Abort
    stm32f4xx_hal_spi.o(i.HAL_SPI_DeInit) refers to spi.o(i.HAL_SPI_MspDeInit) for HAL_SPI_MspDeInit
    stm32f4xx_hal_spi.o(i.HAL_SPI_IRQHandler) refers to stm32f4xx_hal_dma.o(i.HAL_DMA_Abort_IT) for HAL_DMA_Abort_IT
    stm32f4xx_hal_spi.o(i.HAL_SPI_IRQHandler) refers to stm32f4xx_hal_spi.o(i.HAL_SPI_ErrorCallback) for HAL_SPI_ErrorCallback
    stm32f4xx_hal_spi.o(i.HAL_SPI_IRQHandler) refers to stm32f4xx_hal_spi.o(i.SPI_DMAAbortOnError) for SPI_DMAAbortOnError
    stm32f4xx_hal_spi.o(i.HAL_SPI_Init) refers to spi.o(i.HAL_SPI_MspInit) for HAL_SPI_MspInit
    stm32f4xx_hal_spi.o(i.HAL_SPI_Receive) refers to stm32f4xx_hal.o(i.HAL_GetTick) for HAL_GetTick
    stm32f4xx_hal_spi.o(i.HAL_SPI_Receive) refers to stm32f4xx_hal_spi.o(i.HAL_SPI_TransmitReceive) for HAL_SPI_TransmitReceive
    stm32f4xx_hal_spi.o(i.HAL_SPI_Receive_DMA) refers to stm32f4xx_hal_spi.o(i.HAL_SPI_TransmitReceive_DMA) for HAL_SPI_TransmitReceive_DMA
    stm32f4xx_hal_spi.o(i.HAL_SPI_Receive_DMA) refers to stm32f4xx_hal_dma.o(i.HAL_DMA_Start_IT) for HAL_DMA_Start_IT
    stm32f4xx_hal_spi.o(i.HAL_SPI_Receive_DMA) refers to stm32f4xx_hal_spi.o(i.SPI_DMAHalfReceiveCplt) for SPI_DMAHalfReceiveCplt
    stm32f4xx_hal_spi.o(i.HAL_SPI_Receive_DMA) refers to stm32f4xx_hal_spi.o(i.SPI_DMAReceiveCplt) for SPI_DMAReceiveCplt
    stm32f4xx_hal_spi.o(i.HAL_SPI_Receive_DMA) refers to stm32f4xx_hal_spi.o(i.SPI_DMAError) for SPI_DMAError
    stm32f4xx_hal_spi.o(i.HAL_SPI_Receive_IT) refers to stm32f4xx_hal_spi.o(i.HAL_SPI_TransmitReceive_IT) for HAL_SPI_TransmitReceive_IT
    stm32f4xx_hal_spi.o(i.HAL_SPI_Receive_IT) refers to stm32f4xx_hal_spi.o(i.SPI_RxISR_16BIT) for SPI_RxISR_16BIT
    stm32f4xx_hal_spi.o(i.HAL_SPI_Receive_IT) refers to stm32f4xx_hal_spi.o(i.SPI_RxISR_8BIT) for SPI_RxISR_8BIT
    stm32f4xx_hal_spi.o(i.HAL_SPI_Transmit) refers to stm32f4xx_hal.o(i.HAL_GetTick) for HAL_GetTick
    stm32f4xx_hal_spi.o(i.HAL_SPI_Transmit) refers to stm32f4xx_hal_spi.o(i.SPI_WaitFlagStateUntilTimeout) for SPI_WaitFlagStateUntilTimeout
    stm32f4xx_hal_spi.o(i.HAL_SPI_Transmit) refers to stm32f4xx_hal_spi.o(i.SPI_CheckFlag_BSY) for SPI_CheckFlag_BSY
    stm32f4xx_hal_spi.o(i.HAL_SPI_TransmitReceive) refers to stm32f4xx_hal.o(i.HAL_GetTick) for HAL_GetTick
[...]
    SPI_CheckFlag_BSY                        0x08002dcb   Thumb Code    32  stm32f4xx_hal_spi.o(i.SPI_CheckFlag_BSY)
    i.SPI_WaitFlagStateUntilTimeout          0x08002dea   Section        0  stm32f4xx_hal_spi.o(i.SPI_WaitFlagStateUntilTimeout)
    SPI_WaitFlagStateUntilTimeout            0x08002deb   Thumb Code   150  stm32f4xx_hal_spi.o(i.SPI_WaitFlagStateUntilTimeout)
    i.ShootTask                              0x08002e80   Section        0  shoot_task.o(i.ShootTask)
    i.StartDefaultTask                       0x08002eec   Section        0  freertos.o(i.StartDefaultTask)
    i.SysTick_Handler                        0x08002ef4   Section        0  stm32f4xx_it.o(i.SysTick_Handler)
    i.SystemClock_Config                     0x08002f04   Section        0  main.o(i.SystemClock_Config)
    i.SystemInit                             0x08002fa4   Section        0  system_stm32f4xx.o(i.SystemInit)
    i.TIM_Base_SetConfig                     0x08002ff8   Section        0  stm32f4xx_hal_tim.o(i.TIM_Base_SetConfig)
    i.TIM_CCxChannelCmd                      0x080030b8   Section        0  stm32f4xx_hal_tim.o(i.TIM_CCxChannelCmd)
    i.TIM_OC1_SetConfig                      0x080030d0   Section        0  stm32f4xx_hal_tim.o(i.TIM_OC1_SetConfig)
    TIM_OC1_SetConfig                        0x080030d1   Thumb Code    80  stm32f4xx_hal_tim.o(i.TIM_OC1_SetConfig)
    i.TIM_OC2_SetConfig                      0x08003128   Section        0  stm32f4xx_hal_tim.o(i.TIM_OC2_SetConfig)
    i.TIM_OC3_SetConfig                      0x0800318c   Section        0  stm32f4xx_hal_tim.o(i.TIM_OC3_SetConfig)
    TIM_OC3_SetConfig                        0x0800318d   Thumb Code    88  stm32f4xx_hal_tim.o(i.TIM_OC3_SetConfig)
    i.TIM_OC4_SetConfig                      0x080031ec   Section        0  stm32f4xx_hal_tim.o(i.TIM_OC4_SetConfig)
    TIM_OC4_SetConfig                        0x080031ed   Thumb Code    70  stm32f4xx_hal_tim.o(i.TIM_OC4_SetConfig)
    i.UsageFault_Handler                     0x0800323c   Section        0  stm32f4xx_it.o(i.UsageFault_Handler)
    i._Error_Handler                         0x0800323e   Section        0  main.o(i._Error_Handler)
    i.__ARM_fpclassify                       0x08003240   Section        0  fpclassify.o(i.__ARM_fpclassify)
    i.__hardfp_asin                          0x08003270   Section        0  asin.o(i.__hardfp_asin)
    i.__hardfp_atan                          0x080035d0   Section        0  atan.o(i.__hardfp_atan)
    i.__hardfp_atan2                         0x080038a8   Section        0  atan2.o(i.__hardfp_atan2)
    i.__hardfp_sqrt                          0x08003a98   Section        0  sqrt.o(i.__hardfp_sqrt)
    i.__kernel_poly                          0x08003b12   Section        0  poly.o(i.__kernel_poly)
    i.__mathlib_dbl_infnan                   0x08003c0a   Section        0  dunder.o(i.__mathlib_dbl_infnan)
    i.__mathlib_dbl_infnan2                  0x08003c1e   Section        0  dunder.o(i.__mathlib_dbl_infnan2)
    i.__mathlib_dbl_invalid                  0x08003c38   Section        0  dunder.o(i.__mathlib_dbl_invalid)
    i.__mathlib_dbl_underflow                0x08003c58   Section        0  dunder.o(i.__mathlib_dbl_underflow)
    i.__scatterload_copy                     0x08003c78   Section       14  handlers.o(i.__scatterload_copy)
    i.__scatterload_null                     0x08003c86   Section        2  handlers.o(i.__scatterload_null)
    i.__scatterload_zeroinit                 0x08003c88   Section       14  handlers.o(i.__scatterload_zeroinit)
    i.__set_errno                            0x08003c98   Section        0  errno.o(i.__set_errno)
    i.abs_limit                              0x08003ca4   Section        0  pid.o(i.abs_limit)
    i.acell_filter                           0x08003ccc   Section        0  bsp_imu.o(i.acell_filter)
    i.angle_handle                           0x08003e0c   Section        0  gimbal_task.o(i.angle_handle)
    i.atan                                   0x08003e48   Section        0  atan.o(i.atan)
    i.cali_data_read                         0x08003e58   Section        0  calibrate.o(i.cali_data_read)
    i.cali_param_init                        0x08003e6c   Section        0  calibrate.o(i.cali_param_init)
    i.can_device_init                        0x08003e84   Section        0  bsp_can.o(i.can_device_init)
    i.can_receive_start                      0x08003ec0   Section        0  bsp_can.o(i.can_receive_start)
    i.ctrl_limit                             0x08003ecc   Section        0  gimbal_task.o(i.ctrl_limit)
    i.dead_band                              0x08003eec   Section        0  bsp_imu.o(i.dead_band)
    i.fabs                                   0x08003f28   Section        0  fabs.o(i.fabs)
    i.filter                                 0x08003f40   Section        0  bsp_imu.o(i.filter)
    i.friction_ctrl                          0x08004080   Section        0  shoot_task.o(i.friction_ctrl)
    i.gimbal_task                            0x080040ac   Section        0  freertos.o(i.gimbal_task)
    i.i_saturation                           0x080040b4   Section        0  pid.o(i.i_saturation)
    i.imu_AHRS_update                        0x080040e8   Section        0  imu_k.o(i.imu_AHRS_update)
    i.imu_device_init                        0x0800475c   Section        0  bsp_imu.o(i.imu_device_init)
    i.inHandlerMode                          0x080047c0   Section        0  cmsis_os.o(i.inHandlerMode)
    inHandlerMode                            0x080047c1   Thumb Code    12  cmsis_os.o(i.inHandlerMode)
    i.invSqrt                                0x080047cc   Section        0  imu_k.o(i.invSqrt)
    i.kalman_filter_init                     0x080047f8   Section        0  ekf.o(i.kalman_filter_init)
    i.laser_ctrl                             0x08004bcc   Section        0  shoot_task.o(i.laser_ctrl)
    i.main                                   0x08004bf0   Section        0  main.o(i.main)
    i.makeFreeRtosPriority                   0x08004c32   Section        0  cmsis_os.o(i.makeFreeRtosPriority)
    makeFreeRtosPriority                     0x08004c33   Thumb Code    12  cmsis_os.o(i.makeFreeRtosPriority)
    i.mpu_get_data                           0x08004c40   Section        0  bsp_imu.o(i.mpu_get_data)
    i.mpu_offset_cal                         0x08004dfc   Section        0  bsp_imu.o(i.mpu_offset_cal)
    i.mpu_read_reg                           0x08004f74   Section        0  bsp_imu.o(i.mpu_read_reg)
    i.mpu_read_regs                          0x08004fc4   Section        0  bsp_imu.o(i.mpu_read_regs)
    i.mpu_write_reg                          0x08005024   Section        0  bsp_imu.o(i.mpu_write_reg)
    i.osDelay                                0x08005078   Section        0  cmsis_os.o(i.osDelay)
    i.osDelayUntil                           0x08005086   Section        0  cmsis_os.o(i.osDelayUntil)
    i.osKernelStart                          0x08005094   Section        0  cmsis_os.o(i.osKernelStart)
    i.osKernelSysTick                        0x0800509e   Section        0  cmsis_os.o(i.osKernelSysTick)
    i.osSystickHandler                       0x080050b6   Section        0  cmsis_os.o(i.osSystickHandler)
    i.osThreadCreate                         0x080050ca   Section        0  cmsis_os.o(i.osThreadCreate)
    i.pid_cal                                0x080050f8   Section        0  pid.o(i.pid_cal)
    i.pid_init                               0x0800521a   Section        0  pid.o(i.pid_init)
    i.pluck_DELTA_pid                        0x0800522e   Section        0  shoot_task.o(i.pluck_DELTA_pid)
    i.prvAddCurrentTaskToDelayedList         0x080052a8   Section        0  tasks.o(i.prvAddCurrentTaskToDelayedList)
    prvAddCurrentTaskToDelayedList           0x080052a9   Thumb Code   102  tasks.o(i.prvAddCurrentTaskToDelayedList)
    i.prvAddNewTaskToReadyList               0x08005318   Section        0  tasks.o(i.prvAddNewTaskToReadyList)
    prvAddNewTaskToReadyList                 0x08005319   Thumb Code   194  tasks.o(i.prvAddNewTaskToReadyList)
    i.prvCheckTasksWaitingTermination        0x080053e8   Section        0  tasks.o(i.prvCheckTasksWaitingTermination)
    prvCheckTasksWaitingTermination          0x080053e9   Thumb Code    74  tasks.o(i.prvCheckTasksWaitingTermination)
    i.prvDeleteTCB                           0x0800543c   Section        0  tasks.o(i.prvDeleteTCB)
    prvDeleteTCB                             0x0800543d   Thumb Code    20  tasks.o(i.prvDeleteTCB)
    i.prvHeapInit                            0x08005450   Section        0  heap_4.o(i.prvHeapInit)
    prvHeapInit                              0x08005451   Thumb Code    66  heap_4.o(i.prvHeapInit)
    i.prvIdleTask                            0x0800549c   Section        0  tasks.o(i.prvIdleTask)
    prvIdleTask                              0x0800549d   Thumb Code    30  tasks.o(i.prvIdleTask)
    i.prvInitialiseNewTask                   0x080054c4   Section        0  tasks.o(i.prvInitialiseNewTask)
    prvInitialiseNewTask                     0x080054c5   Thumb Code   156  tasks.o(i.prvInitialiseNewTask)
    i.prvInsertBlockIntoFreeList             0x08005560   Section        0  heap_4.o(i.prvInsertBlockIntoFreeList)
    prvInsertBlockIntoFreeList               0x08005561   Thumb Code    72  heap_4.o(i.prvInsertBlockIntoFreeList)
    i.prvResetNextTaskUnblockTime            0x080055ac   Section        0  tasks.o(i.prvResetNextTaskUnblockTime)
    prvResetNextTaskUnblockTime              0x080055ad   Thumb Code    26  tasks.o(i.prvResetNextTaskUnblockTime)
    i.prvTaskExitError                       0x080055cc   Section        0  port.o(i.prvTaskExitError)
    prvTaskExitError                         0x080055cd   Thumb Code    36  port.o(i.prvTaskExitError)
    i.pvPortMalloc                           0x080055f4   Section        0  heap_4.o(i.pvPortMalloc)
    i.pwm_device_init                        0x080056cc   Section        0  shoot_task.o(i.pwm_device_init)
    i.pxPortInitialiseStack                  0x08005704   Section        0  port.o(i.pxPortInitialiseStack)
    i.reload_ctrl                            0x08005730   Section        0  shoot_task.o(i.reload_ctrl)
    i.save_cali_data                         0x08005750   Section        0  calibrate.o(i.save_cali_data)
    i.send_gimbal_data                       0x0800576c   Section        0  bsp_can.o(i.send_gimbal_data)
    i.shoot_ctrl                             0x080057bc   Section        0  shoot_task.o(i.shoot_ctrl)
    i.shoot_task                             0x080057ec   Section        0  freertos.o(i.shoot_task)
    i.sqrt                                   0x080057f2   Section        0  sqrt.o(i.sqrt)
    i.uxListRemove                           0x08005860   Section        0  list.o(i.uxListRemove)
    i.vListInitialise                        0x08005884   Section        0  list.o(i.vListInitialise)
    i.vListInitialiseItem                    0x0800589a   Section        0  list.o(i.vListInitialiseItem)
    i.vListInsert                            0x080058a0   Section        0  list.o(i.vListInsert)
    i.vListInsertEnd                         0x080058d0   Section        0  list.o(i.vListInsertEnd)
    i.vPortEnterCritical                     0x080058e8   Section        0  port.o(i.vPortEnterCritical)
    i.vPortExitCritical                      0x08005928   Section        0  port.o(i.vPortExitCritical)
    i.vPortFree                              0x08005950   Section        0  heap_4.o(i.vPortFree)
    i.vPortSetupTimerInterrupt               0x080059ac   Section        0  port.o(i.vPortSetupTimerInterrupt)
    i.vPortValidateInterruptPriority         0x080059cc   Section        0  port.o(i.vPortValidateInterruptPriority)
    i.vTaskDelay                             0x08005a20   Section        0  tasks.o(i.vTaskDelay)
    i.vTaskDelayUntil                        0x08005a6c   Section        0  tasks.o(i.vTaskDelayUntil)
    i.vTaskStartScheduler                    0x08005afc   Section        0  tasks.o(i.vTaskStartScheduler)
    i.vTaskSuspendAll                        0x08005b64   Section        0  tasks.o(i.vTaskSuspendAll)
    i.vTaskSwitchContext                     0x08005b74   Section        0  tasks.o(i.vTaskSwitchContext)
    i.xPortStartScheduler                    0x08005bd0   Section        0  port.o(i.xPortStartScheduler)
    i.xPortSysTickHandler                    0x08005cb4   Section        0  port.o(i.xPortSysTickHandler)
    i.xTaskCreate                            0x08005ce0   Section        0  tasks.o(i.xTaskCreate)
    i.xTaskGetSchedulerState                 0x08005d38   Section        0  tasks.o(i.xTaskGetSchedulerState)
    i.xTaskGetTickCount                      0x08005d54   Section        0  tasks.o(i.xTaskGetTickCount)
    i.xTaskGetTickCountFromISR               0x08005d60   Section        0  tasks.o(i.xTaskGetTickCountFromISR)
    i.xTaskIncrementTick                     0x08005d70   Section        0  tasks.o(i.xTaskIncrementTick)
    i.xTaskResumeAll                         0x08005e38   Section        0  tasks.o(i.xTaskResumeAll)
    .constdata                               0x08005efc   Section       60  freertos.o(.constdata)
    .constdata                               0x08005f38   Section       14  bsp_imu.o(.constdata)
    .constdata                               0x08005f46   Section       16  system_stm32f4xx.o(.constdata)
    .constdata                               0x08005f58   Section       80  asin.o(.constdata)
    pS                                       0x08005f58   Data          48  asin.o(.constdata)
    qS                                       0x08005f88   Data          32  asin.o(.constdata)
    .constdata                               0x08005fa8   Section      152  atan.o(.constdata)
    atanhi                                   0x08005fa8   Data          32  atan.o(.constdata)
    atanlo                                   0x08005fc8   Data          32  atan.o(.constdata)
    aTodd                                    0x08005fe8   Data          40  atan.o(.constdata)
    aTeven                                   0x08006010   Data          48  atan.o(.constdata)
    .constdata                               0x08006040   Section        8  qnan.o(.constdata)
    .conststring                             0x08006048   Section       34  freertos.o(.conststring)
    .data                                    0x20000000   Section        4  stm32f4xx_hal.o(.data)
    .data                                    0x20000004   Section       12  freertos.o(.data)
    .data                                    0x20000010   Section       24  heap_4.o(.data)
    pxEnd                                    0x20000010   Data           4  heap_4.o(.data)
    xFreeBytesRemaining                      0x20000014   Data           4  heap_4.o(.data)
    xMinimumEverFreeBytesRemaining           0x20000018   Data           4  heap_4.o(.data)
    xBlockAllocatedBit                       0x2000001c   Data           4  heap_4.o(.data)
    xStart                                   0x20000020   Data           8  heap_4.o(.data)
    .data                                    0x20000028   Section       12  port.o(.data)
    ucMaxSysCallPriority                     0x20000028   Data           1  port.o(.data)
    uxCriticalNesting                        0x2000002c   Data           4  port.o(.data)
    ulMaxPRIGROUPValue                       0x20000030   Data           4  port.o(.data)
    .data                                    0x20000034   Section       60  tasks.o(.data)
    uxDeletedTasksWaitingCleanUp             0x20000038   Data           4  tasks.o(.data)
    uxCurrentNumberOfTasks                   0x2000003c   Data           4  tasks.o(.data)
    xTickCount                               0x20000040   Data           4  tasks.o(.data)
    uxTopReadyPriority                       0x20000044   Data           4  tasks.o(.data)
    xSchedulerRunning                        0x20000048   Data           4  tasks.o(.data)
    uxPendedTicks                            0x2000004c   Data           4  tasks.o(.data)
    xYieldPending                            0x20000050   Data           4  tasks.o(.data)
    xNumOfOverflows                          0x20000054   Data           4  tasks.o(.data)
    uxTaskNumber                             0x20000058   Data           4  tasks.o(.data)
    xNextTaskUnblockTime                     0x2000005c   Data           4  tasks.o(.data)
    xIdleTaskHandle                          0x20000060   Data           4  tasks.o(.data)
    uxSchedulerSuspended                     0x20000064   Data           4  tasks.o(.data)
    pxDelayedTaskList                        0x20000068   Data           4  tasks.o(.data)
    pxOverflowDelayedTaskList                0x2000006c   Data           4  tasks.o(.data)
    .data                                    0x20000070   Section       88  bsp_imu.o(.data)
    tx                                       0x20000070   Data           1  bsp_imu.o(.data)
    rx                                       0x20000071   Data           1  bsp_imu.o(.data)
    .data                                    0x200000c8   Section       14  bsp_can.o(.data)
    .data                                    0x200000d8   Section        4  bsp_flash.o(.data)
    .data                                    0x200000dc   Section        4  system_stm32f4xx.o(.data)
    .data                                    0x200000e0   Section       36  shoot_task.o(.data)
    .data                                    0x20000104   Section       40  gimbal_task.o(.data)
    num                                      0x20000104   Data           1  gimbal_task.o(.data)
    cnt                                      0x20000105   Data           1  gimbal_task.o(.data)
    num                                      0x20000106   Data           1  gimbal_task.o(.data)
    cnt                                      0x20000107   Data           1  gimbal_task.o(.data)
    .data                                    0x2000012c   Section       84  imu_k.o(.data)
    q0                                       0x2000012c   Data           4  imu_k.o(.data)
    q1                                       0x20000130   Data           4  imu_k.o(.data)
    q2                                       0x20000134   Data           4  imu_k.o(.data)
    q3                                       0x20000138   Data           4  imu_k.o(.data)
    last_update                              0x20000144   Data           4  imu_k.o(.data)
    now_update                               0x20000148   Data           4  imu_k.o(.data)
    exInt                                    0x2000014c   Data           4  imu_k.o(.data)
    eyInt                                    0x20000150   Data           4  imu_k.o(.data)
    ezInt                                    0x20000154   Data           4  imu_k.o(.data)
    gx                                       0x20000158   Data           4  imu_k.o(.data)
    gy                                       0x2000015c   Data           4  imu_k.o(.data)
    gz                                       0x20000160   Data           4  imu_k.o(.data)
    ax                                       0x20000164   Data           4  imu_k.o(.data)
    ay                                       0x20000168   Data           4  imu_k.o(.data)
    az                                       0x2000016c   Data           4  imu_k.o(.data)
    mx                                       0x20000170   Data           4  imu_k.o(.data)
    my                                       0x20000174   Data           4  imu_k.o(.data)
    mz                                       0x20000178   Data           4  imu_k.o(.data)
    .data                                    0x20000180   Section        4  errno.o(.data)
    _errno                                   0x20000180   Data           4  errno.o(.data)
    .bss                                     0x20000184   Section       32  stm32f4xx_hal_flash.o(.bss)
    .bss                                     0x200001a4   Section       68  can.o(.bss)
    .bss                                     0x200001e8   Section       88  spi.o(.bss)
    .bss                                     0x20000240   Section      120  tim.o(.bss)
    .bss                                     0x200002b8   Section    15360  heap_4.o(.bss)
    ucHeap                                   0x200002b8   Data       15360  heap_4.o(.bss)
    .bss                                     0x20003eb8   Section      240  tasks.o(.bss)
    pxReadyTasksLists                        0x20003eb8   Data         140  tasks.o(.bss)
    xDelayedTaskList1                        0x20003f44   Data          20  tasks.o(.bss)
    xDelayedTaskList2                        0x20003f58   Data          20  tasks.o(.bss)
    xPendingReadyList                        0x20003f6c   Data          20  tasks.o(.bss)
    xTasksWaitingTermination                 0x20003f80   Data          20  tasks.o(.bss)
    xSuspendedTaskList                       0x20003f94   Data          20  tasks.o(.bss)
    .bss                                     0x20003fa8   Section      928  bsp_imu.o(.bss)
    tx_buff                                  0x20003fa8   Data          14  bsp_imu.o(.bss)
    mpu_buff                                 0x20003fb6   Data          14  bsp_imu.o(.bss)
    .bss                                     0x20004348   Section       40  bsp_imu.o(.bss)
    .bss                                     0x20004370   Section       64  bsp_can.o(.bss)
    Tx1Message                               0x20004370   Data          28  bsp_can.o(.bss)
    Rx1Message                               0x2000438c   Data          36  bsp_can.o(.bss)
    .bss                                     0x200043b0   Section      168  shoot_task.o(.bss)
    .bss                                     0x20004458   Section      768  gimbal_task.o(.bss)
    .bss                                     0x20004758   Section       16  calibrate.o(.bss)
    .bss                                     0x20004768   Section     1396  ekf.o(.bss)
    .bss                                     0x20004cdc   Section      124  ekf.o(.bss)
    STACK                                    0x20004d58   Section     1024  startup_stm32f405xx.o(STACK)

    Global Symbols

    Symbol Name                              Value     Ov Type        Size  Object(Section)

    BuildAttributes$$THM_ISAv4$E$P$D$K$B$S$7EM$VFPi3$EXTD16$VFPS$VFMA$PE$A:L22UL41UL21$X:L11$S22US41US21$IEEE1$IW$USESV6$~STKCKD$USESV7$~SHL$OTIME$ROPI$IEEEX$EBA8$MICROLIB$REQ8$PRES8$EABIv2 0x00000000   Number         0  anon$$obj.o ABSOLUTE
    __ARM_use_no_argv                        0x00000000   Number         0  main.o ABSOLUTE
    __cpp_initialize__aeabi_                  - Undefined Weak Reference
    __cxa_finalize                            - Undefined Weak Reference
    _clock_init                               - Undefined Weak Reference
    _microlib_exit                            - Undefined Weak Reference
    __Vectors_Size                           0x00000188   Number         0  startup_stm32f405xx.o ABSOLUTE
    __Vectors                                0x08000000   Data           4  startup_stm32f405xx.o(RESET)
    __Vectors_End                            0x08000188   Data           0  startup_stm32f405xx.o(RESET)
    __main                                   0x08000189   Thumb Code     0  entry.o(.ARM.Collect$$$$00000000)
    _main_stk                                0x08000189   Thumb Code     0  entry2.o(.ARM.Collect$$$$00000001)
    _main_scatterload                        0x0800018d   Thumb Code     0  entry5.o(.ARM.Collect$$$$00000004)
    __main_after_scatterload                 0x08000191   Thumb Code     0  entry5.o(.ARM.Collect$$$$00000004)
    _main_clock                              0x08000191   Thumb Code     0  entry7b.o(.ARM.Collect$$$$00000008)
    _main_cpp_init                           0x08000191   Thumb Code     0  entry8b.o(.ARM.Collect$$$$0000000A)
    _main_init                               0x08000191   Thumb Code     0  entry9a.o(.ARM.Collect$$$$0000000B)
    __rt_final_cpp                           0x08000199   Thumb Code     0  entry10a.o(.ARM.Collect$$$$0000000D)
    __rt_final_exit                          0x08000199   Thumb Code     0  entry11a.o(.ARM.Collect$$$$0000000F)
    SVC_Handler                              0x0800019d   Thumb Code    28  port.o(.emb_text)
    __asm___6_port_c_39a90d8d__prvStartFirstTask 0x080001bd   Thumb Code    28  port.o(.emb_text)
    __asm___6_port_c_39a90d8d__prvEnableVFP  0x080001dd   Thumb Code    16  port.o(.emb_text)
    PendSV_Handler                           0x080001f1   Thumb Code    92  port.o(.emb_text)
    vPortGetIPSR                             0x08000251   Thumb Code     6  port.o(.emb_text)
    Reset_Handler                            0x08000259   Thumb Code     8  startup_stm32f405xx.o(.text)
    ADC_IRQHandler                           0x08000273   Thumb Code     0  startup_stm32f405xx.o(.text)
    CAN1_RX1_IRQHandler                      0x08000273   Thumb Code     0  startup_stm32f405xx.o(.text)
    CAN1_SCE_IRQHandler                      0x08000273   Thumb Code     0  startup_stm32f405xx.o(.text)
    CAN2_RX0_IRQHandler                      0x08000273   Thumb Code     0  startup_stm32f405xx.o(.text)
    CAN2_RX1_IRQHandler                      0x08000273   Thumb Code     0  startup_stm32f405xx.o(.text)
    CAN2_SCE_IRQHandler                      0x08000273   Thumb Code     0  startup_stm32f405xx.o(.text)
    CAN2_TX_IRQHandler                       0x08000273   Thumb Code     0  startup_stm32f405xx.o(.text)
    DMA1_Stream0_IRQHandler                  0x08000273   Thumb Code     0  startup_stm32f405xx.o(.text)
    DMA1_Stream1_IRQHandler                  0x08000273   Thumb Code     0  startup_stm32f405xx.o(.text)
    DMA1_Stream2_IRQHandler                  0x08000273   Thumb Code     0  startup_stm32f405xx.o(.text)
    DMA1_Stream3_IRQHandler                  0x08000273   Thumb Code     0  startup_stm32f405xx.o(.text)
    DMA1_Stream4_IRQHandler                  0x08000273   Thumb Code     0  startup_stm32f405xx.o(.text)
    DMA1_Stream5_IRQHandler                  0x08000273   Thumb Code     0  startup_stm32f405xx.o(.text)
    DMA1_Stream6_IRQHandler                  0x08000273   Thumb Code     0  startup_stm32f405xx.o(.text)
    DMA1_Stream7_IRQHandler                  0x08000273   Thumb Code     0  startup_stm32f405xx.o(.text)
    DMA2_Stream0_IRQHandler                  0x08000273   Thumb Code     0  startup_stm32f405xx.o(.text)
    DMA2_Stream1_IRQHandler                  0x08000273   Thumb Code     0  startup_stm32f405xx.o(.text)
    DMA2_Stream2_IRQHandler                  0x08000273   Thumb Code     0  startup_stm32f405xx.o(.text)
    DMA2_Stream3_IRQHandler                  0x08000273   Thumb Code     0  startup_stm32f405xx.o(.text)
    DMA2_Stream4_IRQHandler                  0x08000273   Thumb Code     0  startup_stm32f405xx.o(.text)
    DMA2_Stream5_IRQHandler                  0x08000273   Thumb Code     0  startup_stm32f405xx.o(.text)
    DMA2_Stream6_IRQHandler                  0x08000273   Thumb Code     0  startup_stm32f405xx.o(.text)
    DMA2_Stream7_IRQHandler                  0x08000273   Thumb Code     0  startup_stm32f405xx.o(.text)
    EXTI0_IRQHandler                         0x08000273   Thumb Code     0  startup_stm32f405xx.o(.text)
    EXTI15_10_IRQHandler                     0x08000273   Thumb Code     0  startup_stm32f405xx.o(.text)
    EXTI1_IRQHandler                         0x08000273   Thumb Code     0  startup_stm32f405xx.o(.text)
    EXTI2_IRQHandler                         0x08000273   Thumb Code     0  startup_stm32f405xx.o(.text)
    EXTI3_IRQHandler                         0x08000273   Thumb Code     0  startup_stm32f405xx.o(.text)
    EXTI4_IRQHandler                         0x08000273   Thumb Code     0  startup_stm32f405xx.o(.text)
    EXTI9_5_IRQHandler                       0x08000273   Thumb Code     0  startup_stm32f405xx.o(.text)
    FLASH_IRQHandler                         0x08000273   Thumb Code     0  startup_stm32f405xx.o(.text)
    FMC_IRQHandler                           0x08000273   Thumb Code     0  startup_stm32f405xx.o(.text)
    FPU_IRQHandler                           0x08000273   Thumb Code     0  startup_stm32f405xx.o(.text)
    HASH_RNG_IRQHandler                      0x08000273   Thumb Code     0  startup_stm32f405xx.o(.text)
    I2C1_ER_IRQHandler                       0x08000273   Thumb Code     0  startup_stm32f405xx.o(.text)
    I2C1_EV_IRQHandler                       0x08000273   Thumb Code     0  startup_stm32f405xx.o(.text)
    I2C2_ER_IRQHandler                       0x08000273   Thumb Code     0  startup_stm32f405xx.o(.text)
    I2C2_EV_IRQHandler                       0x08000273   Thumb Code     0  startup_stm32f405xx.o(.text)
    I2C3_ER_IRQHandler                       0x08000273   Thumb Code     0  startup_stm32f405xx.o(.text)
    I2C3_EV_IRQHandler                       0x08000273   Thumb Code     0  startup_stm32f405xx.o(.text)
    OTG_FS_IRQHandler                        0x08000273   Thumb Code     0  startup_stm32f405xx.o(.text)
    OTG_FS_WKUP_IRQHandler                   0x08000273   Thumb Code     0  startup_stm32f405xx.o(.text)
    OTG_HS_EP1_IN_IRQHandler                 0x08000273   Thumb Code     0  startup_stm32f405xx.o(.text)
    OTG_HS_EP1_OUT_IRQHandler                0x08000273   Thumb Code     0  startup_stm32f405xx.o(.text)
    OTG_HS_IRQHandler                        0x08000273   Thumb Code     0  startup_stm32f405xx.o(.text)
    OTG_HS_WKUP_IRQHandler                   0x08000273   Thumb Code     0  startup_stm32f405xx.o(.text)
    PVD_IRQHandler                           0x08000273   Thumb Code     0  startup_stm32f405xx.o(.text)
    RCC_IRQHandler                           0x08000273   Thumb Code     0  startup_stm32f405xx.o(.text)
    RTC_Alarm_IRQHandler                     0x08000273   Thumb Code     0  startup_stm32f405xx.o(.text)
    RTC_WKUP_IRQHandler                      0x08000273   Thumb Code     0  startup_stm32f405xx.o(.text)
    SDIO_IRQHandler                          0x08000273   Thumb Code     0  startup_stm32f405xx.o(.text)
    SPI1_IRQHandler                          0x08000273   Thumb Code     0  startup_stm32f405xx.o(.text)
    SPI2_IRQHandler                          0x08000273   Thumb Code     0  startup_stm32f405xx.o(.text)
    SPI3_IRQHandler                          0x08000273   Thumb Code     0  startup_stm32f405xx.o(.text)
    TAMP_STAMP_IRQHandler                    0x08000273   Thumb Code     0  startup_stm32f405xx.o(.text)
    TIM1_BRK_TIM9_IRQHandler                 0x08000273   Thumb Code     0  startup_stm32f405xx.o(.text)
    TIM1_CC_IRQHandler                       0x08000273   Thumb Code     0  startup_stm32f405xx.o(.text)
    TIM1_TRG_COM_TIM11_IRQHandler            0x08000273   Thumb Code     0  startup_stm32f405xx.o(.text)
    TIM1_UP_TIM10_IRQHandler                 0x08000273   Thumb Code     0  startup_stm32f405xx.o(.text)
    TIM2_IRQHandler                          0x08000273   Thumb Code     0  startup_stm32f405xx.o(.text)
    TIM3_IRQHandler                          0x08000273   Thumb Code     0  startup_stm32f405xx.o(.text)
    TIM4_IRQHandler                          0x08000273   Thumb Code     0  startup_stm32f405xx.o(.text)
    TIM5_IRQHandler                          0x08000273   Thumb Code     0  startup_stm32f405xx.o(.text)
    TIM6_DAC_IRQHandler                      0x08000273   Thumb Code     0  startup_stm32f405xx.o(.text)
    TIM7_IRQHandler                          0x08000273   Thumb Code     0  startup_stm32f405xx.o(.text)
    TIM8_BRK_TIM12_IRQHandler                0x08000273   Thumb Code     0  startup_stm32f405xx.o(.text)
    TIM8_CC_IRQHandler                       0x08000273   Thumb Code     0  startup_stm32f405xx.o(.text)
    TIM8_TRG_COM_TIM14_IRQHandler            0x08000273   Thumb Code     0  startup_stm32f405xx.o(.text)
    TIM8_UP_TIM13_IRQHandler                 0x08000273   Thumb Code     0  startup_stm32f405xx.o(.text)
    UART4_IRQHandler                         0x08000273   Thumb Code     0  startup_stm32f405xx.o(.text)
    UART5_IRQHandler                         0x08000273   Thumb Code     0  startup_stm32f405xx.o(.text)
    USART1_IRQHandler                        0x08000273   Thumb Code     0  startup_stm32f405xx.o(.text)
    USART2_IRQHandler                        0x08000273   Thumb Code     0  startup_stm32f405xx.o(.text)
    USART3_IRQHandler                        0x08000273   Thumb Code     0  startup_stm32f405xx.o(.text)
    USART6_IRQHandler                        0x08000273   Thumb Code     0  startup_stm32f405xx.o(.text)
    WWDG_IRQHandler                          0x08000273   Thumb Code     0  startup_stm32f405xx.o(.text)
    arm_mat_init_f32                         0x0800027d   Thumb Code     8  arm_mat_init_f32.o(.text)
    arm_mat_trans_f32                        0x08000285   Thumb Code   152  arm_mat_trans_f32.o(.text)
    __aeabi_uldivmod                         0x0800031d   Thumb Code    98  uldiv.o(.text)
    __aeabi_memcpy                           0x0800037f   Thumb Code    36  memcpya.o(.text)
    __aeabi_memcpy4                          0x0800037f   Thumb Code     0  memcpya.o(.text)
    __aeabi_memcpy8                          0x0800037f   Thumb Code     0  memcpya.o(.text)
    __aeabi_memset                           0x080003a3   Thumb Code    14  memseta.o(.text)
    __aeabi_memset4                          0x080003a3   Thumb Code     0  memseta.o(.text)
    __aeabi_memset8                          0x080003a3   Thumb Code     0  memseta.o(.text)
    __aeabi_memclr                           0x080003b1   Thumb Code     4  memseta.o(.text)
    __aeabi_memclr4                          0x080003b1   Thumb Code     0  memseta.o(.text)
    __aeabi_memclr8                          0x080003b1   Thumb Code     0  memseta.o(.text)
    _memset$wrapper                          0x080003b5   Thumb Code    18  memseta.o(.text)
    __aeabi_dadd                             0x080003c7   Thumb Code   322  dadd.o(.text)
    __aeabi_dsub                             0x08000509   Thumb Code     6  dadd.o(.text)
    __aeabi_drsub                            0x0800050f   Thumb Code     6  dadd.o(.text)
    __aeabi_dmul                             0x08000515   Thumb Code   228  dmul.o(.text)
    __aeabi_ddiv                             0x080005f9   Thumb Code   222  ddiv.o(.text)
    __aeabi_i2d                              0x080006d7   Thumb Code    34  dflti.o(.text)
    __aeabi_d2iz                             0x080006f9   Thumb Code    62  dfixi.o(.text)
    __aeabi_f2d                              0x08000737   Thumb Code    38  f2d.o(.text)
    __aeabi_cdcmpeq                          0x0800075d   Thumb Code     0  cdcmple.o(.text)
    __aeabi_cdcmple                          0x0800075d   Thumb Code    48  cdcmple.o(.text)
    __aeabi_d2f                              0x0800078d   Thumb Code    56  d2f.o(.text)
    __aeabi_llsl                             0x080007c5   Thumb Code    30  llshl.o(.text)
    _ll_shift_l                              0x080007c5   Thumb Code     0  llshl.o(.text)
    __aeabi_llsr                             0x080007e3   Thumb Code    32  llushr.o(.text)
    _ll_ushift_r                             0x080007e3   Thumb Code     0  llushr.o(.text)
    __aeabi_lasr                             0x08000803   Thumb Code    36  llsshr.o(.text)
    _ll_sshift_r                             0x08000803   Thumb Code     0  llsshr.o(.text)
    __I$use$fp                               0x08000827   Thumb Code     0  iusefp.o(.text)
    _float_round                             0x08000827   Thumb Code    18  fepilogue.o(.text)
    _float_epilogue                          0x08000839   Thumb Code    92  fepilogue.o(.text)
    _double_round                            0x08000895   Thumb Code    30  depilogue.o(.text)
    _double_epilogue                         0x080008b3   Thumb Code   156  depilogue.o(.text)
    _dsqrt                                   0x0800094f   Thumb Code   162  dsqrt.o(.text)
    __scatterload                            0x080009f1   Thumb Code    28  init.o(.text)
    __scatterload_rt2                        0x080009f1   Thumb Code     0  init.o(.text)
    __decompress                             0x08000a15   Thumb Code     0  __dczerorl2.o(.text)
    __decompress1                            0x08000a15   Thumb Code    86  __dczerorl2.o(.text)
    BSP_FLASH_Write                          0x08000a6d   Thumb Code    80  bsp_flash.o(i.BSP_FLASH_Write)
    BusFault_Handler                         0x08000ac5   Thumb Code     2  stm32f4xx_it.o(i.BusFault_Handler)
    CAN1_RX0_IRQHandler                      0x08000ac9   Thumb Code     6  stm32f4xx_it.o(i.CAN1_RX0_IRQHandler)
    CAN1_TX_IRQHandler                       0x08000ad5   Thumb Code     6  stm32f4xx_it.o(i.CAN1_TX_IRQHandler)
    DebugMon_Handler                         0x08000c05   Thumb Code     2  stm32f4xx_it.o(i.DebugMon_Handler)
    FLASH_Erase_Sector                       0x08000c09   Thumb Code    74  stm32f4xx_hal_flash_ex.o(i.FLASH_Erase_Sector)
    FLASH_FlushCaches                        0x08000c59   Thumb Code    80  stm32f4xx_hal_flash_ex.o(i.FLASH_FlushCaches)
    FLASH_WaitForLastOperation               0x08000dcd   Thumb Code    72  stm32f4xx_hal_flash.o(i.FLASH_WaitForLastOperation)
    GimbalTask                               0x08000ee1   Thumb Code   978  gimbal_task.o(i.GimbalTask)
    HAL_CAN_ConfigFilter                     0x08001309   Thumb Code   244  stm32f4xx_hal_can.o(i.HAL_CAN_ConfigFilter)
    HAL_CAN_ErrorCallback                    0x08001401   Thumb Code     2  stm32f4xx_hal_can.o(i.HAL_CAN_ErrorCallback)
    HAL_CAN_IRQHandler                       0x08001405   Thumb Code   548  stm32f4xx_hal_can.o(i.HAL_CAN_IRQHandler)
    HAL_CAN_Init                             0x08001639   Thumb Code   332  stm32f4xx_hal_can.o(i.HAL_CAN_Init)
    HAL_CAN_MspInit                          0x08001785   Thumb Code    96  can.o(i.HAL_CAN_MspInit)
    HAL_CAN_Receive_IT                       0x080017f1   Thumb Code   184  stm32f4xx_hal_can.o(i.HAL_CAN_Receive_IT)
    HAL_CAN_RxCpltCallback                   0x080018a9   Thumb Code   184  bsp_can.o(i.HAL_CAN_RxCpltCallback)
    HAL_CAN_Transmit                         0x0800196d   Thumb Code   428  stm32f4xx_hal_can.o(i.HAL_CAN_Transmit)
    HAL_CAN_TxCpltCallback                   0x08001b25   Thumb Code     2  stm32f4xx_hal_can.o(i.HAL_CAN_TxCpltCallback)
    HAL_Delay                                0x08001b27   Thumb Code    28  stm32f4xx_hal.o(i.HAL_Delay)
    HAL_FLASHEx_Erase                        0x08001b45   Thumb Code   144  stm32f4xx_hal_flash_ex.o(i.HAL_FLASHEx_Erase)
    HAL_FLASH_Lock                           0x08001bdd   Thumb Code    14  stm32f4xx_hal_flash.o(i.HAL_FLASH_Lock)
    HAL_FLASH_Program                        0x08001bf1   Thumb Code   116  stm32f4xx_hal_flash.o(i.HAL_FLASH_Program)
    HAL_FLASH_Unlock                         0x08001c6d   Thumb Code    32  stm32f4xx_hal_flash.o(i.HAL_FLASH_Unlock)
    HAL_GPIO_Init                            0x08001c99   Thumb Code   402  stm32f4xx_hal_gpio.o(i.HAL_GPIO_Init)
    HAL_GPIO_WritePin                        0x08001e59   Thumb Code    10  stm32f4xx_hal_gpio.o(i.HAL_GPIO_WritePin)
    HAL_GetTick                              0x08001e65   Thumb Code     6  stm32f4xx_hal.o(i.HAL_GetTick)
    HAL_IncTick                              0x08001e71   Thumb Code    10  stm32f4xx_hal.o(i.HAL_IncTick)
    HAL_Init                                 0x08001e81   Thumb Code    48  stm32f4xx_hal.o(i.HAL_Init)
    HAL_InitTick                             0x08001eb5   Thumb Code    34  stm32f4xx_hal.o(i.HAL_InitTick)
    HAL_MspInit                              0x08001edd   Thumb Code   126  stm32f4xx_hal_msp.o(i.HAL_MspInit)
    HAL_NVIC_EnableIRQ                       0x08001f61   Thumb Code    22  stm32f4xx_hal_cortex.o(i.HAL_NVIC_EnableIRQ)
    HAL_NVIC_SetPriority                     0x08001f79   Thumb Code    60  stm32f4xx_hal_cortex.o(i.HAL_NVIC_SetPriority)
    HAL_NVIC_SetPriorityGrouping             0x08001fb9   Thumb Code    26  stm32f4xx_hal_cortex.o(i.HAL_NVIC_SetPriorityGrouping)
    HAL_RCC_ClockConfig                      0x08001fdd   Thumb Code   286  stm32f4xx_hal_rcc.o(i.HAL_RCC_ClockConfig)
    HAL_RCC_GetHCLKFreq                      0x0800210d   Thumb Code     6  stm32f4xx_hal_rcc.o(i.HAL_RCC_GetHCLKFreq)
    HAL_RCC_GetSysClockFreq                  0x08002119   Thumb Code    88  stm32f4xx_hal_rcc.o(i.HAL_RCC_GetSysClockFreq)
    HAL_RCC_OscConfig                        0x08002179   Thumb Code   720  stm32f4xx_hal_rcc.o(i.HAL_RCC_OscConfig)
    HAL_SPI_Init                             0x08002461   Thumb Code   128  stm32f4xx_hal_spi.o(i.HAL_SPI_Init)
    HAL_SPI_MspInit                          0x080024e1   Thumb Code    64  spi.o(i.HAL_SPI_MspInit)
    HAL_SPI_TransmitReceive                  0x0800252d   Thumb Code   458  stm32f4xx_hal_spi.o(i.HAL_SPI_TransmitReceive)
    HAL_SYSTICK_CLKSourceConfig              0x080026f7   Thumb Code    24  stm32f4xx_hal_cortex.o(i.HAL_SYSTICK_CLKSourceConfig)
    HAL_SYSTICK_Config                       0x0800270f   Thumb Code    40  stm32f4xx_hal_cortex.o(i.HAL_SYSTICK_Config)
    HAL_TIMEx_MasterConfigSynchronization    0x08002737   Thumb Code    80  stm32f4xx_hal_tim_ex.o(i.HAL_TIMEx_MasterConfigSynchronization)
    HAL_TIM_MspPostInit                      0x08002789   Thumb Code    62  tim.o(i.HAL_TIM_MspPostInit)
    HAL_TIM_PWM_ConfigChannel                0x080027d9   Thumb Code   208  stm32f4xx_hal_tim.o(i.HAL_TIM_PWM_ConfigChannel)
    HAL_TIM_PWM_Init                         0x080028a9   Thumb Code    54  stm32f4xx_hal_tim.o(i.HAL_TIM_PWM_Init)
    HAL_TIM_PWM_MspInit                      0x080028e1   Thumb Code    52  tim.o(i.HAL_TIM_PWM_MspInit)
    HAL_TIM_PWM_Start                        0x08002921   Thumb Code    48  stm32f4xx_hal_tim.o(i.HAL_TIM_PWM_Start)
    HardFault_Handler                        0x08002959   Thumb Code     2  stm32f4xx_it.o(i.HardFault_Handler)
    MX_CAN1_Init                             0x0800295d   Thumb Code    68  can.o(i.MX_CAN1_Init)
    MX_FREERTOS_Init                         0x080029b9   Thumb Code    74  freertos.o(i.MX_FREERTOS_Init)
    MX_GPIO_Init                             0x08002a0d   Thumb Code   178  gpio.o(i.MX_GPIO_Init)
    MX_SPI3_Init                             0x08002ad1   Thumb Code    64  spi.o(i.MX_SPI3_Init)
    MX_TIM3_Init                             0x08002b29   Thumb Code   126  tim.o(i.MX_TIM3_Init)
    MX_TIM4_Init                             0x08002bc1   Thumb Code   132  tim.o(i.MX_TIM4_Init)
    MemManage_Handler                        0x08002c5d   Thumb Code     2  stm32f4xx_it.o(i.MemManage_Handler)
    MovingAverageForAuto                     0x08002c61   Thumb Code   170  gimbal_task.o(i.MovingAverageForAuto)
    MovingAverageForPitch                    0x08002d21   Thumb Code   112  gimbal_task.o(i.MovingAverageForPitch)
    NMI_Handler                              0x08002da9   Thumb Code     2  stm32f4xx_it.o(i.NMI_Handler)
    ShootTask                                0x08002e81   Thumb Code    90  shoot_task.o(i.ShootTask)
    StartDefaultTask                         0x08002eed   Thumb Code     8  freertos.o(i.StartDefaultTask)
    SysTick_Handler                          0x08002ef5   Thumb Code    14  stm32f4xx_it.o(i.SysTick_Handler)
    SystemClock_Config                       0x08002f05   Thumb Code   150  main.o(i.SystemClock_Config)
    SystemInit                               0x08002fa5   Thumb Code    66  system_stm32f4xx.o(i.SystemInit)
    TIM_Base_SetConfig                       0x08002ff9   Thumb Code   148  stm32f4xx_hal_tim.o(i.TIM_Base_SetConfig)
    TIM_CCxChannelCmd                        0x080030b9   Thumb Code    22  stm32f4xx_hal_tim.o(i.TIM_CCxChannelCmd)
    TIM_OC2_SetConfig                        0x08003129   Thumb Code    90  stm32f4xx_hal_tim.o(i.TIM_OC2_SetConfig)
    UsageFault_Handler                       0x0800323d   Thumb Code     2  stm32f4xx_it.o(i.UsageFault_Handler)
    _Error_Handler                           0x0800323f   Thumb Code     2  main.o(i._Error_Handler)
    __ARM_fpclassify                         0x08003241   Thumb Code    48  fpclassify.o(i.__ARM_fpclassify)
    __hardfp_asin                            0x08003271   Thumb Code   770  asin.o(i.__hardfp_asin)
    __hardfp_atan                            0x080035d1   Thumb Code   622  atan.o(i.__hardfp_atan)
    __hardfp_atan2                           0x080038a9   Thumb Code   432  atan2.o(i.__hardfp_atan2)
    __hardfp_sqrt                            0x08003a99   Thumb Code   122  sqrt.o(i.__hardfp_sqrt)
    __kernel_poly                            0x08003b13   Thumb Code   248  poly.o(i.__kernel_poly)
    __mathlib_dbl_infnan                     0x08003c0b   Thumb Code    20  dunder.o(i.__mathlib_dbl_infnan)
    __mathlib_dbl_infnan2                    0x08003c1f   Thumb Code    20  dunder.o(i.__mathlib_dbl_infnan2)
    __mathlib_dbl_invalid                    0x08003c39   Thumb Code    24  dunder.o(i.__mathlib_dbl_invalid)
    __mathlib_dbl_underflow                  0x08003c59   Thumb Code    24  dunder.o(i.__mathlib_dbl_underflow)
    __scatterload_copy                       0x08003c79   Thumb Code    14  handlers.o(i.__scatterload_copy)
    __scatterload_null                       0x08003c87   Thumb Code     2  handlers.o(i.__scatterload_null)
    __scatterload_zeroinit                   0x08003c89   Thumb Code    14  handlers.o(i.__scatterload_zeroinit)
    __set_errno                              0x08003c99   Thumb Code     6  errno.o(i.__set_errno)
    abs_limit                                0x08003ca5   Thumb Code    38  pid.o(i.abs_limit)
    acell_filter                             0x08003ccd   Thumb Code   316  bsp_imu.o(i.acell_filter)
    angle_handle                             0x08003e0d   Thumb Code    42  gimbal_task.o(i.angle_handle)
    atan                                     0x08003e49   Thumb Code    16  atan.o(i.atan)
    cali_data_read                           0x08003e59   Thumb Code    10  calibrate.o(i.cali_data_read)
    cali_param_init                          0x08003e6d   Thumb Code    10  calibrate.o(i.cali_param_init)
    can_device_init                          0x08003e85   Thumb Code    52  bsp_can.o(i.can_device_init)
    can_receive_start                        0x08003ec1   Thumb Code     8  bsp_can.o(i.can_receive_start)
    ctrl_limit                               0x08003ecd   Thumb Code    32  gimbal_task.o(i.ctrl_limit)
    dead_band                                0x08003eed   Thumb Code    60  bsp_imu.o(i.dead_band)
    fabs                                     0x08003f29   Thumb Code    24  fabs.o(i.fabs)
    filter                                   0x08003f41   Thumb Code   316  bsp_imu.o(i.filter)
    friction_ctrl                            0x08004081   Thumb Code    34  shoot_task.o(i.friction_ctrl)
    gimbal_task                              0x080040ad   Thumb Code     6  freertos.o(i.gimbal_task)
    i_saturation                             0x080040b5   Thumb Code    48  pid.o(i.i_saturation)
    imu_AHRS_update                          0x080040e9   Thumb Code  1624  imu_k.o(i.imu_AHRS_update)
    imu_device_init                          0x0800475d   Thumb Code    90  bsp_imu.o(i.imu_device_init)
    invSqrt                                  0x080047cd   Thumb Code    40  imu_k.o(i.invSqrt)
    kalman_filter_init                       0x080047f9   Thumb Code   964  ekf.o(i.kalman_filter_init)
    laser_ctrl                               0x08004bcd   Thumb Code    26  shoot_task.o(i.laser_ctrl)
    main                                     0x08004bf1   Thumb Code    66  main.o(i.main)
    mpu_get_data                             0x08004c41   Thumb Code   424  bsp_imu.o(i.mpu_get_data)
    mpu_offset_cal                           0x08004dfd   Thumb Code   368  bsp_imu.o(i.mpu_offset_cal)
    mpu_read_reg                             0x08004f75   Thumb Code    68  bsp_imu.o(i.mpu_read_reg)
    mpu_read_regs                            0x08004fc5   Thumb Code    78  bsp_imu.o(i.mpu_read_regs)
    mpu_write_reg                            0x08005025   Thumb Code    72  bsp_imu.o(i.mpu_write_reg)
    osDelay                                  0x08005079   Thumb Code    14  cmsis_os.o(i.osDelay)
    osDelayUntil                             0x08005087   Thumb Code    14  cmsis_os.o(i.osDelayUntil)
    osKernelStart                            0x08005095   Thumb Code    10  cmsis_os.o(i.osKernelStart)
    osKernelSysTick                          0x0800509f   Thumb Code    24  cmsis_os.o(i.osKernelSysTick)
    osSystickHandler                         0x080050b7   Thumb Code    20  cmsis_os.o(i.osSystickHandler)
    osThreadCreate                           0x080050cb   Thumb Code    46  cmsis_os.o(i.osThreadCreate)
    pid_cal                                  0x080050f9   Thumb Code   290  pid.o(i.pid_cal)
    pid_init                                 0x0800521b   Thumb Code    20  pid.o(i.pid_init)
    pluck_DELTA_pid                          0x0800522f   Thumb Code   120  shoot_task.o(i.pluck_DELTA_pid)
    pvPortMalloc                             0x080055f5   Thumb Code   210  heap_4.o(i.pvPortMalloc)
    pwm_device_init                          0x080056cd   Thumb Code    48  shoot_task.o(i.pwm_device_init)
    pxPortInitialiseStack                    0x08005705   Thumb Code    40  port.o(i.pxPortInitialiseStack)
    reload_ctrl                              0x08005731   Thumb Code    24  shoot_task.o(i.reload_ctrl)
    save_cali_data                           0x08005751   Thumb Code    22  calibrate.o(i.save_cali_data)
    send_gimbal_data                         0x0800576d   Thumb Code    76  bsp_can.o(i.send_gimbal_data)
    shoot_ctrl                               0x080057bd   Thumb Code    36  shoot_task.o(i.shoot_ctrl)
    shoot_task                               0x080057ed   Thumb Code     6  freertos.o(i.shoot_task)
    sqrt                                     0x080057f3   Thumb Code   110  sqrt.o(i.sqrt)
    uxListRemove                             0x08005861   Thumb Code    36  list.o(i.uxListRemove)
    vListInitialise                          0x08005885   Thumb Code    22  list.o(i.vListInitialise)
    vListInitialiseItem                      0x0800589b   Thumb Code     6  list.o(i.vListInitialiseItem)
    vListInsert                              0x080058a1   Thumb Code    48  list.o(i.vListInsert)
    vListInsertEnd                           0x080058d1   Thumb Code    24  list.o(i.vListInsertEnd)
    vPortEnterCritical                       0x080058e9   Thumb Code    54  port.o(i.vPortEnterCritical)
    vPortExitCritical                        0x08005929   Thumb Code    34  port.o(i.vPortExitCritical)
    vPortFree                                0x08005951   Thumb Code    88  heap_4.o(i.vPortFree)
    vPortSetupTimerInterrupt                 0x080059ad   Thumb Code    26  port.o(i.vPortSetupTimerInterrupt)
    vPortValidateInterruptPriority           0x080059cd   Thumb Code    74  port.o(i.vPortValidateInterruptPriority)
    vTaskDelay                               0x08005a21   Thumb Code    66  tasks.o(i.vTaskDelay)
    vTaskDelayUntil                          0x08005a6d   Thumb Code   136  tasks.o(i.vTaskDelayUntil)
    vTaskStartScheduler                      0x08005afd   Thumb Code    86  tasks.o(i.vTaskStartScheduler)
    vTaskSuspendAll                          0x08005b65   Thumb Code    10  tasks.o(i.vTaskSuspendAll)
    vTaskSwitchContext                       0x08005b75   Thumb Code    82  tasks.o(i.vTaskSwitchContext)
    xPortStartScheduler                      0x08005bd1   Thumb Code   208  port.o(i.xPortStartScheduler)
    xPortSysTickHandler                      0x08005cb5   Thumb Code    38  port.o(i.xPortSysTickHandler)
    xTaskCreate                              0x08005ce1   Thumb Code    86  tasks.o(i.xTaskCreate)
    xTaskGetSchedulerState                   0x08005d39   Thumb Code    22  tasks.o(i.xTaskGetSchedulerState)
    xTaskGetTickCount                        0x08005d55   Thumb Code     6  tasks.o(i.xTaskGetTickCount)
    xTaskGetTickCountFromISR                 0x08005d61   Thumb Code    12  tasks.o(i.xTaskGetTickCountFromISR)
    xTaskIncrementTick                       0x08005d71   Thumb Code   192  tasks.o(i.xTaskIncrementTick)
    xTaskResumeAll                           0x08005e39   Thumb Code   182  tasks.o(i.xTaskResumeAll)
    AHBPrescTable                            0x08005f46   Data          16  system_stm32f4xx.o(.constdata)
    __mathlib_zero                           0x08006040   Data           8  qnan.o(.constdata)
    Region$$Table$$Base                      0x0800606c   Number         0  anon$$obj.o(Region$$Table)
    Region$$Table$$Limit                     0x0800608c   Number         0  anon$$obj.o(Region$$Table)
    uwTick                                   0x20000000   Data           4  stm32f4xx_hal.o(.data)
    defaultTaskHandle                        0x20000004   Data           4  freertos.o(.data)
    shootTaskHandle                          0x20000008   Data           4  freertos.o(.data)
    gimbalTaskHandle                         0x2000000c   Data           4  freertos.o(.data)
    pxCurrentTCB                             0x20000034   Data           4  tasks.o(.data)
    mpu_id                                   0x20000072   Data           1  bsp_imu.o(.data)
    gyro_watch                               0x20000074   Data           4  bsp_imu.o(.data)
    b                                        0x20000078   Data          20  bsp_imu.o(.data)
    a                                        0x2000008c   Data          20  bsp_imu.o(.data)
    Ab                                       0x200000a0   Data          20  bsp_imu.o(.data)
    Aa                                       0x200000b4   Data          20  bsp_imu.o(.data)
    TRIGGER_Motor_Data                       0x200000c8   Data           6  bsp_can.o(.data)
    GimbalMotor                              0x200000ce   Data           8  bsp_can.o(.data)
    SectorError                              0x200000d8   Data           4  bsp_flash.o(.data)
    SystemCoreClock                          0x200000dc   Data           4  system_stm32f4xx.o(.data)
    trig_out                                 0x200000e0   Data           4  shoot_task.o(.data)
    shoot_info                               0x200000e4   Data           6  shoot_task.o(.data)
    shoot_position_k                         0x200000ec   Data          12  shoot_task.o(.data)
    shoot_speed_k                            0x200000f8   Data          12  shoot_task.o(.data)
    yaw_status_info                          0x20000108   Data           8  gimbal_task.o(.data)
    pit_status_info                          0x20000110   Data           8  gimbal_task.o(.data)
    pid_param                                0x20000118   Data          20  gimbal_task.o(.data)
    Kp                                       0x2000013c   Data           4  imu_k.o(.data)
    Ki                                       0x20000140   Data           4  imu_k.o(.data)
    halfT                                    0x2000017c   Data           4  imu_k.o(.data)
    pFlash                                   0x20000184   Data          32  stm32f4xx_hal_flash.o(.bss)
    hcan1                                    0x200001a4   Data          68  can.o(.bss)
    hspi3                                    0x200001e8   Data          88  spi.o(.bss)
    htim3                                    0x20000240   Data          60  tim.o(.bss)
    htim4                                    0x2000027c   Data          60  tim.o(.bss)
    mpu_data                                 0x20003fc4   Data          44  bsp_imu.o(.bss)
    imu                                      0x20003ff0   Data          56  bsp_imu.o(.bss)
    gyro_offset_data                         0x20004028   Data         272  bsp_imu.o(.bss)
    gyro_filter_x                            0x20004138   Data          88  bsp_imu.o(.bss)
    gyro_filter_y                            0x20004190   Data          88  bsp_imu.o(.bss)
    gyro_filter_z                            0x200041e8   Data          88  bsp_imu.o(.bss)
    acell_filter_x                           0x20004240   Data          88  bsp_imu.o(.bss)
    acell_filter_y                           0x20004298   Data          88  bsp_imu.o(.bss)
    acell_filter_z                           0x200042f0   Data          88  bsp_imu.o(.bss)
    atti                                     0x20004348   Data          40  bsp_imu.o(.bss)
    pid_pluck_position                       0x200043b0   Data          84  shoot_task.o(.bss)
    pid_pluck_speed                          0x20004404   Data          84  shoot_task.o(.bss)
    pid_yaw_position                         0x20004458   Data          84  gimbal_task.o(.bss)
    pid_yaw_speed                            0x200044ac   Data          84  gimbal_task.o(.bss)
    pid_pit_position                         0x20004500   Data          84  gimbal_task.o(.bss)
    pid_pit_speed                            0x20004554   Data          84  gimbal_task.o(.bss)
    pid_pit_yaw_auto                         0x200045a8   Data          84  gimbal_task.o(.bss)
    pid_pit_pit_aim                          0x200045fc   Data          84  gimbal_task.o(.bss)
    pid_pit_yaw_aim                          0x20004650   Data          84  gimbal_task.o(.bss)
    gimbal_ctrl_info                         0x200046a4   Data          10  gimbal_task.o(.bss)
    pit_ctrl                                 0x200046b0   Data          24  gimbal_task.o(.bss)
    yaw_ctrl                                 0x200046c8   Data          24  gimbal_task.o(.bss)
    Encoder_Pitch_Buff                       0x200046e0   Data          40  gimbal_task.o(.bss)
    Encoder_Pit_Auto_Buff                    0x20004708   Data          40  gimbal_task.o(.bss)
    Encoder_Yaw_Auto_Buff                    0x20004730   Data          40  gimbal_task.o(.bss)
    cali_param                               0x20004758   Data          16  calibrate.o(.bss)
    kalman_filter_init_data                  0x20004768   Data        1396  ekf.o(.bss)
    kalman_filter_auto_aim                   0x20004cdc   Data         124  ekf.o(.bss)
    __initial_sp                             0x20005158   Data           0  startup_stm32f405xx.o(STACK)



==============================================================================

Memory Map of the image

  Image Entry point : 0x08000189

  Load Region LR_IROM1 (Base: 0x08000000, Size: 0x00006210, Max: 0x00100000, ABSOLUTE, COMPRESSED[0x00006108])

    Execution Region ER_IROM1 (Exec base: 0x08000000, Load base: 0x08000000, Size: 0x0000608c, Max: 0x00100000, ABSOLUTE)

    Exec Addr    Load Addr    Size         Type   Attr      Idx    E Section Name        Object

    0x08000000   0x08000000   0x00000188   Data   RO         3972    RESET               startup_stm32f405xx.o
    0x08000188   0x08000188   0x00000000   Code   RO         4841  * .ARM.Collect$$$$00000000  mc_w.l(entry.o)
    0x08000188   0x08000188   0x00000004   Code   RO         4921    .ARM.Collect$$$$00000001  mc_w.l(entry2.o)
    0x0800018c   0x0800018c   0x00000004   Code   RO         4924    .ARM.Collect$$$$00000004  mc_w.l(entry5.o)
    0x08000190   0x08000190   0x00000000   Code   RO         4926    .ARM.Collect$$$$00000008  mc_w.l(entry7b.o)
    0x08000190   0x08000190   0x00000000   Code   RO         4928    .ARM.Collect$$$$0000000A  mc_w.l(entry8b.o)
    0x08000190   0x08000190   0x00000008   Code   RO         4929    .ARM.Collect$$$$0000000B  mc_w.l(entry9a.o)
    0x08000198   0x08000198   0x00000000   Code   RO         4931    .ARM.Collect$$$$0000000D  mc_w.l(entry10a.o)
    0x08000198   0x08000198   0x00000000   Code   RO         4933    .ARM.Collect$$$$0000000F  mc_w.l(entry11a.o)
    0x08000198   0x08000198   0x00000004   Code   RO         4922    .ARM.Collect$$$$00002712  mc_w.l(entry2.o)
    0x0800019c   0x0800019c   0x000000ba   Code   RO         2953    .emb_text           port.o
    0x08000256   0x08000256   0x00000002   PAD
    0x08000258   0x08000258   0x00000024   Code   RO         3973    .text               startup_stm32f405xx.o
    0x0800027c   0x0800027c   0x00000008   Code   RO         4667    .text               arm_cortexM4lf_math.lib(arm_mat_init_f32.o)
    0x08000284   0x08000284   0x00000098   Code   RO         4747    .text               arm_cortexM4lf_math.lib(arm_mat_trans_f32.o)
    0x0800031c   0x0800031c   0x00000062   Code   RO         4844    .text               mc_w.l(uldiv.o)
    0x0800037e   0x0800037e   0x00000024   Code   RO         4846    .text               mc_w.l(memcpya.o)
    0x080003a2   0x080003a2   0x00000024   Code   RO         4848    .text               mc_w.l(memseta.o)
    0x080003c6   0x080003c6   0x0000014e   Code   RO         4852    .text               mf_w.l(dadd.o)
    0x08000514   0x08000514   0x000000e4   Code   RO         4854    .text               mf_w.l(dmul.o)
    0x080005f8   0x080005f8   0x000000de   Code   RO         4856    .text               mf_w.l(ddiv.o)
    0x080006d6   0x080006d6   0x00000022   Code   RO         4858    .text               mf_w.l(dflti.o)
    0x080006f8   0x080006f8   0x0000003e   Code   RO         4860    .text               mf_w.l(dfixi.o)
    0x08000736   0x08000736   0x00000026   Code   RO         4862    .text               mf_w.l(f2d.o)
    0x0800075c   0x0800075c   0x00000030   Code   RO         4864    .text               mf_w.l(cdcmple.o)
    0x0800078c   0x0800078c   0x00000038   Code   RO         4866    .text               mf_w.l(d2f.o)
    0x080007c4   0x080007c4   0x0000001e   Code   RO         4935    .text               mc_w.l(llshl.o)
    0x080007e2   0x080007e2   0x00000020   Code   RO         4937    .text               mc_w.l(llushr.o)
    0x08000802   0x08000802   0x00000024   Code   RO         4939    .text               mc_w.l(llsshr.o)
    0x08000826   0x08000826   0x00000000   Code   RO         4948    .text               mc_w.l(iusefp.o)
    0x08000826   0x08000826   0x0000006e   Code   RO         4949    .text               mf_w.l(fepilogue.o)
    0x08000894   0x08000894   0x000000ba   Code   RO         4951    .text               mf_w.l(depilogue.o)
    0x0800094e   0x0800094e   0x000000a2   Code   RO         4955    .text               mf_w.l(dsqrt.o)
    0x080009f0   0x080009f0   0x00000024   Code   RO         4959    .text               mc_w.l(init.o)
    0x08000a14   0x08000a14   0x00000056   Code   RO         4971    .text               mc_w.l(__dczerorl2.o)
    0x08000a6a   0x08000a6a   0x00000002   PAD
    0x08000a6c   0x08000a6c   0x00000058   Code   RO         4159    i.BSP_FLASH_Write   bsp_flash.o
    0x08000ac4   0x08000ac4   0x00000002   Code   RO         2786    i.BusFault_Handler  stm32f4xx_it.o
    0x08000ac6   0x08000ac6   0x00000002   PAD
    0x08000ac8   0x08000ac8   0x0000000c   Code   RO         2787    i.CAN1_RX0_IRQHandler  stm32f4xx_it.o
    0x08000ad4   0x08000ad4   0x0000000c   Code   RO         2788    i.CAN1_TX_IRQHandler  stm32f4xx_it.o
    0x08000ae0   0x08000ae0   0x00000124   Code   RO            4    i.CAN_Receive_IT    stm32f4xx_hal_can.o
    0x08000c04   0x08000c04   0x00000002   Code   RO         2789    i.DebugMon_Handler  stm32f4xx_it.o
    0x08000c06   0x08000c06   0x00000002   PAD
    0x08000c08   0x08000c08   0x00000050   Code   RO         1677    i.FLASH_Erase_Sector  stm32f4xx_hal_flash_ex.o
    0x08000c58   0x08000c58   0x00000054   Code   RO         1678    i.FLASH_FlushCaches  stm32f4xx_hal_flash_ex.o
    0x08000cac   0x08000cac   0x00000028   Code   RO         1679    i.FLASH_MassErase   stm32f4xx_hal_flash_ex.o
    0x08000cd4   0x08000cd4   0x00000020   Code   RO         1559    i.FLASH_Program_Byte  stm32f4xx_hal_flash.o
    0x08000cf4   0x08000cf4   0x00000028   Code   RO         1560    i.FLASH_Program_DoubleWord  stm32f4xx_hal_flash.o
    0x08000d1c   0x08000d1c   0x00000024   Code   RO         1561    i.FLASH_Program_HalfWord  stm32f4xx_hal_flash.o
    0x08000d40   0x08000d40   0x00000024   Code   RO         1562    i.FLASH_Program_Word  stm32f4xx_hal_flash.o
    0x08000d64   0x08000d64   0x00000068   Code   RO         1563    i.FLASH_SetErrorCode  stm32f4xx_hal_flash.o
    0x08000dcc   0x08000dcc   0x00000050   Code   RO         1564    i.FLASH_WaitForLastOperation  stm32f4xx_hal_flash.o
    0x08000e1c   0x08000e1c   0x000000c4   Code   RO         4160    i.GetSector         bsp_flash.o
    0x08000ee0   0x08000ee0   0x00000428   Code   RO         4311    i.GimbalTask        gimbal_task.o
    0x08001308   0x08001308   0x000000f8   Code   RO            5    i.HAL_CAN_ConfigFilter  stm32f4xx_hal_can.o
    0x08001400   0x08001400   0x00000002   Code   RO            7    i.HAL_CAN_ErrorCallback  stm32f4xx_hal_can.o
    0x08001402   0x08001402   0x00000002   PAD
    0x08001404   0x08001404   0x00000234   Code   RO           10    i.HAL_CAN_IRQHandler  stm32f4xx_hal_can.o
    0x08001638   0x08001638   0x0000014c   Code   RO           11    i.HAL_CAN_Init      stm32f4xx_hal_can.o
    0x08001784   0x08001784   0x0000006c   Code   RO         2573    i.HAL_CAN_MspInit   can.o
    0x080017f0   0x080017f0   0x000000b8   Code   RO           15    i.HAL_CAN_Receive_IT  stm32f4xx_hal_can.o
    0x080018a8   0x080018a8   0x000000c4   Code   RO         4086    i.HAL_CAN_RxCpltCallback  bsp_can.o
    0x0800196c   0x0800196c   0x000001b8   Code   RO           18    i.HAL_CAN_Transmit  stm32f4xx_hal_can.o
    0x08001b24   0x08001b24   0x00000002   Code   RO           20    i.HAL_CAN_TxCpltCallback  stm32f4xx_hal_can.o
    0x08001b26   0x08001b26   0x0000001c   Code   RO         2284    i.HAL_Delay         stm32f4xx_hal.o
    0x08001b42   0x08001b42   0x00000002   PAD
    0x08001b44   0x08001b44   0x00000098   Code   RO         1680    i.HAL_FLASHEx_Erase  stm32f4xx_hal_flash_ex.o
    0x08001bdc   0x08001bdc   0x00000014   Code   RO         1568    i.HAL_FLASH_Lock    stm32f4xx_hal_flash.o
    0x08001bf0   0x08001bf0   0x0000007c   Code   RO         1573    i.HAL_FLASH_Program  stm32f4xx_hal_flash.o
    0x08001c6c   0x08001c6c   0x0000002c   Code   RO         1575    i.HAL_FLASH_Unlock  stm32f4xx_hal_flash.o
    0x08001c98   0x08001c98   0x000001c0   Code   RO         1758    i.HAL_GPIO_Init     stm32f4xx_hal_gpio.o
    0x08001e58   0x08001e58   0x0000000a   Code   RO         1762    i.HAL_GPIO_WritePin  stm32f4xx_hal_gpio.o
    0x08001e62   0x08001e62   0x00000002   PAD
    0x08001e64   0x08001e64   0x0000000c   Code   RO         2290    i.HAL_GetTick       stm32f4xx_hal.o
    0x08001e70   0x08001e70   0x00000010   Code   RO         2292    i.HAL_IncTick       stm32f4xx_hal.o
    0x08001e80   0x08001e80   0x00000034   Code   RO         2293    i.HAL_Init          stm32f4xx_hal.o
    0x08001eb4   0x08001eb4   0x00000028   Code   RO         2294    i.HAL_InitTick      stm32f4xx_hal.o
    0x08001edc   0x08001edc   0x00000084   Code   RO         2862    i.HAL_MspInit       stm32f4xx_hal_msp.o
    0x08001f60   0x08001f60   0x00000016   Code   RO         2147    i.HAL_NVIC_EnableIRQ  stm32f4xx_hal_cortex.o
    0x08001f76   0x08001f76   0x00000002   PAD
    0x08001f78   0x08001f78   0x00000040   Code   RO         2153    i.HAL_NVIC_SetPriority  stm32f4xx_hal_cortex.o
    0x08001fb8   0x08001fb8   0x00000024   Code   RO         2154    i.HAL_NVIC_SetPriorityGrouping  stm32f4xx_hal_cortex.o
    0x08001fdc   0x08001fdc   0x00000130   Code   RO         1416    i.HAL_RCC_ClockConfig  stm32f4xx_hal_rcc.o
    0x0800210c   0x0800210c   0x0000000c   Code   RO         1421    i.HAL_RCC_GetHCLKFreq  stm32f4xx_hal_rcc.o
    0x08002118   0x08002118   0x00000060   Code   RO         1425    i.HAL_RCC_GetSysClockFreq  stm32f4xx_hal_rcc.o
    0x08002178   0x08002178   0x000002e8   Code   RO         1428    i.HAL_RCC_OscConfig  stm32f4xx_hal_rcc.o
    0x08002460   0x08002460   0x00000080   Code   RO          239    i.HAL_SPI_Init      stm32f4xx_hal_spi.o
    0x080024e0   0x080024e0   0x0000004c   Code   RO         2691    i.HAL_SPI_MspInit   spi.o
    0x0800252c   0x0800252c   0x000001ca   Code   RO          248    i.HAL_SPI_TransmitReceive  stm32f4xx_hal_spi.o
    0x080026f6   0x080026f6   0x00000018   Code   RO         2156    i.HAL_SYSTICK_CLKSourceConfig  stm32f4xx_hal_cortex.o
    0x0800270e   0x0800270e   0x00000028   Code   RO         2158    i.HAL_SYSTICK_Config  stm32f4xx_hal_cortex.o
    0x08002736   0x08002736   0x00000050   Code   RO         1193    i.HAL_TIMEx_MasterConfigSynchronization  stm32f4xx_hal_tim_ex.o
    0x08002786   0x08002786   0x00000002   PAD
    0x08002788   0x08002788   0x00000050   Code   RO         2732    i.HAL_TIM_MspPostInit  tim.o
    0x080027d8   0x080027d8   0x000000d0   Code   RO          613    i.HAL_TIM_PWM_ConfigChannel  stm32f4xx_hal_tim.o
    0x080028a8   0x080028a8   0x00000036   Code   RO          616    i.HAL_TIM_PWM_Init  stm32f4xx_hal_tim.o
    0x080028de   0x080028de   0x00000002   PAD
    0x080028e0   0x080028e0   0x00000040   Code   RO         2734    i.HAL_TIM_PWM_MspInit  tim.o
    0x08002920   0x08002920   0x00000038   Code   RO          620    i.HAL_TIM_PWM_Start  stm32f4xx_hal_tim.o
    0x08002958   0x08002958   0x00000002   Code   RO         2790    i.HardFault_Handler  stm32f4xx_it.o
    0x0800295a   0x0800295a   0x00000002   PAD
    0x0800295c   0x0800295c   0x0000005c   Code   RO         2574    i.MX_CAN1_Init      can.o
    0x080029b8   0x080029b8   0x00000054   Code   RO         2614    i.MX_FREERTOS_Init  freertos.o
    0x08002a0c   0x08002a0c   0x000000c4   Code   RO         2548    i.MX_GPIO_Init      gpio.o
    0x08002ad0   0x08002ad0   0x00000058   Code   RO         2692    i.MX_SPI3_Init      spi.o
    0x08002b28   0x08002b28   0x00000098   Code   RO         2735    i.MX_TIM3_Init      tim.o
    0x08002bc0   0x08002bc0   0x0000009c   Code   RO         2736    i.MX_TIM4_Init      tim.o
    0x08002c5c   0x08002c5c   0x00000002   Code   RO         2791    i.MemManage_Handler  stm32f4xx_it.o
    0x08002c5e   0x08002c5e   0x00000002   PAD
    0x08002c60   0x08002c60   0x000000c0   Code   RO         4312    i.MovingAverageForAuto  gimbal_task.o
    0x08002d20   0x08002d20   0x00000088   Code   RO         4313    i.MovingAverageForPitch  gimbal_task.o
    0x08002da8   0x08002da8   0x00000002   Code   RO         2792    i.NMI_Handler       stm32f4xx_it.o
    0x08002daa   0x08002daa   0x00000020   Code   RO         2160    i.NVIC_SetPriority  stm32f4xx_hal_cortex.o
    0x08002dca   0x08002dca   0x00000020   Code   RO          263    i.SPI_CheckFlag_BSY  stm32f4xx_hal_spi.o
    0x08002dea   0x08002dea   0x00000096   Code   RO          281    i.SPI_WaitFlagStateUntilTimeout  stm32f4xx_hal_spi.o
    0x08002e80   0x08002e80   0x0000006c   Code   RO         4232    i.ShootTask         shoot_task.o
    0x08002eec   0x08002eec   0x00000008   Code   RO         2615    i.StartDefaultTask  freertos.o
    0x08002ef4   0x08002ef4   0x0000000e   Code   RO         2793    i.SysTick_Handler   stm32f4xx_it.o
    0x08002f02   0x08002f02   0x00000002   PAD
    0x08002f04   0x08002f04   0x000000a0   Code   RO         2430    i.SystemClock_Config  main.o
    0x08002fa4   0x08002fa4   0x00000054   Code   RO         4195    i.SystemInit        system_stm32f4xx.o
    0x08002ff8   0x08002ff8   0x000000c0   Code   RO          631    i.TIM_Base_SetConfig  stm32f4xx_hal_tim.o
    0x080030b8   0x080030b8   0x00000016   Code   RO          632    i.TIM_CCxChannelCmd  stm32f4xx_hal_tim.o
    0x080030ce   0x080030ce   0x00000002   PAD
    0x080030d0   0x080030d0   0x00000058   Code   RO          640    i.TIM_OC1_SetConfig  stm32f4xx_hal_tim.o
    0x08003128   0x08003128   0x00000064   Code   RO          641    i.TIM_OC2_SetConfig  stm32f4xx_hal_tim.o
    0x0800318c   0x0800318c   0x00000060   Code   RO          642    i.TIM_OC3_SetConfig  stm32f4xx_hal_tim.o
    0x080031ec   0x080031ec   0x00000050   Code   RO          643    i.TIM_OC4_SetConfig  stm32f4xx_hal_tim.o
    0x0800323c   0x0800323c   0x00000002   Code   RO         2794    i.UsageFault_Handler  stm32f4xx_it.o
    0x0800323e   0x0800323e   0x00000002   Code   RO         2431    i._Error_Handler    main.o
    0x08003240   0x08003240   0x00000030   Code   RO         4905    i.__ARM_fpclassify  m_wm.l(fpclassify.o)
    0x08003270   0x08003270   0x00000360   Code   RO         4765    i.__hardfp_asin     m_wm.l(asin.o)
    0x080035d0   0x080035d0   0x000002d8   Code   RO         4868    i.__hardfp_atan     m_wm.l(atan.o)
    0x080038a8   0x080038a8   0x000001f0   Code   RO         4779    i.__hardfp_atan2    m_wm.l(atan2.o)
    0x08003a98   0x08003a98   0x0000007a   Code   RO         4829    i.__hardfp_sqrt     m_wm.l(sqrt.o)
    0x08003b12   0x08003b12   0x000000f8   Code   RO         4907    i.__kernel_poly     m_wm.l(poly.o)
    0x08003c0a   0x08003c0a   0x00000014   Code   RO         4886    i.__mathlib_dbl_infnan  m_wm.l(dunder.o)
    0x08003c1e   0x08003c1e   0x00000014   Code   RO         4887    i.__mathlib_dbl_infnan2  m_wm.l(dunder.o)
    0x08003c32   0x08003c32   0x00000006   PAD
    0x08003c38   0x08003c38   0x00000020   Code   RO         4888    i.__mathlib_dbl_invalid  m_wm.l(dunder.o)
    0x08003c58   0x08003c58   0x00000020   Code   RO         4891    i.__mathlib_dbl_underflow  m_wm.l(dunder.o)
    0x08003c78   0x08003c78   0x0000000e   Code   RO         4965    i.__scatterload_copy  mc_w.l(handlers.o)
    0x08003c86   0x08003c86   0x00000002   Code   RO         4966    i.__scatterload_null  mc_w.l(handlers.o)
    0x08003c88   0x08003c88   0x0000000e   Code   RO         4967    i.__scatterload_zeroinit  mc_w.l(handlers.o)
    0x08003c96   0x08003c96   0x00000002   PAD
    0x08003c98   0x08003c98   0x0000000c   Code   RO         4943    i.__set_errno       mc_w.l(errno.o)
    0x08003ca4   0x08003ca4   0x00000026   Code   RO         4424    i.abs_limit         pid.o
    0x08003cca   0x08003cca   0x00000002   PAD
    0x08003ccc   0x08003ccc   0x00000140   Code   RO         3980    i.acell_filter      bsp_imu.o
    0x08003e0c   0x08003e0c   0x0000003c   Code   RO         4314    i.angle_handle      gimbal_task.o
    0x08003e48   0x08003e48   0x00000010   Code   RO         4870    i.atan              m_wm.l(atan.o)
    0x08003e58   0x08003e58   0x00000014   Code   RO         4465    i.cali_data_read    calibrate.o
    0x08003e6c   0x08003e6c   0x00000018   Code   RO         4466    i.cali_param_init   calibrate.o
    0x08003e84   0x08003e84   0x0000003c   Code   RO         4087    i.can_device_init   bsp_can.o
    0x08003ec0   0x08003ec0   0x0000000c   Code   RO         4088    i.can_receive_start  bsp_can.o
    0x08003ecc   0x08003ecc   0x00000020   Code   RO         4315    i.ctrl_limit        gimbal_task.o
    0x08003eec   0x08003eec   0x0000003c   Code   RO         3981    i.dead_band         bsp_imu.o
    0x08003f28   0x08003f28   0x00000018   Code   RO         4901    i.fabs              m_wm.l(fabs.o)
    0x08003f40   0x08003f40   0x00000140   Code   RO         3982    i.filter            bsp_imu.o
    0x08004080   0x08004080   0x0000002c   Code   RO         4234    i.friction_ctrl     shoot_task.o
    0x080040ac   0x080040ac   0x00000006   Code   RO         2616    i.gimbal_task       freertos.o
    0x080040b2   0x080040b2   0x00000002   PAD
    0x080040b4   0x080040b4   0x00000034   Code   RO         4425    i.i_saturation      pid.o
    0x080040e8   0x080040e8   0x00000674   Code   RO         4385    i.imu_AHRS_update   imu_k.o
    0x0800475c   0x0800475c   0x00000064   Code   RO         3983    i.imu_device_init   bsp_imu.o
    0x080047c0   0x080047c0   0x0000000c   Code   RO         3595    i.inHandlerMode     cmsis_os.o
    0x080047cc   0x080047cc   0x0000002c   Code   RO         4387    i.invSqrt           imu_k.o
    0x080047f8   0x080047f8   0x000003d4   Code   RO         4512    i.kalman_filter_init  ekf.o
    0x08004bcc   0x08004bcc   0x00000024   Code   RO         4235    i.laser_ctrl        shoot_task.o
    0x08004bf0   0x08004bf0   0x00000042   Code   RO         2432    i.main              main.o
    0x08004c32   0x08004c32   0x0000000c   Code   RO         3597    i.makeFreeRtosPriority  cmsis_os.o
    0x08004c3e   0x08004c3e   0x00000002   PAD
    0x08004c40   0x08004c40   0x000001bc   Code   RO         3984    i.mpu_get_data      bsp_imu.o
    0x08004dfc   0x08004dfc   0x00000178   Code   RO         3985    i.mpu_offset_cal    bsp_imu.o
    0x08004f74   0x08004f74   0x00000050   Code   RO         3986    i.mpu_read_reg      bsp_imu.o
    0x08004fc4   0x08004fc4   0x00000060   Code   RO         3987    i.mpu_read_regs     bsp_imu.o
    0x08005024   0x08005024   0x00000054   Code   RO         3988    i.mpu_write_reg     bsp_imu.o
    0x08005078   0x08005078   0x0000000e   Code   RO         3599    i.osDelay           cmsis_os.o
    0x08005086   0x08005086   0x0000000e   Code   RO         3600    i.osDelayUntil      cmsis_os.o
    0x08005094   0x08005094   0x0000000a   Code   RO         3602    i.osKernelStart     cmsis_os.o
    0x0800509e   0x0800509e   0x00000018   Code   RO         3603    i.osKernelSysTick   cmsis_os.o
    0x080050b6   0x080050b6   0x00000014   Code   RO         3635    i.osSystickHandler  cmsis_os.o
    0x080050ca   0x080050ca   0x0000002e   Code   RO         3636    i.osThreadCreate    cmsis_os.o
    0x080050f8   0x080050f8   0x00000122   Code   RO         4426    i.pid_cal           pid.o
    0x0800521a   0x0800521a   0x00000014   Code   RO         4427    i.pid_init          pid.o
    0x0800522e   0x0800522e   0x00000078   Code   RO         4236    i.pluck_DELTA_pid   shoot_task.o
    0x080052a6   0x080052a6   0x00000002   PAD
    0x080052a8   0x080052a8   0x00000070   Code   RO         3296    i.prvAddCurrentTaskToDelayedList  tasks.o
    0x08005318   0x08005318   0x000000d0   Code   RO         3297    i.prvAddNewTaskToReadyList  tasks.o
    0x080053e8   0x080053e8   0x00000054   Code   RO         3298    i.prvCheckTasksWaitingTermination  tasks.o
    0x0800543c   0x0800543c   0x00000014   Code   RO         3299    i.prvDeleteTCB      tasks.o
    0x08005450   0x08005450   0x0000004c   Code   RO         2883    i.prvHeapInit       heap_4.o
    0x0800549c   0x0800549c   0x00000028   Code   RO         3300    i.prvIdleTask       tasks.o
    0x080054c4   0x080054c4   0x0000009c   Code   RO         3301    i.prvInitialiseNewTask  tasks.o
    0x08005560   0x08005560   0x0000004c   Code   RO         2884    i.prvInsertBlockIntoFreeList  heap_4.o
    0x080055ac   0x080055ac   0x00000020   Code   RO         3302    i.prvResetNextTaskUnblockTime  tasks.o
    0x080055cc   0x080055cc   0x00000028   Code   RO         2954    i.prvTaskExitError  port.o
    0x080055f4   0x080055f4   0x000000d8   Code   RO         2885    i.pvPortMalloc      heap_4.o
    0x080056cc   0x080056cc   0x00000038   Code   RO         4237    i.pwm_device_init   shoot_task.o
    0x08005704   0x08005704   0x0000002c   Code   RO         2955    i.pxPortInitialiseStack  port.o
    0x08005730   0x08005730   0x00000020   Code   RO         4238    i.reload_ctrl       shoot_task.o
    0x08005750   0x08005750   0x0000001c   Code   RO         4467    i.save_cali_data    calibrate.o
    0x0800576c   0x0800576c   0x00000050   Code   RO         4089    i.send_gimbal_data  bsp_can.o
    0x080057bc   0x080057bc   0x00000030   Code   RO         4239    i.shoot_ctrl        shoot_task.o
    0x080057ec   0x080057ec   0x00000006   Code   RO         2617    i.shoot_task        freertos.o
    0x080057f2   0x080057f2   0x0000006e   Code   RO         4831    i.sqrt              m_wm.l(sqrt.o)
    0x08005860   0x08005860   0x00000024   Code   RO         3119    i.uxListRemove      list.o
    0x08005884   0x08005884   0x00000016   Code   RO         3120    i.vListInitialise   list.o
    0x0800589a   0x0800589a   0x00000006   Code   RO         3121    i.vListInitialiseItem  list.o
    0x080058a0   0x080058a0   0x00000030   Code   RO         3122    i.vListInsert       list.o
    0x080058d0   0x080058d0   0x00000018   Code   RO         3123    i.vListInsertEnd    list.o
    0x080058e8   0x080058e8   0x00000040   Code   RO         2957    i.vPortEnterCritical  port.o
    0x08005928   0x08005928   0x00000028   Code   RO         2958    i.vPortExitCritical  port.o
    0x08005950   0x08005950   0x0000005c   Code   RO         2886    i.vPortFree         heap_4.o
    0x080059ac   0x080059ac   0x00000020   Code   RO         2959    i.vPortSetupTimerInterrupt  port.o
    0x080059cc   0x080059cc   0x00000054   Code   RO         2960    i.vPortValidateInterruptPriority  port.o
    0x08005a20   0x08005a20   0x0000004c   Code   RO         3311    i.vTaskDelay        tasks.o
    0x08005a6c   0x08005a6c   0x00000090   Code   RO         3312    i.vTaskDelayUntil   tasks.o
    0x08005afc   0x08005afc   0x00000068   Code   RO         3323    i.vTaskStartScheduler  tasks.o
    0x08005b64   0x08005b64   0x00000010   Code   RO         3325    i.vTaskSuspendAll   tasks.o
    0x08005b74   0x08005b74   0x0000005c   Code   RO         3326    i.vTaskSwitchContext  tasks.o
    0x08005bd0   0x08005bd0   0x000000e4   Code   RO         2961    i.xPortStartScheduler  port.o
    0x08005cb4   0x08005cb4   0x0000002c   Code   RO         2962    i.xPortSysTickHandler  port.o
    0x08005ce0   0x08005ce0   0x00000056   Code   RO         3328    i.xTaskCreate       tasks.o
    0x08005d36   0x08005d36   0x00000002   PAD
    0x08005d38   0x08005d38   0x0000001c   Code   RO         3332    i.xTaskGetSchedulerState  tasks.o
    0x08005d54   0x08005d54   0x0000000c   Code   RO         3333    i.xTaskGetTickCount  tasks.o
    0x08005d60   0x08005d60   0x00000010   Code   RO         3334    i.xTaskGetTickCountFromISR  tasks.o
    0x08005d70   0x08005d70   0x000000c8   Code   RO         3335    i.xTaskIncrementTick  tasks.o
    0x08005e38   0x08005e38   0x000000c4   Code   RO         3341    i.xTaskResumeAll    tasks.o
    0x08005efc   0x08005efc   0x0000003c   Data   RO         2618    .constdata          freertos.o
    0x08005f38   0x08005f38   0x0000000e   Data   RO         3991    .constdata          bsp_imu.o
    0x08005f46   0x08005f46   0x00000010   Data   RO         4196    .constdata          system_stm32f4xx.o
    0x08005f56   0x08005f56   0x00000002   PAD
    0x08005f58   0x08005f58   0x00000050   Data   RO         4768    .constdata          m_wm.l(asin.o)
    0x08005fa8   0x08005fa8   0x00000098   Data   RO         4871    .constdata          m_wm.l(atan.o)
    0x08006040   0x08006040   0x00000008   Data   RO         4909    .constdata          m_wm.l(qnan.o)
    0x08006048   0x08006048   0x00000022   Data   RO         2619    .conststring        freertos.o
    0x0800606a   0x0800606a   0x00000002   PAD
    0x0800606c   0x0800606c   0x00000020   Data   RO         4963    Region$$Table       anon$$obj.o


    Execution Region RW_IRAM1 (Exec base: 0x20000000, Load base: 0x0800608c, Size: 0x00005158, Max: 0x00020000, ABSOLUTE, COMPRESSED[0x0000007c])

    Exec Addr    Load Addr    Size         Type   Attr      Idx    E Section Name        Object

    0x20000000   COMPRESSED   0x00000004   Data   RW         2299    .data               stm32f4xx_hal.o
    0x20000004   COMPRESSED   0x0000000c   Data   RW         2621    .data               freertos.o
    0x20000010   COMPRESSED   0x00000018   Data   RW         2891    .data               heap_4.o
    0x20000028   COMPRESSED   0x0000000c   Data   RW         2963    .data               port.o
    0x20000034   COMPRESSED   0x0000003c   Data   RW         3344    .data               tasks.o
    0x20000070   COMPRESSED   0x00000058   Data   RW         3992    .data               bsp_imu.o
    0x200000c8   COMPRESSED   0x0000000e   Data   RW         4092    .data               bsp_can.o
    0x200000d6   COMPRESSED   0x00000002   PAD
    0x200000d8   COMPRESSED   0x00000004   Data   RW         4161    .data               bsp_flash.o
    0x200000dc   COMPRESSED   0x00000004   Data   RW         4198    .data               system_stm32f4xx.o
    0x200000e0   COMPRESSED   0x00000024   Data   RW         4241    .data               shoot_task.o
    0x20000104   COMPRESSED   0x00000028   Data   RW         4318    .data               gimbal_task.o
    0x2000012c   COMPRESSED   0x00000054   Data   RW         4388    .data               imu_k.o
    0x20000180   COMPRESSED   0x00000004   Data   RW         4944    .data               mc_w.l(errno.o)
    0x20000184        -       0x00000020   Zero   RW         1576    .bss                stm32f4xx_hal_flash.o
    0x200001a4        -       0x00000044   Zero   RW         2575    .bss                can.o
    0x200001e8        -       0x00000058   Zero   RW         2693    .bss                spi.o
    0x20000240        -       0x00000078   Zero   RW         2737    .bss                tim.o
    0x200002b8        -       0x00003c00   Zero   RW         2890    .bss                heap_4.o
    0x20003eb8        -       0x000000f0   Zero   RW         3343    .bss                tasks.o
    0x20003fa8        -       0x000003a0   Zero   RW         3989    .bss                bsp_imu.o
    0x20004348        -       0x00000028   Zero   RW         3990    .bss                bsp_imu.o
    0x20004370        -       0x00000040   Zero   RW         4091    .bss                bsp_can.o
    0x200043b0        -       0x000000a8   Zero   RW         4240    .bss                shoot_task.o
    0x20004458        -       0x00000300   Zero   RW         4317    .bss                gimbal_task.o
    0x20004758        -       0x00000010   Zero   RW         4468    .bss                calibrate.o
    0x20004768        -       0x00000574   Zero   RW         4513    .bss                ekf.o
    0x20004cdc        -       0x0000007c   Zero   RW         4514    .bss                ekf.o
    0x20004d58        -       0x00000400   Zero   RW         3970    STACK               startup_stm32f405xx.o


==============================================================================

Image component sizes


      Code (inc. data)   RO Data    RW Data    ZI Data      Debug   Object Name

       348         28          0         14         64       4743   bsp_can.o
       284         52          0          4          0       2220   bsp_flash.o
      1880         88         14         88        968      22606   bsp_imu.o
        72         30          0          0         16       2585   calibrate.o
       200         36          0          0         68       1641   can.o
       152          0          0          0          0      16765   cmsis_os.o
       980         16          0          0       1520       3638   ekf.o
         0          0          0          0          0       8064   event_groups.o
       104         10         94         12          0       6473   freertos.o
      1484        150          0         40        768       5843   gimbal_task.o
       196         18          0          0          0        971   gpio.o
       460         24          0         24      15360       8915   heap_4.o
      1696         46          0         84          0       3030   imu_k.o
       136          0          0          0          0       3566   list.o
       228         10          0          0          0      19441   main.o
       400          4          0          0          0       2926   pid.o
       762         82          0         12          0      11953   port.o
       444         66          0         36        168       5228   shoot_task.o
       164         36          0          0         88       1625   spi.o
        36          8        392          0       1024        808   startup_stm32f405xx.o
       148         22          0          4          0       4423   stm32f4xx_hal.o
      2064         32          0          0          0     646820   stm32f4xx_hal_can.o
       218         14          0          0          0      31029   stm32f4xx_hal_cortex.o
       516         66          0          0         32       6634   stm32f4xx_hal_flash.o
       356         24          0          0          0       4042   stm32f4xx_hal_flash_ex.o
       458         46          0          0          0       2548   stm32f4xx_hal_gpio.o
       132          6          0          0          0        918   stm32f4xx_hal_msp.o
      1156         56          0          0          0       4486   stm32f4xx_hal_rcc.o
       768          0          0          0          0       4413   stm32f4xx_hal_spi.o
       896         88          0          0          0       8296   stm32f4xx_hal_tim.o
        80          0          0          0          0       1300   stm32f4xx_hal_tim_ex.o
        50         12          0          0          0       4182   stm32f4xx_it.o
        84         18         16          4          0       1171   system_stm32f4xx.o
      1622        140          0         60        240      18684   tasks.o
       452         80          0          0        120       2972   tim.o

    ----------------------------------------------------------------------
     19062       1308        552        384      20436     874959   Object Totals
         0          0         32          0          0          0   (incl. Generated)
        36          0          4          2          0          0   (incl. Padding)

    ----------------------------------------------------------------------

      Code (inc. data)   RO Data    RW Data    ZI Data      Debug   Library Member Name

         0          0          0          0          0      15188   arm_cos_f32.o
         8          0          0          0          0        779   arm_mat_init_f32.o
       152          0          0          0          0       1172   arm_mat_trans_f32.o
       864         94         80          0          0        280   asin.o
       744        106        152          0          0        352   atan.o
       496         64          0          0          0        192   atan2.o
       104         16          0          0          0        496   dunder.o
        24          0          0          0          0        124   fabs.o
        48          0          0          0          0        124   fpclassify.o
       248          0          0          0          0        152   poly.o
         0          0          8          0          0          0   qnan.o
       232          0          0          0          0        296   sqrt.o
        86          0          0          0          0          0   __dczerorl2.o
         0          0          0          0          0          0   entry.o
         0          0          0          0          0          0   entry10a.o
         0          0          0          0          0          0   entry11a.o
         8          4          0          0          0          0   entry2.o
         4          0          0          0          0          0   entry5.o
         0          0          0          0          0          0   entry7b.o
         0          0          0          0          0          0   entry8b.o
         8          4          0          0          0          0   entry9a.o
        12          6          0          4          0         68   errno.o
        30          0          0          0          0          0   handlers.o
        36          8          0          0          0         68   init.o
         0          0          0          0          0          0   iusefp.o
        30          0          0          0          0         68   llshl.o
        36          0          0          0          0         68   llsshr.o
        32          0          0          0          0         68   llushr.o
        36          0          0          0          0         68   memcpya.o
        36          0          0          0          0        108   memseta.o
        98          0          0          0          0         92   uldiv.o
        48          0          0          0          0         68   cdcmple.o
        56          0          0          0          0         88   d2f.o
       334          0          0          0          0        148   dadd.o
       222          0          0          0          0        100   ddiv.o
       186          0          0          0          0        176   depilogue.o
        62          0          0          0          0         80   dfixi.o
        34          0          0          0          0         76   dflti.o
       228          0          0          0          0         96   dmul.o
       162          0          0          0          0        100   dsqrt.o
        38          0          0          0          0         68   f2d.o
       110          0          0          0          0        168   fepilogue.o

    ----------------------------------------------------------------------
      4862        302        240          4          0      20931   Library Totals
        10          0          0          0          0          0   (incl. Padding)

    ----------------------------------------------------------------------

      Code (inc. data)   RO Data    RW Data    ZI Data      Debug   Library Name

       160          0          0          0          0      17139   arm_cortexM4lf_math.lib
      2760        280        240          0          0       2016   m_wm.l
       452         22          0          4          0        608   mc_w.l
      1480          0          0          0          0       1168   mf_w.l

    ----------------------------------------------------------------------
      4862        302        240          4          0      20931   Library Totals

    ----------------------------------------------------------------------

==============================================================================


      Code (inc. data)   RO Data    RW Data    ZI Data      Debug   

     23924       1610        792        388      20436     879342   Grand Totals
     23924       1610        792        124      20436     879342   ELF Image Totals (compressed)
     23924       1610        792        124          0          0   ROM Totals

==============================================================================

    Total RO  Size (Code + RO Data)                24716 (  24.14kB)
    Total RW  Size (RW Data + ZI Data)             20824 (  20.34kB)
    Total ROM Size (Code + RO Data + RW Data)      24840 (  24.26kB)

==============================================================================

