<html>
<body>
<pre>
<h1>µVision Build Log</h1>
<h2>Tool Versions:</h2>
IDE-Version: ¦ÌVision V5.24.2.0
Copyright (C) 2017 ARM Ltd and ARM Germany GmbH. All rights reserved.
License Information: Ruiqi Jiang, 1, LIC=03C6R-K4JZN-EVM1R-K7WTJ-L62JP-71QZK
 
Tool Versions:
Toolchain:       MDK-ARM Plus  Version: 5.24.1
Toolchain Path:  D:\Keil_v5\ARM\ARMCC\Bin
C Compiler:      Armcc.exe V5.06 update 5 (build 528)
Assembler:       Armasm.exe V5.06 update 5 (build 528)
Linker/Locator:  ArmLink.exe V5.06 update 5 (build 528)
Library Manager: ArmAr.exe V5.06 update 5 (build 528)
Hex Converter:   FromElf.exe V5.06 update 5 (build 528)
CPU DLL:         SARMCM3.DLL V5.24.1
Dialog DLL:      DCM.DLL V1.16.0.0
Target DLL:      STLink\ST-LINKIII-KEIL_SWO.dll V3.0.1.0
Dialog DLL:      TCM.DLL V1.32.0.0
 
<h2>Project:</h2>
D:\infantry\RM_Gimbal_V2.1_no.3_infantry\MDK-ARM\Gyro(F4_V1.0).uvprojx
Project File Date:  06/29/2022

<h2>Output:</h2>
*** Using Compiler 'V5.06 update 5 (build 528)', folder: 'D:\Keil_v5\ARM\ARMCC\Bin'
Build target 'Gyro(F4_V1.0)'
compiling stm32f4xx_hal_flash_ex.c...
compiling stm32f4xx_hal_flash_ramfunc.c...
compiling stm32f4xx_hal_dma.c...
compiling stm32f4xx_hal_can.c...
compiling stm32f4xx_hal_pwr_ex.c...
compiling stm32f4xx_hal_dma_ex.c...
compiling stm32f4xx_hal_rcc_ex.c...
compiling stm32f4xx_hal_tim_ex.c...
compiling stm32f4xx_hal_cortex.c...
compiling stm32f4xx_hal_spi.c...
compiling heap_4.c...
compiling stm32f4xx_hal_pwr.c...
compiling croutine.c...
compiling port.c...
compiling stm32f4xx_hal_gpio.c...
compiling stm32f4xx_hal_tim.c...
compiling event_groups.c...
compiling list.c...
compiling stm32f4xx_hal_flash.c...
compiling queue.c...
compiling timers.c...
compiling stm32f4xx_hal_rcc.c...
compiling tasks.c...
assembling startup_stm32f405xx.s...
compiling cmsis_os.c...
compiling tim.c...
compiling shoot_task.c...
compiling system_stm32f4xx.c...
compiling stm32f4xx_hal_msp.c...
compiling gpio.c...
compiling freertos.c...
compiling stm32f4xx_hal.c...
compiling can.c...
compiling main.c...
compiling spi.c...
compiling bsp_imu.c...
compiling bsp_can.c...
compiling pid.c...
compiling stm32f4xx_it.c...
compiling bsp_flash.c...
compiling imu_k.c...
compiling EKF.c...
myFunction\EKF.c(49): warning:  #1035-D: single-precision operand implicitly converted to double-precision
  		if (fabsf(dh) < 0.001)
myFunction\EKF.c: 1 warning, 0 errors
compiling gimbal_task.c...
compiling calibrate.c...
linking...
Program Size: Code=23924 RO-data=792 RW-data=388 ZI-data=20436  
FromELF: creating hex file...
"Gyro(F4_V1.0)\Gyro(F4_V1.0).axf" - 0 Error(s), 1 Warning(s).

<h2>Software Packages used:</h2>

Package Vendor: ARM
                http://www.keil.com/pack/ARM.CMSIS.5.0.1.pack
                ARM.CMSIS.5.0.1
                CMSIS (Cortex Microcontroller Software Interface Standard)
   * Component: CORE Version: 5.0.1

Package Vendor: Keil
                http://www.keil.com/pack/Keil.STM32F4xx_DFP.2.5.0.pack
                Keil.STM32F4xx_DFP.2.5.0
                STMicroelectronics STM32F4 Series Device Support, Drivers and Examples

<h2>Collection of Component include folders:</h2>
  .\RTE\_Gyro_F4_V1.0_
  D:\Keil_v5\ARM\PACK\ARM\CMSIS\5.0.1\CMSIS\Include
  D:\Keil_v5\ARM\PACK\Keil\STM32F4xx_DFP\2.5.0\Drivers\CMSIS\Device\ST\STM32F4xx\Include

<h2>Collection of Component Files used:</h2>

   * Component: ARM::CMSIS:CORE:5.0.1
Build Time Elapsed:  00:00:13
</pre>
</body>
</html>
