Component: ARM Compiler 5.06 update 5 (build 528) Tool: armlink [4d35e2]

==============================================================================

Section Cross References

    startup_stm32f427xx.o(RESET) refers to startup_stm32f427xx.o(STACK) for __initial_sp
    startup_stm32f427xx.o(RESET) refers to startup_stm32f427xx.o(.text) for Reset_Handler
    startup_stm32f427xx.o(RESET) refers to stm32f4xx_it.o(i.NMI_Handler) for NMI_Handler
    startup_stm32f427xx.o(RESET) refers to stm32f4xx_it.o(i.HardFault_Handler) for HardFault_Handler
    startup_stm32f427xx.o(RESET) refers to stm32f4xx_it.o(i.MemManage_Handler) for MemManage_Handler
    startup_stm32f427xx.o(RESET) refers to stm32f4xx_it.o(i.BusFault_Handler) for BusFault_Handler
    startup_stm32f427xx.o(RESET) refers to stm32f4xx_it.o(i.UsageFault_Handler) for UsageFault_Handler
    startup_stm32f427xx.o(RESET) refers to port.o(.emb_text) for SVC_Handler
    startup_stm32f427xx.o(RESET) refers to stm32f4xx_it.o(i.DebugMon_Handler) for DebugMon_Handler
    startup_stm32f427xx.o(RESET) refers to stm32f4xx_it.o(i.SysTick_Handler) for SysTick_Handler
    startup_stm32f427xx.o(RESET) refers to stm32f4xx_it.o(i.DMA1_Stream1_IRQHandler) for DMA1_Stream1_IRQHandler
    startup_stm32f427xx.o(RESET) refers to stm32f4xx_it.o(i.DMA1_Stream3_IRQHandler) for DMA1_Stream3_IRQHandler
    startup_stm32f427xx.o(RESET) refers to stm32f4xx_it.o(i.DMA1_Stream5_IRQHandler) for DMA1_Stream5_IRQHandler
    startup_stm32f427xx.o(RESET) refers to stm32f4xx_it.o(i.DMA1_Stream6_IRQHandler) for DMA1_Stream6_IRQHandler
    startup_stm32f427xx.o(RESET) refers to stm32f4xx_it.o(i.CAN1_TX_IRQHandler) for CAN1_TX_IRQHandler
    startup_stm32f427xx.o(RESET) refers to stm32f4xx_it.o(i.CAN1_RX0_IRQHandler) for CAN1_RX0_IRQHandler
    startup_stm32f427xx.o(RESET) refers to stm32f4xx_it.o(i.USART1_IRQHandler) for USART1_IRQHandler
    startup_stm32f427xx.o(RESET) refers to stm32f4xx_it.o(i.USART2_IRQHandler) for USART2_IRQHandler
    startup_stm32f427xx.o(RESET) refers to stm32f4xx_it.o(i.USART3_IRQHandler) for USART3_IRQHandler
    startup_stm32f427xx.o(RESET) refers to stm32f4xx_it.o(i.DMA2_Stream1_IRQHandler) for DMA2_Stream1_IRQHandler
    startup_stm32f427xx.o(RESET) refers to stm32f4xx_it.o(i.DMA2_Stream2_IRQHandler) for DMA2_Stream2_IRQHandler
    startup_stm32f427xx.o(RESET) refers to stm32f4xx_it.o(i.CAN2_TX_IRQHandler) for CAN2_TX_IRQHandler
    startup_stm32f427xx.o(RESET) refers to stm32f4xx_it.o(i.CAN2_RX0_IRQHandler) for CAN2_RX0_IRQHandler
    startup_stm32f427xx.o(RESET) refers to stm32f4xx_it.o(i.DMA2_Stream6_IRQHandler) for DMA2_Stream6_IRQHandler
    startup_stm32f427xx.o(RESET) refers to stm32f4xx_it.o(i.USART6_IRQHandler) for USART6_IRQHandler
    startup_stm32f427xx.o(.text) refers to system_stm32f4xx.o(i.SystemInit) for SystemInit
    startup_stm32f427xx.o(.text) refers to entry.o(.ARM.Collect$$$$00000000) for __main
    chassis_task.o(i.ChassisTask) refers to pid.o(i.pid_init) for pid_init
    chassis_task.o(i.ChassisTask) refers to cmsis_os.o(i.osKernelSysTick) for osKernelSysTick
    chassis_task.o(i.ChassisTask) refers to chassis_task.o(i.silence_check) for silence_check
    chassis_task.o(i.ChassisTask) refers to chassis_task.o(i.motion_solution) for motion_solution
    chassis_task.o(i.ChassisTask) refers to chassis_task.o(i.pid_calcaulate) for pid_calcaulate
    chassis_task.o(i.ChassisTask) refers to bsp_can.o(i.send_chassis_cur) for send_chassis_cur
    chassis_task.o(i.ChassisTask) refers to cmsis_os.o(i.osDelayUntil) for osDelayUntil
    chassis_task.o(i.ChassisTask) refers to chassis_task.o(.bss) for .bss
    chassis_task.o(i.ChassisTask) refers to chassis_task.o(.data) for .data
    chassis_task.o(i.ChassisTask) refers to bsp_can.o(.bss) for Motor_Data
    chassis_task.o(i.mcu_reset) refers to detect_task.o(i.reset_check) for reset_check
    chassis_task.o(i.mcu_reset) refers to detect_task.o(.bss) for flash_write
    chassis_task.o(i.motion_solution) refers to chassis_task.o(i.x_ctrl) for x_ctrl
    chassis_task.o(i.motion_solution) refers to chassis_task.o(i.z_ctrl) for z_ctrl
    chassis_task.o(i.motion_solution) refers to chassis_task.o(i.sum_check) for sum_check
    chassis_task.o(i.motion_solution) refers to chassis_task.o(i.mcu_reset) for mcu_reset
    chassis_task.o(i.motion_solution) refers to chassis_task.o(.bss) for .bss
    chassis_task.o(i.pid_calcaulate) refers to pid.o(i.pid_cal) for pid_cal
    chassis_task.o(i.pid_calcaulate) refers to chassis_task.o(.bss) for .bss
    chassis_task.o(i.power_limit) refers to chassis_task.o(i.pid_calcaulate) for pid_calcaulate
    chassis_task.o(i.silence_check) refers to chassis_task.o(.bss) for .bss
    chassis_task.o(i.silence_check) refers to chassis_task.o(.data) for .data
    chassis_task.o(i.x_ctrl) refers to f2d.o(.text) for __aeabi_f2d
    chassis_task.o(i.x_ctrl) refers to sin.o(i.__hardfp_sin) for __hardfp_sin
    chassis_task.o(i.x_ctrl) refers to dmul.o(.text) for __aeabi_dmul
[...]
    prvIdleTask                              0x0800542d   Thumb Code    30  tasks.o(i.prvIdleTask)
    i.prvInitialiseNewTask                   0x08005454   Section        0  tasks.o(i.prvInitialiseNewTask)
    prvInitialiseNewTask                     0x08005455   Thumb Code   156  tasks.o(i.prvInitialiseNewTask)
    i.prvInsertBlockIntoFreeList             0x080054f0   Section        0  heap_4.o(i.prvInsertBlockIntoFreeList)
    prvInsertBlockIntoFreeList               0x080054f1   Thumb Code    72  heap_4.o(i.prvInsertBlockIntoFreeList)
    i.prvResetNextTaskUnblockTime            0x0800553c   Section        0  tasks.o(i.prvResetNextTaskUnblockTime)
    prvResetNextTaskUnblockTime              0x0800553d   Thumb Code    26  tasks.o(i.prvResetNextTaskUnblockTime)
    i.prvTaskExitError                       0x0800555c   Section        0  port.o(i.prvTaskExitError)
    prvTaskExitError                         0x0800555d   Thumb Code    36  port.o(i.prvTaskExitError)
    i.pvPortMalloc                           0x08005584   Section        0  heap_4.o(i.pvPortMalloc)
    i.pxPortInitialiseStack                  0x0800565c   Section        0  port.o(i.pxPortInitialiseStack)
    i.rc_detect                              0x08005688   Section        0  gimbal_task.o(i.rc_detect)
    i.reset_check                            0x080056f4   Section        0  detect_task.o(i.reset_check)
    i.send_chassis_cur                       0x0800573c   Section        0  bsp_can.o(i.send_chassis_cur)
    i.send_gimbal_info                       0x08005790   Section        0  bsp_can.o(i.send_gimbal_info)
    i.send_shoot_info                        0x080057e4   Section        0  bsp_can.o(i.send_shoot_info)
    i.silence_check                          0x08005828   Section        0  chassis_task.o(i.silence_check)
    i.sum_check                              0x080058a4   Section        0  chassis_task.o(i.sum_check)
    i.unpack_fifo_handle                     0x0800594c   Section        0  judgement_info.o(i.unpack_fifo_handle)
    i.uxListRemove                           0x08005980   Section        0  list.o(i.uxListRemove)
    i.uxTaskGetStackHighWaterMark            0x080059a4   Section        0  tasks.o(i.uxTaskGetStackHighWaterMark)
    i.vListInitialise                        0x080059c4   Section        0  list.o(i.vListInitialise)
    i.vListInitialiseItem                    0x080059da   Section        0  list.o(i.vListInitialiseItem)
    i.vListInsert                            0x080059e0   Section        0  list.o(i.vListInsert)
    i.vListInsertEnd                         0x08005a10   Section        0  list.o(i.vListInsertEnd)
    i.vPortEnterCritical                     0x08005a28   Section        0  port.o(i.vPortEnterCritical)
    i.vPortExitCritical                      0x08005a68   Section        0  port.o(i.vPortExitCritical)
    i.vPortFree                              0x08005a90   Section        0  heap_4.o(i.vPortFree)
    i.vPortSetupTimerInterrupt               0x08005aec   Section        0  port.o(i.vPortSetupTimerInterrupt)
    i.vPortValidateInterruptPriority         0x08005b0c   Section        0  port.o(i.vPortValidateInterruptPriority)
    i.vTaskDelay                             0x08005b60   Section        0  tasks.o(i.vTaskDelay)
    i.vTaskDelayUntil                        0x08005bac   Section        0  tasks.o(i.vTaskDelayUntil)
    i.vTaskStartScheduler                    0x08005c38   Section        0  tasks.o(i.vTaskStartScheduler)
    i.vTaskSuspendAll                        0x08005ca0   Section        0  tasks.o(i.vTaskSuspendAll)
    i.vTaskSwitchContext                     0x08005cb0   Section        0  tasks.o(i.vTaskSwitchContext)
    i.xPortStartScheduler                    0x08005d0c   Section        0  port.o(i.xPortStartScheduler)
    i.xPortSysTickHandler                    0x08005dec   Section        0  port.o(i.xPortSysTickHandler)
    i.xTaskCreate                            0x08005e18   Section        0  tasks.o(i.xTaskCreate)
    i.xTaskGetSchedulerState                 0x08005e70   Section        0  tasks.o(i.xTaskGetSchedulerState)
    i.xTaskGetTickCount                      0x08005e8c   Section        0  tasks.o(i.xTaskGetTickCount)
    i.xTaskGetTickCountFromISR               0x08005e98   Section        0  tasks.o(i.xTaskGetTickCountFromISR)
    i.xTaskIncrementTick                     0x08005ea8   Section        0  tasks.o(i.xTaskIncrementTick)
    i.xTaskNotifyWait                        0x08005f70   Section        0  tasks.o(i.xTaskNotifyWait)
    i.xTaskResumeAll                         0x08005ffc   Section        0  tasks.o(i.xTaskResumeAll)
    i.x_ctrl                                 0x080060c0   Section        0  chassis_task.o(i.x_ctrl)
    i.z_ctrl                                 0x080062c4   Section        0  chassis_task.o(i.z_ctrl)
    .constdata                               0x08006378   Section      768  judgement_info.o(.constdata)
    .constdata                               0x08006678   Section      120  freertos.o(.constdata)
    .constdata                               0x080066f0   Section       16  system_stm32f4xx.o(.constdata)
    .constdata                               0x08006700   Section        8  system_stm32f4xx.o(.constdata)
    .constdata                               0x08006708   Section        8  stm32f4xx_hal_dma.o(.constdata)
    flagBitshiftOffset                       0x08006708   Data           8  stm32f4xx_hal_dma.o(.constdata)
    .constdata                               0x08006710   Section       48  cos_i.o(.constdata)
    C                                        0x08006710   Data          48  cos_i.o(.constdata)
    .constdata                               0x08006740   Section      200  rred.o(.constdata)
    pio2s                                    0x08006740   Data          48  rred.o(.constdata)
    twooverpi                                0x08006770   Data         152  rred.o(.constdata)
    .constdata                               0x08006808   Section       40  sin_i.o(.constdata)
    S                                        0x08006808   Data          40  sin_i.o(.constdata)
    .conststring                             0x08006830   Section       64  freertos.o(.conststring)
    .data                                    0x20000000   Section       24  chassis_task.o(.data)
    .data                                    0x20000018   Section       14  detect_task.o(.data)
    .data                                    0x20000026   Section        4  super_caps_task.o(.data)
    num                                      0x20000026   Data           1  super_caps_task.o(.data)
    cnt                                      0x20000027   Data           1  super_caps_task.o(.data)
    .data                                    0x2000002c   Section        4  judgement_task.o(.data)
    .data                                    0x20000030   Section       18  gimbal_task.o(.data)
    .data                                    0x20000044   Section       12  dr16.o(.data)
    .data                                    0x20000050   Section       12  judgement_info.o(.data)
    .data                                    0x2000005c   Section        4  bsp_flash.o(.data)
    .data                                    0x20000060   Section        4  can.o(.data)
    HAL_RCC_CAN1_CLK_ENABLED                 0x20000060   Data           4  can.o(.data)
    .data                                    0x20000064   Section       24  freertos.o(.data)
    .data                                    0x2000007c   Section        4  system_stm32f4xx.o(.data)
    .data                                    0x20000080   Section        4  stm32f4xx_hal.o(.data)
    .data                                    0x20000084   Section       24  heap_4.o(.data)
    pxEnd                                    0x20000084   Data           4  heap_4.o(.data)
    xFreeBytesRemaining                      0x20000088   Data           4  heap_4.o(.data)
    xMinimumEverFreeBytesRemaining           0x2000008c   Data           4  heap_4.o(.data)
    xBlockAllocatedBit                       0x20000090   Data           4  heap_4.o(.data)
    xStart                                   0x20000094   Data           8  heap_4.o(.data)
    .data                                    0x2000009c   Section       12  port.o(.data)
    ucMaxSysCallPriority                     0x2000009c   Data           1  port.o(.data)
    uxCriticalNesting                        0x200000a0   Data           4  port.o(.data)
    ulMaxPRIGROUPValue                       0x200000a4   Data           4  port.o(.data)
    .data                                    0x200000a8   Section       60  tasks.o(.data)
    uxDeletedTasksWaitingCleanUp             0x200000ac   Data           4  tasks.o(.data)
    uxCurrentNumberOfTasks                   0x200000b0   Data           4  tasks.o(.data)
    xTickCount                               0x200000b4   Data           4  tasks.o(.data)
    uxTopReadyPriority                       0x200000b8   Data           4  tasks.o(.data)
    xSchedulerRunning                        0x200000bc   Data           4  tasks.o(.data)
    uxPendedTicks                            0x200000c0   Data           4  tasks.o(.data)
    xYieldPending                            0x200000c4   Data           4  tasks.o(.data)
    xNumOfOverflows                          0x200000c8   Data           4  tasks.o(.data)
    uxTaskNumber                             0x200000cc   Data           4  tasks.o(.data)
    xNextTaskUnblockTime                     0x200000d0   Data           4  tasks.o(.data)
    xIdleTaskHandle                          0x200000d4   Data           4  tasks.o(.data)
    uxSchedulerSuspended                     0x200000d8   Data           4  tasks.o(.data)
    pxDelayedTaskList                        0x200000dc   Data           4  tasks.o(.data)
    pxOverflowDelayedTaskList                0x200000e0   Data           4  tasks.o(.data)
    .data                                    0x200000e4   Section        4  errno.o(.data)
    _errno                                   0x200000e4   Data           4  errno.o(.data)
    .bss                                     0x200000e8   Section      580  chassis_task.o(.bss)
    .bss                                     0x2000032c   Section       44  detect_task.o(.bss)
    .bss                                     0x20000358   Section      160  super_caps_task.o(.bss)
    .bss                                     0x200003f8   Section      100  gimbal_task.o(.bss)
    .bss                                     0x2000045c   Section       50  dr16.o(.bss)
    .bss                                     0x20000490   Section       80  dr16.o(.bss)
    .bss                                     0x200004e0   Section      161  judgement_info.o(.bss)
    .bss                                     0x20000584   Section      176  bsp_can.o(.bss)
    Tx1Message                               0x20000584   Data          28  bsp_can.o(.bss)
    Rx1Message                               0x200005a0   Data          36  bsp_can.o(.bss)
    Tx2Message                               0x200005c4   Data          28  bsp_can.o(.bss)
    Rx2Message                               0x200005e0   Data          36  bsp_can.o(.bss)
    .bss                                     0x20000634   Section       72  adc.o(.bss)
    .bss                                     0x2000067c   Section      136  can.o(.bss)
    .bss                                     0x20000704   Section      928  usart.o(.bss)
    .bss                                     0x20000aa4   Section       32  stm32f4xx_hal_flash.o(.bss)
    .bss                                     0x20000ac4   Section    15360  heap_4.o(.bss)
    ucHeap                                   0x20000ac4   Data       15360  heap_4.o(.bss)
    .bss                                     0x200046c4   Section      240  tasks.o(.bss)
    pxReadyTasksLists                        0x200046c4   Data         140  tasks.o(.bss)
    xDelayedTaskList1                        0x20004750   Data          20  tasks.o(.bss)
    xDelayedTaskList2                        0x20004764   Data          20  tasks.o(.bss)
    xPendingReadyList                        0x20004778   Data          20  tasks.o(.bss)
    xTasksWaitingTermination                 0x2000478c   Data          20  tasks.o(.bss)
    xSuspendedTaskList                       0x200047a0   Data          20  tasks.o(.bss)
    STACK                                    0x200047b8   Section     1024  startup_stm32f427xx.o(STACK)

    Global Symbols

    Symbol Name                              Value     Ov Type        Size  Object(Section)

    BuildAttributes$$THM_ISAv4$E$P$D$K$B$S$7EM$VFPi3$EXTD16$VFPS$VFMA$PE$A:L22UL41UL21$X:L11$S22US41US21$IEEE1$IW$USESV6$~STKCKD$USESV7$~SHL$OTIME$ROPI$IEEEX$EBA8$MICROLIB$REQ8$PRES8$EABIv2 0x00000000   Number         0  anon$$obj.o ABSOLUTE
    __ARM_use_no_argv                        0x00000000   Number         0  main.o ABSOLUTE
    __cpp_initialize__aeabi_                  - Undefined Weak Reference
    __cxa_finalize                            - Undefined Weak Reference
    __decompress                              - Undefined Weak Reference
    _clock_init                               - Undefined Weak Reference
    _microlib_exit                            - Undefined Weak Reference
    __Vectors_Size                           0x000001ac   Number         0  startup_stm32f427xx.o ABSOLUTE
    __Vectors                                0x08000000   Data           4  startup_stm32f427xx.o(RESET)
    __Vectors_End                            0x080001ac   Data           0  startup_stm32f427xx.o(RESET)
    __main                                   0x080001ad   Thumb Code     0  entry.o(.ARM.Collect$$$$00000000)
    _main_stk                                0x080001ad   Thumb Code     0  entry2.o(.ARM.Collect$$$$00000001)
    _main_scatterload                        0x080001b1   Thumb Code     0  entry5.o(.ARM.Collect$$$$00000004)
    __main_after_scatterload                 0x080001b5   Thumb Code     0  entry5.o(.ARM.Collect$$$$00000004)
    _main_clock                              0x080001b5   Thumb Code     0  entry7b.o(.ARM.Collect$$$$00000008)
    _main_cpp_init                           0x080001b5   Thumb Code     0  entry8b.o(.ARM.Collect$$$$0000000A)
    _main_init                               0x080001b5   Thumb Code     0  entry9a.o(.ARM.Collect$$$$0000000B)
    __rt_final_cpp                           0x080001bd   Thumb Code     0  entry10a.o(.ARM.Collect$$$$0000000D)
    __rt_final_exit                          0x080001bd   Thumb Code     0  entry11a.o(.ARM.Collect$$$$0000000F)
    SVC_Handler                              0x080001c1   Thumb Code    28  port.o(.emb_text)
    __asm___6_port_c_39a90d8d__prvStartFirstTask 0x080001e1   Thumb Code    28  port.o(.emb_text)
    __asm___6_port_c_39a90d8d__prvEnableVFP  0x08000201   Thumb Code    16  port.o(.emb_text)
    PendSV_Handler                           0x08000215   Thumb Code    92  port.o(.emb_text)
    vPortGetIPSR                             0x08000275   Thumb Code     6  port.o(.emb_text)
    Reset_Handler                            0x0800027d   Thumb Code     8  startup_stm32f427xx.o(.text)
    ADC_IRQHandler                           0x08000297   Thumb Code     0  startup_stm32f427xx.o(.text)
    CAN1_RX1_IRQHandler                      0x08000297   Thumb Code     0  startup_stm32f427xx.o(.text)
    CAN1_SCE_IRQHandler                      0x08000297   Thumb Code     0  startup_stm32f427xx.o(.text)
    CAN2_RX1_IRQHandler                      0x08000297   Thumb Code     0  startup_stm32f427xx.o(.text)
    CAN2_SCE_IRQHandler                      0x08000297   Thumb Code     0  startup_stm32f427xx.o(.text)
    DCMI_IRQHandler                          0x08000297   Thumb Code     0  startup_stm32f427xx.o(.text)
    DMA1_Stream0_IRQHandler                  0x08000297   Thumb Code     0  startup_stm32f427xx.o(.text)
    DMA1_Stream2_IRQHandler                  0x08000297   Thumb Code     0  startup_stm32f427xx.o(.text)
    DMA1_Stream4_IRQHandler                  0x08000297   Thumb Code     0  startup_stm32f427xx.o(.text)
    DMA1_Stream7_IRQHandler                  0x08000297   Thumb Code     0  startup_stm32f427xx.o(.text)
    DMA2D_IRQHandler                         0x08000297   Thumb Code     0  startup_stm32f427xx.o(.text)
    DMA2_Stream0_IRQHandler                  0x08000297   Thumb Code     0  startup_stm32f427xx.o(.text)
    DMA2_Stream3_IRQHandler                  0x08000297   Thumb Code     0  startup_stm32f427xx.o(.text)
    DMA2_Stream4_IRQHandler                  0x08000297   Thumb Code     0  startup_stm32f427xx.o(.text)
    DMA2_Stream5_IRQHandler                  0x08000297   Thumb Code     0  startup_stm32f427xx.o(.text)
    DMA2_Stream7_IRQHandler                  0x08000297   Thumb Code     0  startup_stm32f427xx.o(.text)
    ETH_IRQHandler                           0x08000297   Thumb Code     0  startup_stm32f427xx.o(.text)
    ETH_WKUP_IRQHandler                      0x08000297   Thumb Code     0  startup_stm32f427xx.o(.text)
    EXTI0_IRQHandler                         0x08000297   Thumb Code     0  startup_stm32f427xx.o(.text)
    EXTI15_10_IRQHandler                     0x08000297   Thumb Code     0  startup_stm32f427xx.o(.text)
    EXTI1_IRQHandler                         0x08000297   Thumb Code     0  startup_stm32f427xx.o(.text)
    EXTI2_IRQHandler                         0x08000297   Thumb Code     0  startup_stm32f427xx.o(.text)
    EXTI3_IRQHandler                         0x08000297   Thumb Code     0  startup_stm32f427xx.o(.text)
    EXTI4_IRQHandler                         0x08000297   Thumb Code     0  startup_stm32f427xx.o(.text)
    EXTI9_5_IRQHandler                       0x08000297   Thumb Code     0  startup_stm32f427xx.o(.text)
    FLASH_IRQHandler                         0x08000297   Thumb Code     0  startup_stm32f427xx.o(.text)
    FMC_IRQHandler                           0x08000297   Thumb Code     0  startup_stm32f427xx.o(.text)
    FPU_IRQHandler                           0x08000297   Thumb Code     0  startup_stm32f427xx.o(.text)
    HASH_RNG_IRQHandler                      0x08000297   Thumb Code     0  startup_stm32f427xx.o(.text)
    I2C1_ER_IRQHandler                       0x08000297   Thumb Code     0  startup_stm32f427xx.o(.text)
    I2C1_EV_IRQHandler                       0x08000297   Thumb Code     0  startup_stm32f427xx.o(.text)
    I2C2_ER_IRQHandler                       0x08000297   Thumb Code     0  startup_stm32f427xx.o(.text)
    I2C2_EV_IRQHandler                       0x08000297   Thumb Code     0  startup_stm32f427xx.o(.text)
    I2C3_ER_IRQHandler                       0x08000297   Thumb Code     0  startup_stm32f427xx.o(.text)
    I2C3_EV_IRQHandler                       0x08000297   Thumb Code     0  startup_stm32f427xx.o(.text)
    OTG_FS_IRQHandler                        0x08000297   Thumb Code     0  startup_stm32f427xx.o(.text)
    OTG_FS_WKUP_IRQHandler                   0x08000297   Thumb Code     0  startup_stm32f427xx.o(.text)
    OTG_HS_EP1_IN_IRQHandler                 0x08000297   Thumb Code     0  startup_stm32f427xx.o(.text)
    OTG_HS_EP1_OUT_IRQHandler                0x08000297   Thumb Code     0  startup_stm32f427xx.o(.text)
    OTG_HS_IRQHandler                        0x08000297   Thumb Code     0  startup_stm32f427xx.o(.text)
    OTG_HS_WKUP_IRQHandler                   0x08000297   Thumb Code     0  startup_stm32f427xx.o(.text)
    PVD_IRQHandler                           0x08000297   Thumb Code     0  startup_stm32f427xx.o(.text)
    RCC_IRQHandler                           0x08000297   Thumb Code     0  startup_stm32f427xx.o(.text)
    RTC_Alarm_IRQHandler                     0x08000297   Thumb Code     0  startup_stm32f427xx.o(.text)
    RTC_WKUP_IRQHandler                      0x08000297   Thumb Code     0  startup_stm32f427xx.o(.text)
    SAI1_IRQHandler                          0x08000297   Thumb Code     0  startup_stm32f427xx.o(.text)
    SDIO_IRQHandler                          0x08000297   Thumb Code     0  startup_stm32f427xx.o(.text)
    SPI1_IRQHandler                          0x08000297   Thumb Code     0  startup_stm32f427xx.o(.text)
    SPI2_IRQHandler                          0x08000297   Thumb Code     0  startup_stm32f427xx.o(.text)
    SPI3_IRQHandler                          0x08000297   Thumb Code     0  startup_stm32f427xx.o(.text)
    SPI4_IRQHandler                          0x08000297   Thumb Code     0  startup_stm32f427xx.o(.text)
    SPI5_IRQHandler                          0x08000297   Thumb Code     0  startup_stm32f427xx.o(.text)
    SPI6_IRQHandler                          0x08000297   Thumb Code     0  startup_stm32f427xx.o(.text)
    TAMP_STAMP_IRQHandler                    0x08000297   Thumb Code     0  startup_stm32f427xx.o(.text)
    TIM1_BRK_TIM9_IRQHandler                 0x08000297   Thumb Code     0  startup_stm32f427xx.o(.text)
    TIM1_CC_IRQHandler                       0x08000297   Thumb Code     0  startup_stm32f427xx.o(.text)
    TIM1_TRG_COM_TIM11_IRQHandler            0x08000297   Thumb Code     0  startup_stm32f427xx.o(.text)
    TIM1_UP_TIM10_IRQHandler                 0x08000297   Thumb Code     0  startup_stm32f427xx.o(.text)
    TIM2_IRQHandler                          0x08000297   Thumb Code     0  startup_stm32f427xx.o(.text)
    TIM3_IRQHandler                          0x08000297   Thumb Code     0  startup_stm32f427xx.o(.text)
    TIM4_IRQHandler                          0x08000297   Thumb Code     0  startup_stm32f427xx.o(.text)
    TIM5_IRQHandler                          0x08000297   Thumb Code     0  startup_stm32f427xx.o(.text)
    TIM6_DAC_IRQHandler                      0x08000297   Thumb Code     0  startup_stm32f427xx.o(.text)
    TIM7_IRQHandler                          0x08000297   Thumb Code     0  startup_stm32f427xx.o(.text)
    TIM8_BRK_TIM12_IRQHandler                0x08000297   Thumb Code     0  startup_stm32f427xx.o(.text)
    TIM8_CC_IRQHandler                       0x08000297   Thumb Code     0  startup_stm32f427xx.o(.text)
    TIM8_TRG_COM_TIM14_IRQHandler            0x08000297   Thumb Code     0  startup_stm32f427xx.o(.text)
    TIM8_UP_TIM13_IRQHandler                 0x08000297   Thumb Code     0  startup_stm32f427xx.o(.text)
    UART4_IRQHandler                         0x08000297   Thumb Code     0  startup_stm32f427xx.o(.text)
    UART5_IRQHandler                         0x08000297   Thumb Code     0  startup_stm32f427xx.o(.text)
    UART7_IRQHandler                         0x08000297   Thumb Code     0  startup_stm32f427xx.o(.text)
    UART8_IRQHandler                         0x08000297   Thumb Code     0  startup_stm32f427xx.o(.text)
    WWDG_IRQHandler                          0x08000297   Thumb Code     0  startup_stm32f427xx.o(.text)
    __aeabi_uldivmod                         0x080002a1   Thumb Code    98  uldiv.o(.text)
    __aeabi_memcpy                           0x08000303   Thumb Code    36  memcpya.o(.text)
    __aeabi_memcpy4                          0x08000303   Thumb Code     0  memcpya.o(.text)
    __aeabi_memcpy8                          0x08000303   Thumb Code     0  memcpya.o(.text)
    __aeabi_memset                           0x08000327   Thumb Code    14  memseta.o(.text)
    __aeabi_memset4                          0x08000327   Thumb Code     0  memseta.o(.text)
    __aeabi_memset8                          0x08000327   Thumb Code     0  memseta.o(.text)
    __aeabi_memclr                           0x08000335   Thumb Code     4  memseta.o(.text)
    __aeabi_memclr4                          0x08000335   Thumb Code     0  memseta.o(.text)
    __aeabi_memclr8                          0x08000335   Thumb Code     0  memseta.o(.text)
    _memset$wrapper                          0x08000339   Thumb Code    18  memseta.o(.text)
    __aeabi_dadd                             0x0800034b   Thumb Code   322  dadd.o(.text)
    __aeabi_dsub                             0x0800048d   Thumb Code     6  dadd.o(.text)
    __aeabi_drsub                            0x08000493   Thumb Code     6  dadd.o(.text)
    __aeabi_dmul                             0x08000499   Thumb Code   228  dmul.o(.text)
    __aeabi_i2d                              0x0800057d   Thumb Code    34  dflti.o(.text)
    __aeabi_d2iz                             0x0800059f   Thumb Code    62  dfixi.o(.text)
    __aeabi_f2d                              0x080005dd   Thumb Code    38  f2d.o(.text)
    __aeabi_d2f                              0x08000603   Thumb Code    56  d2f.o(.text)
    __aeabi_llsl                             0x0800063b   Thumb Code    30  llshl.o(.text)
    _ll_shift_l                              0x0800063b   Thumb Code     0  llshl.o(.text)
    __aeabi_llsr                             0x08000659   Thumb Code    32  llushr.o(.text)
    _ll_ushift_r                             0x08000659   Thumb Code     0  llushr.o(.text)
    __aeabi_lasr                             0x08000679   Thumb Code    36  llsshr.o(.text)
    _ll_sshift_r                             0x08000679   Thumb Code     0  llsshr.o(.text)
    __I$use$fp                               0x0800069d   Thumb Code     0  iusefp.o(.text)
    _float_round                             0x0800069d   Thumb Code    18  fepilogue.o(.text)
    _float_epilogue                          0x080006af   Thumb Code    92  fepilogue.o(.text)
    _double_round                            0x0800070b   Thumb Code    30  depilogue.o(.text)
    _double_epilogue                         0x08000729   Thumb Code   156  depilogue.o(.text)
    __scatterload                            0x080007c5   Thumb Code    28  init.o(.text)
    __scatterload_rt2                        0x080007c5   Thumb Code     0  init.o(.text)
    __aeabi_ddiv                             0x080007e9   Thumb Code   222  ddiv.o(.text)
    __aeabi_ui2d                             0x080008c7   Thumb Code    26  dfltui.o(.text)
    BSP_FLASH_Write                          0x08000a05   Thumb Code    80  bsp_flash.o(i.BSP_FLASH_Write)
    BusFault_Handler                         0x08000a5d   Thumb Code     2  stm32f4xx_it.o(i.BusFault_Handler)
    CAN1_RX0_IRQHandler                      0x08000a61   Thumb Code     6  stm32f4xx_it.o(i.CAN1_RX0_IRQHandler)
    CAN1_TX_IRQHandler                       0x08000a6d   Thumb Code     6  stm32f4xx_it.o(i.CAN1_TX_IRQHandler)
    CAN2_RX0_IRQHandler                      0x08000a79   Thumb Code     6  stm32f4xx_it.o(i.CAN2_RX0_IRQHandler)
    CAN2_TX_IRQHandler                       0x08000a85   Thumb Code     6  stm32f4xx_it.o(i.CAN2_TX_IRQHandler)
    ChassisTask                              0x08000bb9   Thumb Code   324  chassis_task.o(i.ChassisTask)
    ChassisTask1                             0x08000d25   Thumb Code     6  freertos.o(i.ChassisTask1)
    DMA1_Stream1_IRQHandler                  0x08000d2d   Thumb Code     6  stm32f4xx_it.o(i.DMA1_Stream1_IRQHandler)
    DMA1_Stream3_IRQHandler                  0x08000d39   Thumb Code     6  stm32f4xx_it.o(i.DMA1_Stream3_IRQHandler)
    DMA1_Stream5_IRQHandler                  0x08000d45   Thumb Code     6  stm32f4xx_it.o(i.DMA1_Stream5_IRQHandler)
    DMA1_Stream6_IRQHandler                  0x08000d51   Thumb Code     6  stm32f4xx_it.o(i.DMA1_Stream6_IRQHandler)
    DMA2_Stream1_IRQHandler                  0x08000d5d   Thumb Code     6  stm32f4xx_it.o(i.DMA2_Stream1_IRQHandler)
    DMA2_Stream2_IRQHandler                  0x08000d69   Thumb Code     6  stm32f4xx_it.o(i.DMA2_Stream2_IRQHandler)
    DMA2_Stream6_IRQHandler                  0x08000d75   Thumb Code     6  stm32f4xx_it.o(i.DMA2_Stream6_IRQHandler)
    DR16_decode                              0x08000e25   Thumb Code   282  dr16.o(i.DR16_decode)
    DR16_detect                              0x08000f59   Thumb Code    40  detect_task.o(i.DR16_detect)
    DebugMon_Handler                         0x08000f89   Thumb Code     2  stm32f4xx_it.o(i.DebugMon_Handler)
    DetectTask1                              0x08000f8b   Thumb Code     6  freertos.o(i.DetectTask1)
    FLASH_Erase_Sector                       0x08000f91   Thumb Code    80  stm32f4xx_hal_flash_ex.o(i.FLASH_Erase_Sector)
    FLASH_FlushCaches                        0x08000fe5   Thumb Code    80  stm32f4xx_hal_flash_ex.o(i.FLASH_FlushCaches)
    FLASH_WaitForLastOperation               0x08001185   Thumb Code    72  stm32f4xx_hal_flash.o(i.FLASH_WaitForLastOperation)
    Get_CRC16_Check_Sum                      0x08001299   Thumb Code    38  judgement_info.o(i.Get_CRC16_Check_Sum)
    Get_CRC8_Check_Sum                       0x080012c5   Thumb Code    24  judgement_info.o(i.Get_CRC8_Check_Sum)
    GimbalTask                               0x080012e1   Thumb Code    30  gimbal_task.o(i.GimbalTask)
    GimbalTask1                              0x080012ff   Thumb Code     6  freertos.o(i.GimbalTask1)
    HAL_ADC_ConfigChannel                    0x08001305   Thumb Code   318  stm32f4xx_hal_adc.o(i.HAL_ADC_ConfigChannel)
    HAL_ADC_GetState                         0x08001459   Thumb Code     4  stm32f4xx_hal_adc.o(i.HAL_ADC_GetState)
    HAL_ADC_GetValue                         0x0800145d   Thumb Code     6  stm32f4xx_hal_adc.o(i.HAL_ADC_GetValue)
    HAL_ADC_Init                             0x08001463   Thumb Code    84  stm32f4xx_hal_adc.o(i.HAL_ADC_Init)
    HAL_ADC_MspInit                          0x080014b9   Thumb Code    54  adc.o(i.HAL_ADC_MspInit)
    HAL_ADC_PollForConversion                0x080014fd   Thumb Code   162  stm32f4xx_hal_adc.o(i.HAL_ADC_PollForConversion)
    HAL_ADC_Start                            0x080015a1   Thumb Code   170  stm32f4xx_hal_adc.o(i.HAL_ADC_Start)
    HAL_CAN_ConfigFilter                     0x0800165d   Thumb Code   244  stm32f4xx_hal_can.o(i.HAL_CAN_ConfigFilter)
    HAL_CAN_ErrorCallback                    0x08001755   Thumb Code     2  stm32f4xx_hal_can.o(i.HAL_CAN_ErrorCallback)
    HAL_CAN_IRQHandler                       0x08001759   Thumb Code   548  stm32f4xx_hal_can.o(i.HAL_CAN_IRQHandler)
    HAL_CAN_Init                             0x0800198d   Thumb Code   328  stm32f4xx_hal_can.o(i.HAL_CAN_Init)
    HAL_CAN_MspInit                          0x08001ad5   Thumb Code   200  can.o(i.HAL_CAN_MspInit)
    HAL_CAN_Receive_IT                       0x08001bb5   Thumb Code   180  stm32f4xx_hal_can.o(i.HAL_CAN_Receive_IT)
    HAL_CAN_RxCpltCallback                   0x08001c69   Thumb Code   232  bsp_can.o(i.HAL_CAN_RxCpltCallback)
    HAL_CAN_Transmit                         0x08001d61   Thumb Code   446  stm32f4xx_hal_can.o(i.HAL_CAN_Transmit)
    HAL_CAN_TxCpltCallback                   0x08001f2d   Thumb Code     2  stm32f4xx_hal_can.o(i.HAL_CAN_TxCpltCallback)
    HAL_DMA_Abort_IT                         0x08001f2f   Thumb Code    36  stm32f4xx_hal_dma.o(i.HAL_DMA_Abort_IT)
    HAL_DMA_IRQHandler                       0x08001f55   Thumb Code   412  stm32f4xx_hal_dma.o(i.HAL_DMA_IRQHandler)
    HAL_DMA_Init                             0x080020f5   Thumb Code   206  stm32f4xx_hal_dma.o(i.HAL_DMA_Init)
    HAL_DMA_Start                            0x080021c9   Thumb Code    70  stm32f4xx_hal_dma.o(i.HAL_DMA_Start)
    HAL_DMA_Start_IT                         0x0800220f   Thumb Code   120  stm32f4xx_hal_dma.o(i.HAL_DMA_Start_IT)
    HAL_Delay                                0x08002287   Thumb Code    28  stm32f4xx_hal.o(i.HAL_Delay)
    HAL_FLASHEx_Erase                        0x080022a5   Thumb Code   146  stm32f4xx_hal_flash_ex.o(i.HAL_FLASHEx_Erase)
    HAL_FLASH_Lock                           0x08002341   Thumb Code    14  stm32f4xx_hal_flash.o(i.HAL_FLASH_Lock)
    HAL_FLASH_Program                        0x08002355   Thumb Code   116  stm32f4xx_hal_flash.o(i.HAL_FLASH_Program)
    HAL_FLASH_Unlock                         0x080023d1   Thumb Code    32  stm32f4xx_hal_flash.o(i.HAL_FLASH_Unlock)
    HAL_GPIO_Init                            0x080023fd   Thumb Code   408  stm32f4xx_hal_gpio.o(i.HAL_GPIO_Init)
    HAL_GPIO_WritePin                        0x080025c9   Thumb Code    10  stm32f4xx_hal_gpio.o(i.HAL_GPIO_WritePin)
    HAL_GetTick                              0x080025d5   Thumb Code     6  stm32f4xx_hal.o(i.HAL_GetTick)
    HAL_IncTick                              0x080025e1   Thumb Code    10  stm32f4xx_hal.o(i.HAL_IncTick)
    HAL_Init                                 0x080025f1   Thumb Code    48  stm32f4xx_hal.o(i.HAL_Init)
    HAL_InitTick                             0x08002625   Thumb Code    34  stm32f4xx_hal.o(i.HAL_InitTick)
    HAL_MspInit                              0x0800264d   Thumb Code   126  stm32f4xx_hal_msp.o(i.HAL_MspInit)
    HAL_NVIC_EnableIRQ                       0x080026d1   Thumb Code    22  stm32f4xx_hal_cortex.o(i.HAL_NVIC_EnableIRQ)
    HAL_NVIC_SetPriority                     0x080026e9   Thumb Code    60  stm32f4xx_hal_cortex.o(i.HAL_NVIC_SetPriority)
    HAL_NVIC_SetPriorityGrouping             0x08002729   Thumb Code    26  stm32f4xx_hal_cortex.o(i.HAL_NVIC_SetPriorityGrouping)
    HAL_PWREx_EnableOverDrive                0x0800274d   Thumb Code    98  stm32f4xx_hal_pwr_ex.o(i.HAL_PWREx_EnableOverDrive)
    HAL_RCC_ClockConfig                      0x080027bd   Thumb Code   286  stm32f4xx_hal_rcc.o(i.HAL_RCC_ClockConfig)
    HAL_RCC_GetHCLKFreq                      0x080028ed   Thumb Code     6  stm32f4xx_hal_rcc.o(i.HAL_RCC_GetHCLKFreq)
    HAL_RCC_GetPCLK1Freq                     0x080028f9   Thumb Code    20  stm32f4xx_hal_rcc.o(i.HAL_RCC_GetPCLK1Freq)
    HAL_RCC_GetPCLK2Freq                     0x08002919   Thumb Code    20  stm32f4xx_hal_rcc.o(i.HAL_RCC_GetPCLK2Freq)
    HAL_RCC_GetSysClockFreq                  0x08002939   Thumb Code    88  stm32f4xx_hal_rcc.o(i.HAL_RCC_GetSysClockFreq)
    HAL_RCC_OscConfig                        0x0800299d   Thumb Code   730  stm32f4xx_hal_rcc.o(i.HAL_RCC_OscConfig)
    HAL_SYSTICK_CLKSourceConfig              0x08002c8d   Thumb Code    24  stm32f4xx_hal_cortex.o(i.HAL_SYSTICK_CLKSourceConfig)
    HAL_SYSTICK_Config                       0x08002ca5   Thumb Code    40  stm32f4xx_hal_cortex.o(i.HAL_SYSTICK_Config)
    HAL_UART_ErrorCallback                   0x08002ccd   Thumb Code     2  stm32f4xx_hal_uart.o(i.HAL_UART_ErrorCallback)
    HAL_UART_IRQHandler                      0x08002cd1   Thumb Code   266  stm32f4xx_hal_uart.o(i.HAL_UART_IRQHandler)
    HAL_UART_Init                            0x08002de1   Thumb Code    98  stm32f4xx_hal_uart.o(i.HAL_UART_Init)
    HAL_UART_MspInit                         0x08002e45   Thumb Code   732  usart.o(i.HAL_UART_MspInit)
    HAL_UART_RxCpltCallback                  0x08003165   Thumb Code     2  stm32f4xx_hal_uart.o(i.HAL_UART_RxCpltCallback)
    HAL_UART_TxCpltCallback                  0x08003167   Thumb Code     2  stm32f4xx_hal_uart.o(i.HAL_UART_TxCpltCallback)
    HardFault_Handler                        0x08003169   Thumb Code     2  stm32f4xx_it.o(i.HardFault_Handler)
    Judgement_detect                         0x0800316d   Thumb Code    40  detect_task.o(i.Judgement_detect)
    JudgmentTask1                            0x0800319d   Thumb Code     6  freertos.o(i.JudgmentTask1)
    KeyBoard_decode                          0x080031a3   Thumb Code   100  dr16.o(i.KeyBoard_decode)
    MX_ADC1_Init                             0x08003209   Thumb Code    82  adc.o(i.MX_ADC1_Init)
    MX_CAN1_Init                             0x08003279   Thumb Code    64  can.o(i.MX_CAN1_Init)
    MX_CAN2_Init                             0x080032d1   Thumb Code    64  can.o(i.MX_CAN2_Init)
    MX_DMA_Init                              0x08003329   Thumb Code   152  dma.o(i.MX_DMA_Init)
    MX_FREERTOS_Init                         0x080033c5   Thumb Code   140  freertos.o(i.MX_FREERTOS_Init)
    MX_GPIO_Init                             0x08003459   Thumb Code   262  gpio.o(i.MX_GPIO_Init)
    MX_USART1_UART_Init                      0x08003575   Thumb Code    54  usart.o(i.MX_USART1_UART_Init)
    MX_USART2_UART_Init                      0x080035c9   Thumb Code    52  usart.o(i.MX_USART2_UART_Init)
    MX_USART3_UART_Init                      0x08003615   Thumb Code    52  usart.o(i.MX_USART3_UART_Init)
    MX_USART6_UART_Init                      0x08003661   Thumb Code    52  usart.o(i.MX_USART6_UART_Init)
    MemManage_Handler                        0x080036ad   Thumb Code     2  stm32f4xx_it.o(i.MemManage_Handler)
    NMI_Handler                              0x080036af   Thumb Code     2  stm32f4xx_it.o(i.NMI_Handler)
    PC_unpack                                0x080036d1   Thumb Code    36  gimbal_task.o(i.PC_unpack)
    PC_updata                                0x080036f5   Thumb Code   136  gimbal_task.o(i.PC_updata)
    RichJ_UART_Receive_DMA                   0x08003791   Thumb Code   104  richjlib.o(i.RichJ_UART_Receive_DMA)
    RichJ_UART_Receive_IT                    0x080037f9   Thumb Code    20  richjlib.o(i.RichJ_UART_Receive_IT)
    RichJ_UART_Transmit_DMA                  0x0800380d   Thumb Code    62  richjlib.o(i.RichJ_UART_Transmit_DMA)
    RichJ_UsartIdleHanlder                   0x0800384d   Thumb Code   216  richjlib.o(i.RichJ_UsartIdleHanlder)
    StartDefaultTask                         0x0800392d   Thumb Code     8  freertos.o(i.StartDefaultTask)
    SuperCapsTask1                           0x08003935   Thumb Code     6  freertos.o(i.SuperCapsTask1)
    SysTick_Handler                          0x0800393b   Thumb Code    14  stm32f4xx_it.o(i.SysTick_Handler)
    SystemClock_Config                       0x08003949   Thumb Code   158  main.o(i.SystemClock_Config)
    SystemInit                               0x080039f1   Thumb Code    66  system_stm32f4xx.o(i.SystemInit)
    UART_IdleRxCallback                      0x08003a71   Thumb Code    46  stm32f4xx_it.o(i.UART_IdleRxCallback)
    USART1_IRQHandler                        0x08003e59   Thumb Code    20  stm32f4xx_it.o(i.USART1_IRQHandler)
    USART2_IRQHandler                        0x08003e71   Thumb Code    20  stm32f4xx_it.o(i.USART2_IRQHandler)
    USART3_IRQHandler                        0x08003e89   Thumb Code    20  stm32f4xx_it.o(i.USART3_IRQHandler)
    USART6_IRQHandler                        0x08003ea1   Thumb Code     8  stm32f4xx_it.o(i.USART6_IRQHandler)
    UsageFault_Handler                       0x08003ead   Thumb Code     2  stm32f4xx_it.o(i.UsageFault_Handler)
    Verify_CRC16_Check_Sum                   0x08003eb1   Thumb Code    54  judgement_info.o(i.Verify_CRC16_Check_Sum)
    Verify_CRC8_Check_Sum                    0x08003eed   Thumb Code    38  judgement_info.o(i.Verify_CRC8_Check_Sum)
    _Error_Handler                           0x08003f13   Thumb Code     2  main.o(i._Error_Handler)
    __ARM_fpclassify                         0x08003f15   Thumb Code    48  fpclassify.o(i.__ARM_fpclassify)
    __hardfp_cos                             0x08003f49   Thumb Code   180  cos.o(i.__hardfp_cos)
    __hardfp_sin                             0x08004011   Thumb Code   180  sin.o(i.__hardfp_sin)
    __ieee754_rem_pio2                       0x080040d9   Thumb Code   938  rred.o(i.__ieee754_rem_pio2)
    __kernel_cos                             0x08004511   Thumb Code   322  cos_i.o(i.__kernel_cos)
    __kernel_poly                            0x08004681   Thumb Code   248  poly.o(i.__kernel_poly)
    __kernel_sin                             0x08004779   Thumb Code   280  sin_i.o(i.__kernel_sin)
    __mathlib_dbl_infnan                     0x080048a9   Thumb Code    20  dunder.o(i.__mathlib_dbl_infnan)
    __mathlib_dbl_invalid                    0x080048c1   Thumb Code    24  dunder.o(i.__mathlib_dbl_invalid)
    __mathlib_dbl_underflow                  0x080048e1   Thumb Code    24  dunder.o(i.__mathlib_dbl_underflow)
    __scatterload_copy                       0x08004901   Thumb Code    14  handlers.o(i.__scatterload_copy)
    __scatterload_null                       0x0800490f   Thumb Code     2  handlers.o(i.__scatterload_null)
    __scatterload_zeroinit                   0x08004911   Thumb Code    14  handlers.o(i.__scatterload_zeroinit)
    __set_errno                              0x08004921   Thumb Code     6  errno.o(i.__set_errno)
    abs_limit                                0x0800492d   Thumb Code    40  pid.o(i.abs_limit)
    adc_value_get                            0x08004955   Thumb Code   134  super_caps_task.o(i.adc_value_get)
    bsp_flash_write                          0x080049f1   Thumb Code    22  detect_task.o(i.bsp_flash_write)
    can_device_init                          0x08004a0d   Thumb Code    72  bsp_can.o(i.can_device_init)
    caps_task                                0x08004a61   Thumb Code    50  super_caps_task.o(i.caps_task)
    chassis_command_unpack                   0x08004aa1   Thumb Code    36  gimbal_task.o(i.chassis_command_unpack)
    command_init                             0x08004ad1   Thumb Code    32  gimbal_task.o(i.command_init)
    command_unpack                           0x08004af5   Thumb Code    76  gimbal_task.o(i.command_unpack)
    detect_Task                              0x08004b49   Thumb Code    56  detect_task.o(i.detect_Task)
    fabs                                     0x08004b85   Thumb Code    24  fabs.o(i.fabs)
    gimbal_command_update                    0x08004b9d   Thumb Code   422  gimbal_task.o(i.gimbal_command_update)
    i_saturation                             0x08004d5d   Thumb Code    48  pid.o(i.i_saturation)
    judgement_data_decode                    0x08004d9d   Thumb Code    88  judgement_info.o(i.judgement_data_decode)
    judgement_info_handle                    0x08004dfd   Thumb Code    70  judgement_info.o(i.judgement_info_handle)
    judgement_unpack                         0x08004e4d   Thumb Code    44  judgement_task.o(i.judgement_unpack)
    key_detect                               0x08004e7d   Thumb Code    58  gimbal_task.o(i.key_detect)
    main                                     0x08004eb9   Thumb Code   112  main.o(i.main)
    mcu_reset                                0x08004f55   Thumb Code    10  chassis_task.o(i.mcu_reset)
    motion_solution                          0x08004f65   Thumb Code    64  chassis_task.o(i.motion_solution)
    osDelay                                  0x08004fad   Thumb Code    14  cmsis_os.o(i.osDelay)
    osDelayUntil                             0x08004fbb   Thumb Code    14  cmsis_os.o(i.osDelayUntil)
    osKernelStart                            0x08004fc9   Thumb Code    10  cmsis_os.o(i.osKernelStart)
    osKernelSysTick                          0x08004fd3   Thumb Code    24  cmsis_os.o(i.osKernelSysTick)
    osSignalWait                             0x08004feb   Thumb Code    86  cmsis_os.o(i.osSignalWait)
    osSystickHandler                         0x08005041   Thumb Code    20  cmsis_os.o(i.osSystickHandler)
    osThreadCreate                           0x08005055   Thumb Code    46  cmsis_os.o(i.osThreadCreate)
    pid_cal                                  0x08005083   Thumb Code   290  pid.o(i.pid_cal)
    pid_calcaulate                           0x080051a5   Thumb Code   126  chassis_task.o(i.pid_calcaulate)
    pid_init                                 0x08005229   Thumb Code    20  pid.o(i.pid_init)
    pvPortMalloc                             0x08005585   Thumb Code   210  heap_4.o(i.pvPortMalloc)
    pxPortInitialiseStack                    0x0800565d   Thumb Code    40  port.o(i.pxPortInitialiseStack)
    rc_detect                                0x08005689   Thumb Code   100  gimbal_task.o(i.rc_detect)
    reset_check                              0x080056f5   Thumb Code    64  detect_task.o(i.reset_check)
    send_chassis_cur                         0x0800573d   Thumb Code    78  bsp_can.o(i.send_chassis_cur)
    send_gimbal_info                         0x08005791   Thumb Code    78  bsp_can.o(i.send_gimbal_info)
    send_shoot_info                          0x080057e5   Thumb Code    62  bsp_can.o(i.send_shoot_info)
    silence_check                            0x08005829   Thumb Code   110  chassis_task.o(i.silence_check)
    sum_check                                0x080058a5   Thumb Code   154  chassis_task.o(i.sum_check)
    unpack_fifo_handle                       0x0800594d   Thumb Code    44  judgement_info.o(i.unpack_fifo_handle)
    uxListRemove                             0x08005981   Thumb Code    36  list.o(i.uxListRemove)
    uxTaskGetStackHighWaterMark              0x080059a5   Thumb Code    28  tasks.o(i.uxTaskGetStackHighWaterMark)
    vListInitialise                          0x080059c5   Thumb Code    22  list.o(i.vListInitialise)
    vListInitialiseItem                      0x080059db   Thumb Code     6  list.o(i.vListInitialiseItem)
    vListInsert                              0x080059e1   Thumb Code    48  list.o(i.vListInsert)
    vListInsertEnd                           0x08005a11   Thumb Code    24  list.o(i.vListInsertEnd)
    vPortEnterCritical                       0x08005a29   Thumb Code    54  port.o(i.vPortEnterCritical)
    vPortExitCritical                        0x08005a69   Thumb Code    34  port.o(i.vPortExitCritical)
    vPortFree                                0x08005a91   Thumb Code    88  heap_4.o(i.vPortFree)
    vPortSetupTimerInterrupt                 0x08005aed   Thumb Code    26  port.o(i.vPortSetupTimerInterrupt)
    vPortValidateInterruptPriority           0x08005b0d   Thumb Code    74  port.o(i.vPortValidateInterruptPriority)
    vTaskDelay                               0x08005b61   Thumb Code    66  tasks.o(i.vTaskDelay)
    vTaskDelayUntil                          0x08005bad   Thumb Code   132  tasks.o(i.vTaskDelayUntil)
    vTaskStartScheduler                      0x08005c39   Thumb Code    86  tasks.o(i.vTaskStartScheduler)
    vTaskSuspendAll                          0x08005ca1   Thumb Code    10  tasks.o(i.vTaskSuspendAll)
    vTaskSwitchContext                       0x08005cb1   Thumb Code    82  tasks.o(i.vTaskSwitchContext)
    xPortStartScheduler                      0x08005d0d   Thumb Code   202  port.o(i.xPortStartScheduler)
    xPortSysTickHandler                      0x08005ded   Thumb Code    38  port.o(i.xPortSysTickHandler)
    xTaskCreate                              0x08005e19   Thumb Code    86  tasks.o(i.xTaskCreate)
    xTaskGetSchedulerState                   0x08005e71   Thumb Code    22  tasks.o(i.xTaskGetSchedulerState)
    xTaskGetTickCount                        0x08005e8d   Thumb Code     6  tasks.o(i.xTaskGetTickCount)
    xTaskGetTickCountFromISR                 0x08005e99   Thumb Code    12  tasks.o(i.xTaskGetTickCountFromISR)
    xTaskIncrementTick                       0x08005ea9   Thumb Code   192  tasks.o(i.xTaskIncrementTick)
    xTaskNotifyWait                          0x08005f71   Thumb Code   130  tasks.o(i.xTaskNotifyWait)
    xTaskResumeAll                           0x08005ffd   Thumb Code   182  tasks.o(i.xTaskResumeAll)
    x_ctrl                                   0x080060c1   Thumb Code   482  chassis_task.o(i.x_ctrl)
    z_ctrl                                   0x080062c5   Thumb Code   148  chassis_task.o(i.z_ctrl)
    CRC8_TAB                                 0x08006378   Data         256  judgement_info.o(.constdata)
    wCRC_Table                               0x08006478   Data         512  judgement_info.o(.constdata)
    AHBPrescTable                            0x080066f0   Data          16  system_stm32f4xx.o(.constdata)
    APBPrescTable                            0x08006700   Data           8  system_stm32f4xx.o(.constdata)
    Region$$Table$$Base                      0x08006870   Number         0  anon$$obj.o(Region$$Table)
    Region$$Table$$Limit                     0x08006890   Number         0  anon$$obj.o(Region$$Table)
    chassis_k                                0x20000000   Data          12  chassis_task.o(.data)
    yaw_k                                    0x2000000c   Data          12  chassis_task.o(.data)
    detect_flag                              0x20000018   Data           7  detect_task.o(.data)
    detect_status                            0x2000001f   Data           7  detect_task.o(.data)
    relay_ctrl_info                          0x20000028   Data           2  super_caps_task.o(.data)
    judge_comm_surplus                       0x2000002c   Data           4  judgement_task.o(.data)
    shoot_motor_speed                        0x20000030   Data           8  gimbal_task.o(.data)
    shoot_ccr                                0x20000038   Data          10  gimbal_task.o(.data)
    position_X                               0x20000044   Data           4  dr16.o(.data)
    position_Y                               0x20000048   Data           4  dr16.o(.data)
    K                                        0x2000004c   Data           4  dr16.o(.data)
    count                                    0x20000050   Data           1  judgement_info.o(.data)
    CRC_INIT                                 0x20000052   Data           2  judgement_info.o(.data)
    data_length                              0x20000054   Data           2  judgement_info.o(.data)
    p_header                                 0x20000058   Data           4  judgement_info.o(.data)
    SectorError                              0x2000005c   Data           4  bsp_flash.o(.data)
    defaultTaskHandle                        0x20000064   Data           4  freertos.o(.data)
    chasTaskHandle                           0x20000068   Data           4  freertos.o(.data)
    capsTaskHandle                           0x2000006c   Data           4  freertos.o(.data)
    gimTaskHandle                            0x20000070   Data           4  freertos.o(.data)
    detTaskHandle                            0x20000074   Data           4  freertos.o(.data)
    judgTaskHandle                           0x20000078   Data           4  freertos.o(.data)
    SystemCoreClock                          0x2000007c   Data           4  system_stm32f4xx.o(.data)
    uwTick                                   0x20000080   Data           4  stm32f4xx_hal.o(.data)
    pxCurrentTCB                             0x200000a8   Data           4  tasks.o(.data)
    pid_motor                                0x200000e8   Data         336  chassis_task.o(.bss)
    pid_yaw                                  0x20000238   Data          84  chassis_task.o(.bss)
    chassis_ctrl_info                        0x2000028c   Data          56  chassis_task.o(.bss)
    chassis_status_info                      0x200002c4   Data          16  chassis_task.o(.bss)
    power_limit_data                         0x200002d4   Data          88  chassis_task.o(.bss)
    detect_time                              0x2000032c   Data          14  detect_task.o(.bss)
    flash_write                              0x2000033c   Data          28  detect_task.o(.bss)
    power_k                                  0x20000358   Data          12  super_caps_task.o(.bss)
    pid_power                                0x20000364   Data          84  super_caps_task.o(.bss)
    caps_ctrl_info                           0x200003b8   Data          64  super_caps_task.o(.bss)
    command_info                             0x200003f8   Data          48  gimbal_task.o(.bss)
    gimbal_ctrl_info                         0x20000428   Data          14  gimbal_task.o(.bss)
    auto_aim_info                            0x20000436   Data          38  gimbal_task.o(.bss)
    RCrx                                     0x2000045c   Data          50  dr16.o(.bss)
    RC_Ctl                                   0x20000490   Data          80  dr16.o(.bss)
    judgement_receive                        0x200004e0   Data         110  judgement_info.o(.bss)
    judgement_race_data                      0x2000054e   Data          51  judgement_info.o(.bss)
    GimbalMotor                              0x20000604   Data          18  bsp_can.o(.bss)
    Motor_Data                               0x20000616   Data          30  bsp_can.o(.bss)
    hadc1                                    0x20000634   Data          72  adc.o(.bss)
    hcan1                                    0x2000067c   Data          68  can.o(.bss)
    hcan2                                    0x200006c0   Data          68  can.o(.bss)
    huart1                                   0x20000704   Data          64  usart.o(.bss)
    huart2                                   0x20000744   Data          64  usart.o(.bss)
    huart3                                   0x20000784   Data          64  usart.o(.bss)
    huart6                                   0x200007c4   Data          64  usart.o(.bss)
    hdma_usart1_rx                           0x20000804   Data          96  usart.o(.bss)
    hdma_usart2_rx                           0x20000864   Data          96  usart.o(.bss)
    hdma_usart2_tx                           0x200008c4   Data          96  usart.o(.bss)
    hdma_usart3_rx                           0x20000924   Data          96  usart.o(.bss)
    hdma_usart3_tx                           0x20000984   Data          96  usart.o(.bss)
    hdma_usart6_rx                           0x200009e4   Data          96  usart.o(.bss)
    hdma_usart6_tx                           0x20000a44   Data          96  usart.o(.bss)
    pFlash                                   0x20000aa4   Data          32  stm32f4xx_hal_flash.o(.bss)
    __initial_sp                             0x20004bb8   Data           0  startup_stm32f427xx.o(STACK)



==============================================================================

Memory Map of the image

  Image Entry point : 0x080001ad

  Load Region LR_IROM1 (Base: 0x08000000, Size: 0x00006978, Max: 0x00200000, ABSOLUTE)

    Execution Region ER_IROM1 (Exec base: 0x08000000, Load base: 0x08000000, Size: 0x00006890, Max: 0x00200000, ABSOLUTE)

    Exec Addr    Load Addr    Size         Type   Attr      Idx    E Section Name        Object

    0x08000000   0x08000000   0x000001ac   Data   RO            3    RESET               startup_stm32f427xx.o
    0x080001ac   0x080001ac   0x00000000   Code   RO         4389  * .ARM.Collect$$$$00000000  mc_w.l(entry.o)
    0x080001ac   0x080001ac   0x00000004   Code   RO         4440    .ARM.Collect$$$$00000001  mc_w.l(entry2.o)
    0x080001b0   0x080001b0   0x00000004   Code   RO         4443    .ARM.Collect$$$$00000004  mc_w.l(entry5.o)
    0x080001b4   0x080001b4   0x00000000   Code   RO         4445    .ARM.Collect$$$$00000008  mc_w.l(entry7b.o)
    0x080001b4   0x080001b4   0x00000000   Code   RO         4447    .ARM.Collect$$$$0000000A  mc_w.l(entry8b.o)
    0x080001b4   0x080001b4   0x00000008   Code   RO         4448    .ARM.Collect$$$$0000000B  mc_w.l(entry9a.o)
    0x080001bc   0x080001bc   0x00000000   Code   RO         4450    .ARM.Collect$$$$0000000D  mc_w.l(entry10a.o)
    0x080001bc   0x080001bc   0x00000000   Code   RO         4452    .ARM.Collect$$$$0000000F  mc_w.l(entry11a.o)
    0x080001bc   0x080001bc   0x00000004   Code   RO         4441    .ARM.Collect$$$$00002712  mc_w.l(entry2.o)
    0x080001c0   0x080001c0   0x000000ba   Code   RO         3348    .emb_text           port.o
    0x0800027a   0x0800027a   0x00000002   PAD
    0x0800027c   0x0800027c   0x00000024   Code   RO            4    .text               startup_stm32f427xx.o
    0x080002a0   0x080002a0   0x00000062   Code   RO         4392    .text               mc_w.l(uldiv.o)
    0x08000302   0x08000302   0x00000024   Code   RO         4394    .text               mc_w.l(memcpya.o)
    0x08000326   0x08000326   0x00000024   Code   RO         4396    .text               mc_w.l(memseta.o)
    0x0800034a   0x0800034a   0x0000014e   Code   RO         4400    .text               mf_w.l(dadd.o)
    0x08000498   0x08000498   0x000000e4   Code   RO         4402    .text               mf_w.l(dmul.o)
    0x0800057c   0x0800057c   0x00000022   Code   RO         4404    .text               mf_w.l(dflti.o)
    0x0800059e   0x0800059e   0x0000003e   Code   RO         4406    .text               mf_w.l(dfixi.o)
    0x080005dc   0x080005dc   0x00000026   Code   RO         4408    .text               mf_w.l(f2d.o)
    0x08000602   0x08000602   0x00000038   Code   RO         4410    .text               mf_w.l(d2f.o)
    0x0800063a   0x0800063a   0x0000001e   Code   RO         4454    .text               mc_w.l(llshl.o)
    0x08000658   0x08000658   0x00000020   Code   RO         4456    .text               mc_w.l(llushr.o)
    0x08000678   0x08000678   0x00000024   Code   RO         4458    .text               mc_w.l(llsshr.o)
    0x0800069c   0x0800069c   0x00000000   Code   RO         4467    .text               mc_w.l(iusefp.o)
    0x0800069c   0x0800069c   0x0000006e   Code   RO         4468    .text               mf_w.l(fepilogue.o)
    0x0800070a   0x0800070a   0x000000ba   Code   RO         4470    .text               mf_w.l(depilogue.o)
    0x080007c4   0x080007c4   0x00000024   Code   RO         4484    .text               mc_w.l(init.o)
    0x080007e8   0x080007e8   0x000000de   Code   RO         4486    .text               mf_w.l(ddiv.o)
    0x080008c6   0x080008c6   0x0000001a   Code   RO         4488    .text               mf_w.l(dfltui.o)
    0x080008e0   0x080008e0   0x00000124   Code   RO         1437    i.ADC_Init          stm32f4xx_hal_adc.o
    0x08000a04   0x08000a04   0x00000058   Code   RO          844    i.BSP_FLASH_Write   bsp_flash.o
    0x08000a5c   0x08000a5c   0x00000002   Code   RO         1209    i.BusFault_Handler  stm32f4xx_it.o
    0x08000a5e   0x08000a5e   0x00000002   PAD
    0x08000a60   0x08000a60   0x0000000c   Code   RO         1210    i.CAN1_RX0_IRQHandler  stm32f4xx_it.o
    0x08000a6c   0x08000a6c   0x0000000c   Code   RO         1211    i.CAN1_TX_IRQHandler  stm32f4xx_it.o
    0x08000a78   0x08000a78   0x0000000c   Code   RO         1212    i.CAN2_RX0_IRQHandler  stm32f4xx_it.o
    0x08000a84   0x08000a84   0x0000000c   Code   RO         1213    i.CAN2_TX_IRQHandler  stm32f4xx_it.o
    0x08000a90   0x08000a90   0x00000126   Code   RO         1709    i.CAN_Receive_IT    stm32f4xx_hal_can.o
    0x08000bb6   0x08000bb6   0x00000002   PAD
    0x08000bb8   0x08000bb8   0x0000016c   Code   RO           13    i.ChassisTask       chassis_task.o
    0x08000d24   0x08000d24   0x00000006   Code   RO         1086    i.ChassisTask1      freertos.o
    0x08000d2a   0x08000d2a   0x00000002   PAD
    0x08000d2c   0x08000d2c   0x0000000c   Code   RO         1214    i.DMA1_Stream1_IRQHandler  stm32f4xx_it.o
    0x08000d38   0x08000d38   0x0000000c   Code   RO         1215    i.DMA1_Stream3_IRQHandler  stm32f4xx_it.o
    0x08000d44   0x08000d44   0x0000000c   Code   RO         1216    i.DMA1_Stream5_IRQHandler  stm32f4xx_it.o
    0x08000d50   0x08000d50   0x0000000c   Code   RO         1217    i.DMA1_Stream6_IRQHandler  stm32f4xx_it.o
    0x08000d5c   0x08000d5c   0x0000000c   Code   RO         1218    i.DMA2_Stream1_IRQHandler  stm32f4xx_it.o
    0x08000d68   0x08000d68   0x0000000c   Code   RO         1219    i.DMA2_Stream2_IRQHandler  stm32f4xx_it.o
    0x08000d74   0x08000d74   0x0000000c   Code   RO         1220    i.DMA2_Stream6_IRQHandler  stm32f4xx_it.o
    0x08000d80   0x08000d80   0x00000028   Code   RO         2683    i.DMA_CalcBaseAndBitshift  stm32f4xx_hal_dma.o
    0x08000da8   0x08000da8   0x00000054   Code   RO         2684    i.DMA_CheckFifoParam  stm32f4xx_hal_dma.o
    0x08000dfc   0x08000dfc   0x00000028   Code   RO         2685    i.DMA_SetConfig     stm32f4xx_hal_dma.o
    0x08000e24   0x08000e24   0x00000134   Code   RO          579    i.DR16_decode       dr16.o
    0x08000f58   0x08000f58   0x00000030   Code   RO          275    i.DR16_detect       detect_task.o
    0x08000f88   0x08000f88   0x00000002   Code   RO         1221    i.DebugMon_Handler  stm32f4xx_it.o
    0x08000f8a   0x08000f8a   0x00000006   Code   RO         1087    i.DetectTask1       freertos.o
    0x08000f90   0x08000f90   0x00000054   Code   RO         2458    i.FLASH_Erase_Sector  stm32f4xx_hal_flash_ex.o
    0x08000fe4   0x08000fe4   0x00000054   Code   RO         2459    i.FLASH_FlushCaches  stm32f4xx_hal_flash_ex.o
    0x08001038   0x08001038   0x00000040   Code   RO         2460    i.FLASH_MassErase   stm32f4xx_hal_flash_ex.o
    0x08001078   0x08001078   0x00000020   Code   RO         2340    i.FLASH_Program_Byte  stm32f4xx_hal_flash.o
    0x08001098   0x08001098   0x00000028   Code   RO         2341    i.FLASH_Program_DoubleWord  stm32f4xx_hal_flash.o
    0x080010c0   0x080010c0   0x00000024   Code   RO         2342    i.FLASH_Program_HalfWord  stm32f4xx_hal_flash.o
    0x080010e4   0x080010e4   0x00000024   Code   RO         2343    i.FLASH_Program_Word  stm32f4xx_hal_flash.o
    0x08001108   0x08001108   0x0000007c   Code   RO         2344    i.FLASH_SetErrorCode  stm32f4xx_hal_flash.o
    0x08001184   0x08001184   0x00000050   Code   RO         2345    i.FLASH_WaitForLastOperation  stm32f4xx_hal_flash.o
    0x080011d4   0x080011d4   0x000000c4   Code   RO          845    i.GetSector         bsp_flash.o
    0x08001298   0x08001298   0x0000002c   Code   RO          626    i.Get_CRC16_Check_Sum  judgement_info.o
    0x080012c4   0x080012c4   0x0000001c   Code   RO          627    i.Get_CRC8_Check_Sum  judgement_info.o
    0x080012e0   0x080012e0   0x0000001e   Code   RO          443    i.GimbalTask        gimbal_task.o
    0x080012fe   0x080012fe   0x00000006   Code   RO         1088    i.GimbalTask1       freertos.o
    0x08001304   0x08001304   0x00000154   Code   RO         1439    i.HAL_ADC_ConfigChannel  stm32f4xx_hal_adc.o
    0x08001458   0x08001458   0x00000004   Code   RO         1445    i.HAL_ADC_GetState  stm32f4xx_hal_adc.o
    0x0800145c   0x0800145c   0x00000006   Code   RO         1446    i.HAL_ADC_GetValue  stm32f4xx_hal_adc.o
    0x08001462   0x08001462   0x00000054   Code   RO         1448    i.HAL_ADC_Init      stm32f4xx_hal_adc.o
    0x080014b6   0x080014b6   0x00000002   PAD
    0x080014b8   0x080014b8   0x00000044   Code   RO          975    i.HAL_ADC_MspInit   adc.o
    0x080014fc   0x080014fc   0x000000a2   Code   RO         1452    i.HAL_ADC_PollForConversion  stm32f4xx_hal_adc.o
    0x0800159e   0x0800159e   0x00000002   PAD
    0x080015a0   0x080015a0   0x000000bc   Code   RO         1454    i.HAL_ADC_Start     stm32f4xx_hal_adc.o
    0x0800165c   0x0800165c   0x000000f8   Code   RO         1710    i.HAL_CAN_ConfigFilter  stm32f4xx_hal_can.o
    0x08001754   0x08001754   0x00000002   Code   RO         1712    i.HAL_CAN_ErrorCallback  stm32f4xx_hal_can.o
    0x08001756   0x08001756   0x00000002   PAD
    0x08001758   0x08001758   0x00000234   Code   RO         1715    i.HAL_CAN_IRQHandler  stm32f4xx_hal_can.o
    0x0800198c   0x0800198c   0x00000148   Code   RO         1716    i.HAL_CAN_Init      stm32f4xx_hal_can.o
    0x08001ad4   0x08001ad4   0x000000e0   Code   RO         1017    i.HAL_CAN_MspInit   can.o
    0x08001bb4   0x08001bb4   0x000000b4   Code   RO         1720    i.HAL_CAN_Receive_IT  stm32f4xx_hal_can.o
    0x08001c68   0x08001c68   0x000000f8   Code   RO          770    i.HAL_CAN_RxCpltCallback  bsp_can.o
    0x08001d60   0x08001d60   0x000001cc   Code   RO         1723    i.HAL_CAN_Transmit  stm32f4xx_hal_can.o
    0x08001f2c   0x08001f2c   0x00000002   Code   RO         1725    i.HAL_CAN_TxCpltCallback  stm32f4xx_hal_can.o
    0x08001f2e   0x08001f2e   0x00000024   Code   RO         2687    i.HAL_DMA_Abort_IT  stm32f4xx_hal_dma.o
    0x08001f52   0x08001f52   0x00000002   PAD
    0x08001f54   0x08001f54   0x000001a0   Code   RO         2691    i.HAL_DMA_IRQHandler  stm32f4xx_hal_dma.o
    0x080020f4   0x080020f4   0x000000d4   Code   RO         2692    i.HAL_DMA_Init      stm32f4xx_hal_dma.o
    0x080021c8   0x080021c8   0x00000046   Code   RO         2695    i.HAL_DMA_Start     stm32f4xx_hal_dma.o
    0x0800220e   0x0800220e   0x00000078   Code   RO         2696    i.HAL_DMA_Start_IT  stm32f4xx_hal_dma.o
    0x08002286   0x08002286   0x0000001c   Code   RO         3123    i.HAL_Delay         stm32f4xx_hal.o
    0x080022a2   0x080022a2   0x00000002   PAD
    0x080022a4   0x080022a4   0x0000009c   Code   RO         2465    i.HAL_FLASHEx_Erase  stm32f4xx_hal_flash_ex.o
    0x08002340   0x08002340   0x00000014   Code   RO         2349    i.HAL_FLASH_Lock    stm32f4xx_hal_flash.o
    0x08002354   0x08002354   0x0000007c   Code   RO         2354    i.HAL_FLASH_Program  stm32f4xx_hal_flash.o
    0x080023d0   0x080023d0   0x0000002c   Code   RO         2356    i.HAL_FLASH_Unlock  stm32f4xx_hal_flash.o
    0x080023fc   0x080023fc   0x000001cc   Code   RO         2579    i.HAL_GPIO_Init     stm32f4xx_hal_gpio.o
    0x080025c8   0x080025c8   0x0000000a   Code   RO         2583    i.HAL_GPIO_WritePin  stm32f4xx_hal_gpio.o
    0x080025d2   0x080025d2   0x00000002   PAD
    0x080025d4   0x080025d4   0x0000000c   Code   RO         3131    i.HAL_GetTick       stm32f4xx_hal.o
    0x080025e0   0x080025e0   0x00000010   Code   RO         3133    i.HAL_IncTick       stm32f4xx_hal.o
    0x080025f0   0x080025f0   0x00000034   Code   RO         3134    i.HAL_Init          stm32f4xx_hal.o
    0x08002624   0x08002624   0x00000028   Code   RO         3135    i.HAL_InitTick      stm32f4xx_hal.o
    0x0800264c   0x0800264c   0x00000084   Code   RO         1372    i.HAL_MspInit       stm32f4xx_hal_msp.o
    0x080026d0   0x080026d0   0x00000016   Code   RO         2986    i.HAL_NVIC_EnableIRQ  stm32f4xx_hal_cortex.o
    0x080026e6   0x080026e6   0x00000002   PAD
    0x080026e8   0x080026e8   0x00000040   Code   RO         2992    i.HAL_NVIC_SetPriority  stm32f4xx_hal_cortex.o
    0x08002728   0x08002728   0x00000024   Code   RO         2993    i.HAL_NVIC_SetPriorityGrouping  stm32f4xx_hal_cortex.o
    0x0800274c   0x0800274c   0x00000070   Code   RO         2915    i.HAL_PWREx_EnableOverDrive  stm32f4xx_hal_pwr_ex.o
    0x080027bc   0x080027bc   0x00000130   Code   RO         2197    i.HAL_RCC_ClockConfig  stm32f4xx_hal_rcc.o
    0x080028ec   0x080028ec   0x0000000c   Code   RO         2202    i.HAL_RCC_GetHCLKFreq  stm32f4xx_hal_rcc.o
    0x080028f8   0x080028f8   0x00000020   Code   RO         2204    i.HAL_RCC_GetPCLK1Freq  stm32f4xx_hal_rcc.o
    0x08002918   0x08002918   0x00000020   Code   RO         2205    i.HAL_RCC_GetPCLK2Freq  stm32f4xx_hal_rcc.o
    0x08002938   0x08002938   0x00000064   Code   RO         2206    i.HAL_RCC_GetSysClockFreq  stm32f4xx_hal_rcc.o
    0x0800299c   0x0800299c   0x000002f0   Code   RO         2209    i.HAL_RCC_OscConfig  stm32f4xx_hal_rcc.o
    0x08002c8c   0x08002c8c   0x00000018   Code   RO         2995    i.HAL_SYSTICK_CLKSourceConfig  stm32f4xx_hal_cortex.o
    0x08002ca4   0x08002ca4   0x00000028   Code   RO         2997    i.HAL_SYSTICK_Config  stm32f4xx_hal_cortex.o
    0x08002ccc   0x08002ccc   0x00000002   Code   RO         1891    i.HAL_UART_ErrorCallback  stm32f4xx_hal_uart.o
    0x08002cce   0x08002cce   0x00000002   PAD
    0x08002cd0   0x08002cd0   0x00000110   Code   RO         1894    i.HAL_UART_IRQHandler  stm32f4xx_hal_uart.o
    0x08002de0   0x08002de0   0x00000062   Code   RO         1895    i.HAL_UART_Init     stm32f4xx_hal_uart.o
    0x08002e42   0x08002e42   0x00000002   PAD
    0x08002e44   0x08002e44   0x00000320   Code   RO         1150    i.HAL_UART_MspInit  usart.o
    0x08003164   0x08003164   0x00000002   Code   RO         1901    i.HAL_UART_RxCpltCallback  stm32f4xx_hal_uart.o
    0x08003166   0x08003166   0x00000002   Code   RO         1906    i.HAL_UART_TxCpltCallback  stm32f4xx_hal_uart.o
    0x08003168   0x08003168   0x00000002   Code   RO         1222    i.HardFault_Handler  stm32f4xx_it.o
    0x0800316a   0x0800316a   0x00000002   PAD
    0x0800316c   0x0800316c   0x00000030   Code   RO          276    i.Judgement_detect  detect_task.o
    0x0800319c   0x0800319c   0x00000006   Code   RO         1089    i.JudgmentTask1     freertos.o
    0x080031a2   0x080031a2   0x00000064   Code   RO          580    i.KeyBoard_decode   dr16.o
    0x08003206   0x08003206   0x00000002   PAD
    0x08003208   0x08003208   0x00000070   Code   RO          976    i.MX_ADC1_Init      adc.o
    0x08003278   0x08003278   0x00000058   Code   RO         1018    i.MX_CAN1_Init      can.o
    0x080032d0   0x080032d0   0x00000058   Code   RO         1019    i.MX_CAN2_Init      can.o
    0x08003328   0x08003328   0x0000009c   Code   RO         1065    i.MX_DMA_Init       dma.o
    0x080033c4   0x080033c4   0x00000094   Code   RO         1090    i.MX_FREERTOS_Init  freertos.o
    0x08003458   0x08003458   0x0000011c   Code   RO          950    i.MX_GPIO_Init      gpio.o
    0x08003574   0x08003574   0x00000054   Code   RO         1151    i.MX_USART1_UART_Init  usart.o
    0x080035c8   0x080035c8   0x0000004c   Code   RO         1152    i.MX_USART2_UART_Init  usart.o
    0x08003614   0x08003614   0x0000004c   Code   RO         1153    i.MX_USART3_UART_Init  usart.o
    0x08003660   0x08003660   0x0000004c   Code   RO         1154    i.MX_USART6_UART_Init  usart.o
    0x080036ac   0x080036ac   0x00000002   Code   RO         1223    i.MemManage_Handler  stm32f4xx_it.o
    0x080036ae   0x080036ae   0x00000002   Code   RO         1224    i.NMI_Handler       stm32f4xx_it.o
    0x080036b0   0x080036b0   0x00000020   Code   RO         2999    i.NVIC_SetPriority  stm32f4xx_hal_cortex.o
    0x080036d0   0x080036d0   0x00000024   Code   RO          444    i.PC_unpack         gimbal_task.o
    0x080036f4   0x080036f4   0x0000009c   Code   RO          445    i.PC_updata         gimbal_task.o
    0x08003790   0x08003790   0x00000068   Code   RO          713    i.RichJ_UART_Receive_DMA  richjlib.o
    0x080037f8   0x080037f8   0x00000014   Code   RO          714    i.RichJ_UART_Receive_IT  richjlib.o
    0x0800380c   0x0800380c   0x0000003e   Code   RO          715    i.RichJ_UART_Transmit_DMA  richjlib.o
    0x0800384a   0x0800384a   0x00000002   PAD
    0x0800384c   0x0800384c   0x000000e0   Code   RO          716    i.RichJ_UsartIdleHanlder  richjlib.o
    0x0800392c   0x0800392c   0x00000008   Code   RO         1091    i.StartDefaultTask  freertos.o
    0x08003934   0x08003934   0x00000006   Code   RO         1092    i.SuperCapsTask1    freertos.o
    0x0800393a   0x0800393a   0x0000000e   Code   RO         1225    i.SysTick_Handler   stm32f4xx_it.o
    0x08003948   0x08003948   0x000000a8   Code   RO          876    i.SystemClock_Config  main.o
    0x080039f0   0x080039f0   0x00000054   Code   RO         1397    i.SystemInit        system_stm32f4xx.o
    0x08003a44   0x08003a44   0x00000010   Code   RO         1908    i.UART_DMAAbortOnError  stm32f4xx_hal_uart.o
    0x08003a54   0x08003a54   0x0000001c   Code   RO         1918    i.UART_EndRxTransfer  stm32f4xx_hal_uart.o
    0x08003a70   0x08003a70   0x0000004c   Code   RO         1226    i.UART_IdleRxCallback  stm32f4xx_it.o
    0x08003abc   0x08003abc   0x0000008c   Code   RO         1920    i.UART_Receive_IT   stm32f4xx_hal_uart.o
    0x08003b48   0x08003b48   0x000002ac   Code   RO         1921    i.UART_SetConfig    stm32f4xx_hal_uart.o
    0x08003df4   0x08003df4   0x00000062   Code   RO         1922    i.UART_Transmit_IT  stm32f4xx_hal_uart.o
    0x08003e56   0x08003e56   0x00000002   PAD
    0x08003e58   0x08003e58   0x00000018   Code   RO         1227    i.USART1_IRQHandler  stm32f4xx_it.o
    0x08003e70   0x08003e70   0x00000018   Code   RO         1228    i.USART2_IRQHandler  stm32f4xx_it.o
    0x08003e88   0x08003e88   0x00000018   Code   RO         1229    i.USART3_IRQHandler  stm32f4xx_it.o
    0x08003ea0   0x08003ea0   0x0000000c   Code   RO         1230    i.USART6_IRQHandler  stm32f4xx_it.o
    0x08003eac   0x08003eac   0x00000002   Code   RO         1231    i.UsageFault_Handler  stm32f4xx_it.o
    0x08003eae   0x08003eae   0x00000002   PAD
    0x08003eb0   0x08003eb0   0x0000003c   Code   RO          628    i.Verify_CRC16_Check_Sum  judgement_info.o
    0x08003eec   0x08003eec   0x00000026   Code   RO          629    i.Verify_CRC8_Check_Sum  judgement_info.o
    0x08003f12   0x08003f12   0x00000002   Code   RO          877    i._Error_Handler    main.o
    0x08003f14   0x08003f14   0x00000030   Code   RO         4480    i.__ARM_fpclassify  m_wm.l(fpclassify.o)
    0x08003f44   0x08003f44   0x00000004   PAD
    0x08003f48   0x08003f48   0x000000c8   Code   RO         4365    i.__hardfp_cos      m_wm.l(cos.o)
    0x08004010   0x08004010   0x000000c8   Code   RO         4377    i.__hardfp_sin      m_wm.l(sin.o)
    0x080040d8   0x080040d8   0x00000438   Code   RO         4429    i.__ieee754_rem_pio2  m_wm.l(rred.o)
    0x08004510   0x08004510   0x00000170   Code   RO         4412    i.__kernel_cos      m_wm.l(cos_i.o)
    0x08004680   0x08004680   0x000000f8   Code   RO         4482    i.__kernel_poly     m_wm.l(poly.o)
    0x08004778   0x08004778   0x00000130   Code   RO         4434    i.__kernel_sin      m_wm.l(sin_i.o)
    0x080048a8   0x080048a8   0x00000014   Code   RO         4416    i.__mathlib_dbl_infnan  m_wm.l(dunder.o)
    0x080048bc   0x080048bc   0x00000004   PAD
    0x080048c0   0x080048c0   0x00000020   Code   RO         4418    i.__mathlib_dbl_invalid  m_wm.l(dunder.o)
    0x080048e0   0x080048e0   0x00000020   Code   RO         4421    i.__mathlib_dbl_underflow  m_wm.l(dunder.o)
    0x08004900   0x08004900   0x0000000e   Code   RO         4492    i.__scatterload_copy  mc_w.l(handlers.o)
    0x0800490e   0x0800490e   0x00000002   Code   RO         4493    i.__scatterload_null  mc_w.l(handlers.o)
    0x08004910   0x08004910   0x0000000e   Code   RO         4494    i.__scatterload_zeroinit  mc_w.l(handlers.o)
    0x0800491e   0x0800491e   0x00000002   PAD
    0x08004920   0x08004920   0x0000000c   Code   RO         4462    i.__set_errno       mc_w.l(errno.o)
    0x0800492c   0x0800492c   0x00000028   Code   RO          530    i.abs_limit         pid.o
    0x08004954   0x08004954   0x0000009c   Code   RO          355    i.adc_value_get     super_caps_task.o
    0x080049f0   0x080049f0   0x0000001c   Code   RO          278    i.bsp_flash_write   detect_task.o
    0x08004a0c   0x08004a0c   0x00000054   Code   RO          771    i.can_device_init   bsp_can.o
    0x08004a60   0x08004a60   0x00000040   Code   RO          356    i.caps_task         super_caps_task.o
    0x08004aa0   0x08004aa0   0x00000030   Code   RO          446    i.chassis_command_unpack  gimbal_task.o
    0x08004ad0   0x08004ad0   0x00000024   Code   RO          447    i.command_init      gimbal_task.o
    0x08004af4   0x08004af4   0x00000054   Code   RO          448    i.command_unpack    gimbal_task.o
    0x08004b48   0x08004b48   0x0000003c   Code   RO          279    i.detect_Task       detect_task.o
    0x08004b84   0x08004b84   0x00000018   Code   RO         4476    i.fabs              m_wm.l(fabs.o)
    0x08004b9c   0x08004b9c   0x000001c0   Code   RO          449    i.gimbal_command_update  gimbal_task.o
    0x08004d5c   0x08004d5c   0x00000034   Code   RO          531    i.i_saturation      pid.o
    0x08004d90   0x08004d90   0x0000000c   Code   RO         3990    i.inHandlerMode     cmsis_os.o
    0x08004d9c   0x08004d9c   0x00000060   Code   RO          630    i.judgement_data_decode  judgement_info.o
    0x08004dfc   0x08004dfc   0x00000050   Code   RO          631    i.judgement_info_handle  judgement_info.o
    0x08004e4c   0x08004e4c   0x00000030   Code   RO          410    i.judgement_unpack  judgement_task.o
    0x08004e7c   0x08004e7c   0x0000003a   Code   RO          450    i.key_detect        gimbal_task.o
    0x08004eb6   0x08004eb6   0x00000002   PAD
    0x08004eb8   0x08004eb8   0x00000090   Code   RO          878    i.main              main.o
    0x08004f48   0x08004f48   0x0000000c   Code   RO         3992    i.makeFreeRtosPriority  cmsis_os.o
    0x08004f54   0x08004f54   0x00000010   Code   RO           14    i.mcu_reset         chassis_task.o
    0x08004f64   0x08004f64   0x00000048   Code   RO           15    i.motion_solution   chassis_task.o
    0x08004fac   0x08004fac   0x0000000e   Code   RO         3994    i.osDelay           cmsis_os.o
    0x08004fba   0x08004fba   0x0000000e   Code   RO         3995    i.osDelayUntil      cmsis_os.o
    0x08004fc8   0x08004fc8   0x0000000a   Code   RO         3997    i.osKernelStart     cmsis_os.o
    0x08004fd2   0x08004fd2   0x00000018   Code   RO         3998    i.osKernelSysTick   cmsis_os.o
    0x08004fea   0x08004fea   0x00000056   Code   RO         4029    i.osSignalWait      cmsis_os.o
    0x08005040   0x08005040   0x00000014   Code   RO         4030    i.osSystickHandler  cmsis_os.o
    0x08005054   0x08005054   0x0000002e   Code   RO         4031    i.osThreadCreate    cmsis_os.o
    0x08005082   0x08005082   0x00000122   Code   RO          532    i.pid_cal           pid.o
    0x080051a4   0x080051a4   0x00000084   Code   RO           16    i.pid_calcaulate    chassis_task.o
    0x08005228   0x08005228   0x00000014   Code   RO          533    i.pid_init          pid.o
    0x0800523c   0x0800523c   0x00000070   Code   RO         3691    i.prvAddCurrentTaskToDelayedList  tasks.o
    0x080052ac   0x080052ac   0x000000d0   Code   RO         3692    i.prvAddNewTaskToReadyList  tasks.o
    0x0800537c   0x0800537c   0x00000050   Code   RO         3693    i.prvCheckTasksWaitingTermination  tasks.o
    0x080053cc   0x080053cc   0x00000014   Code   RO         3694    i.prvDeleteTCB      tasks.o
    0x080053e0   0x080053e0   0x0000004c   Code   RO         3278    i.prvHeapInit       heap_4.o
    0x0800542c   0x0800542c   0x00000028   Code   RO         3695    i.prvIdleTask       tasks.o
    0x08005454   0x08005454   0x0000009c   Code   RO         3696    i.prvInitialiseNewTask  tasks.o
    0x080054f0   0x080054f0   0x0000004c   Code   RO         3279    i.prvInsertBlockIntoFreeList  heap_4.o
    0x0800553c   0x0800553c   0x00000020   Code   RO         3697    i.prvResetNextTaskUnblockTime  tasks.o
    0x0800555c   0x0800555c   0x00000028   Code   RO         3349    i.prvTaskExitError  port.o
    0x08005584   0x08005584   0x000000d8   Code   RO         3280    i.pvPortMalloc      heap_4.o
    0x0800565c   0x0800565c   0x0000002c   Code   RO         3350    i.pxPortInitialiseStack  port.o
    0x08005688   0x08005688   0x0000006c   Code   RO          451    i.rc_detect         gimbal_task.o
    0x080056f4   0x080056f4   0x00000048   Code   RO          282    i.reset_check       detect_task.o
    0x0800573c   0x0800573c   0x00000054   Code   RO          773    i.send_chassis_cur  bsp_can.o
    0x08005790   0x08005790   0x00000054   Code   RO          774    i.send_gimbal_info  bsp_can.o
    0x080057e4   0x080057e4   0x00000044   Code   RO          775    i.send_shoot_info   bsp_can.o
    0x08005828   0x08005828   0x0000007c   Code   RO           18    i.silence_check     chassis_task.o
    0x080058a4   0x080058a4   0x000000a8   Code   RO           19    i.sum_check         chassis_task.o
    0x0800594c   0x0800594c   0x00000034   Code   RO          633    i.unpack_fifo_handle  judgement_info.o
    0x08005980   0x08005980   0x00000024   Code   RO         3514    i.uxListRemove      list.o
    0x080059a4   0x080059a4   0x00000020   Code   RO         3702    i.uxTaskGetStackHighWaterMark  tasks.o
    0x080059c4   0x080059c4   0x00000016   Code   RO         3515    i.vListInitialise   list.o
    0x080059da   0x080059da   0x00000006   Code   RO         3516    i.vListInitialiseItem  list.o
    0x080059e0   0x080059e0   0x00000030   Code   RO         3517    i.vListInsert       list.o
    0x08005a10   0x08005a10   0x00000018   Code   RO         3518    i.vListInsertEnd    list.o
    0x08005a28   0x08005a28   0x00000040   Code   RO         3352    i.vPortEnterCritical  port.o
    0x08005a68   0x08005a68   0x00000028   Code   RO         3353    i.vPortExitCritical  port.o
    0x08005a90   0x08005a90   0x0000005c   Code   RO         3281    i.vPortFree         heap_4.o
    0x08005aec   0x08005aec   0x00000020   Code   RO         3354    i.vPortSetupTimerInterrupt  port.o
    0x08005b0c   0x08005b0c   0x00000054   Code   RO         3355    i.vPortValidateInterruptPriority  port.o
    0x08005b60   0x08005b60   0x0000004c   Code   RO         3706    i.vTaskDelay        tasks.o
    0x08005bac   0x08005bac   0x0000008c   Code   RO         3707    i.vTaskDelayUntil   tasks.o
    0x08005c38   0x08005c38   0x00000068   Code   RO         3718    i.vTaskStartScheduler  tasks.o
    0x08005ca0   0x08005ca0   0x00000010   Code   RO         3720    i.vTaskSuspendAll   tasks.o
    0x08005cb0   0x08005cb0   0x0000005c   Code   RO         3721    i.vTaskSwitchContext  tasks.o
    0x08005d0c   0x08005d0c   0x000000e0   Code   RO         3356    i.xPortStartScheduler  port.o
    0x08005dec   0x08005dec   0x0000002c   Code   RO         3357    i.xPortSysTickHandler  port.o
    0x08005e18   0x08005e18   0x00000056   Code   RO         3723    i.xTaskCreate       tasks.o
    0x08005e6e   0x08005e6e   0x00000002   PAD
    0x08005e70   0x08005e70   0x0000001c   Code   RO         3727    i.xTaskGetSchedulerState  tasks.o
    0x08005e8c   0x08005e8c   0x0000000c   Code   RO         3728    i.xTaskGetTickCount  tasks.o
    0x08005e98   0x08005e98   0x00000010   Code   RO         3729    i.xTaskGetTickCountFromISR  tasks.o
    0x08005ea8   0x08005ea8   0x000000c8   Code   RO         3730    i.xTaskIncrementTick  tasks.o
    0x08005f70   0x08005f70   0x0000008c   Code   RO         3732    i.xTaskNotifyWait   tasks.o
    0x08005ffc   0x08005ffc   0x000000c4   Code   RO         3736    i.xTaskResumeAll    tasks.o
    0x080060c0   0x080060c0   0x00000204   Code   RO           20    i.x_ctrl            chassis_task.o
    0x080062c4   0x080062c4   0x000000b4   Code   RO           22    i.z_ctrl            chassis_task.o
    0x08006378   0x08006378   0x00000300   Data   RO          636    .constdata          judgement_info.o
    0x08006678   0x08006678   0x00000078   Data   RO         1093    .constdata          freertos.o
    0x080066f0   0x080066f0   0x00000010   Data   RO         1398    .constdata          system_stm32f4xx.o
    0x08006700   0x08006700   0x00000008   Data   RO         1399    .constdata          system_stm32f4xx.o
    0x08006708   0x08006708   0x00000008   Data   RO         2698    .constdata          stm32f4xx_hal_dma.o
    0x08006710   0x08006710   0x00000030   Data   RO         4413    .constdata          m_wm.l(cos_i.o)
    0x08006740   0x08006740   0x000000c8   Data   RO         4431    .constdata          m_wm.l(rred.o)
    0x08006808   0x08006808   0x00000028   Data   RO         4435    .constdata          m_wm.l(sin_i.o)
    0x08006830   0x08006830   0x00000040   Data   RO         1094    .conststring        freertos.o
    0x08006870   0x08006870   0x00000020   Data   RO         4490    Region$$Table       anon$$obj.o


    Execution Region RW_IRAM1 (Exec base: 0x20000000, Load base: 0x08006890, Size: 0x00004bb8, Max: 0x00030000, ABSOLUTE)

    Exec Addr    Load Addr    Size         Type   Attr      Idx    E Section Name        Object

    0x20000000   0x08006890   0x00000018   Data   RW           24    .data               chassis_task.o
    0x20000018   0x080068a8   0x0000000e   Data   RW          284    .data               detect_task.o
    0x20000026   0x080068b6   0x00000004   Data   RW          360    .data               super_caps_task.o
    0x2000002a   0x080068ba   0x00000002   PAD
    0x2000002c   0x080068bc   0x00000004   Data   RW          411    .data               judgement_task.o
    0x20000030   0x080068c0   0x00000012   Data   RW          453    .data               gimbal_task.o
    0x20000042   0x080068d2   0x00000002   PAD
    0x20000044   0x080068d4   0x0000000c   Data   RW          584    .data               dr16.o
    0x20000050   0x080068e0   0x0000000c   Data   RW          637    .data               judgement_info.o
    0x2000005c   0x080068ec   0x00000004   Data   RW          846    .data               bsp_flash.o
    0x20000060   0x080068f0   0x00000004   Data   RW         1021    .data               can.o
    0x20000064   0x080068f4   0x00000018   Data   RW         1095    .data               freertos.o
    0x2000007c   0x0800690c   0x00000004   Data   RW         1400    .data               system_stm32f4xx.o
    0x20000080   0x08006910   0x00000004   Data   RW         3140    .data               stm32f4xx_hal.o
    0x20000084   0x08006914   0x00000018   Data   RW         3286    .data               heap_4.o
    0x2000009c   0x0800692c   0x0000000c   Data   RW         3358    .data               port.o
    0x200000a8   0x08006938   0x0000003c   Data   RW         3739    .data               tasks.o
    0x200000e4   0x08006974   0x00000004   Data   RW         4463    .data               mc_w.l(errno.o)
    0x200000e8        -       0x00000244   Zero   RW           23    .bss                chassis_task.o
    0x2000032c        -       0x0000002c   Zero   RW          283    .bss                detect_task.o
    0x20000358        -       0x000000a0   Zero   RW          358    .bss                super_caps_task.o
    0x200003f8        -       0x00000064   Zero   RW          452    .bss                gimbal_task.o
    0x2000045c        -       0x00000032   Zero   RW          582    .bss                dr16.o
    0x2000048e   0x08006978   0x00000002   PAD
    0x20000490        -       0x00000050   Zero   RW          583    .bss                dr16.o
    0x200004e0        -       0x000000a1   Zero   RW          634    .bss                judgement_info.o
    0x20000581   0x08006978   0x00000003   PAD
    0x20000584        -       0x000000b0   Zero   RW          776    .bss                bsp_can.o
    0x20000634        -       0x00000048   Zero   RW          977    .bss                adc.o
    0x2000067c        -       0x00000088   Zero   RW         1020    .bss                can.o
    0x20000704        -       0x000003a0   Zero   RW         1155    .bss                usart.o
    0x20000aa4        -       0x00000020   Zero   RW         2357    .bss                stm32f4xx_hal_flash.o
    0x20000ac4        -       0x00003c00   Zero   RW         3285    .bss                heap_4.o
    0x200046c4        -       0x000000f0   Zero   RW         3738    .bss                tasks.o
    0x200047b4   0x08006978   0x00000004   PAD
    0x200047b8        -       0x00000400   Zero   RW            1    STACK               startup_stm32f427xx.o


==============================================================================

Image component sizes


      Code (inc. data)   RO Data    RW Data    ZI Data      Debug   Object Name

       180         44          0          0         72       1673   adc.o
       568         54          0          0        176       5325   bsp_can.o
       284         52          0          4          0       2100   bsp_flash.o
       400         72          0          4        136       2466   can.o
      1572        154          0         24        580     760369   chassis_task.o
       238          0          0          0          0      17872   cmsis_os.o
       256         34          0         14         44       4633   detect_task.o
       156          4          0          0          0        874   dma.o
       408         26          0         12        130       3293   dr16.o
         0          0          0          0          0       8108   event_groups.o
       186          8        184         24          0       4755   freertos.o
      1004         78          0         18        100       7778   gimbal_task.o
       284         22          0          0          0       1131   gpio.o
       460         24          0         24      15360       8935   heap_4.o
       398         42        768         12        161       7323   judgement_info.o
        48          4          0          4          0       4296   judgement_task.o
       136          0          0          0          0       3658   list.o
       314         42          0          0          0       2607   main.o
       402          4          0          0          0       3030   pid.o
       758         84          0         12          0      12113   port.o
       410          8          0          0          0       3376   richjlib.o
        36          8        428          0       1024        852   startup_stm32f427xx.o
       148         22          0          4          0       4523   stm32f4xx_hal.o
      1076         52          0          0          0       5933   stm32f4xx_hal_adc.o
      2078         34          0          0          0       7920   stm32f4xx_hal_can.o
       218         14          0          0          0      31161   stm32f4xx_hal_cortex.o
      1018         16          8          0          0       7502   stm32f4xx_hal_dma.o
       536         66          0          0         32       6810   stm32f4xx_hal_flash.o
       388         24          0          0          0       4462   stm32f4xx_hal_flash_ex.o
       470         52          0          0          0       2500   stm32f4xx_hal_gpio.o
       132          6          0          0          0        946   stm32f4xx_hal_msp.o
       112         14          0          0          0       1324   stm32f4xx_hal_pwr_ex.o
      1232         82          0          0          0       5668   stm32f4xx_hal_rcc.o
      1342         14          0          0          0       7667   stm32f4xx_hal_uart.o
       318        112          0          0          0      12400   stm32f4xx_it.o
       220         36          0          4        160       2977   super_caps_task.o
        84         18         24          4          0       1219   system_stm32f4xx.o
      1786        154          0         60        240      20640   tasks.o
      1112        170          0          0        928       4470   usart.o

    ----------------------------------------------------------------------
     20808       1650       1444        228      19152     994689   Object Totals
         0          0         32          0          0          0   (incl. Generated)
        40          0          0          4          9          0   (incl. Padding)

    ----------------------------------------------------------------------

      Code (inc. data)   RO Data    RW Data    ZI Data      Debug   Library Member Name

       200         20          0          0          0        164   cos.o
       368         46         48          0          0        200   cos_i.o
        84         16          0          0          0        372   dunder.o
        24          0          0          0          0        124   fabs.o
        48          0          0          0          0        124   fpclassify.o
       248          0          0          0          0        152   poly.o
      1080        142        200          0          0        188   rred.o
       200         20          0          0          0        164   sin.o
       304         24         40          0          0        208   sin_i.o
         0          0          0          0          0          0   entry.o
         0          0          0          0          0          0   entry10a.o
         0          0          0          0          0          0   entry11a.o
         8          4          0          0          0          0   entry2.o
         4          0          0          0          0          0   entry5.o
         0          0          0          0          0          0   entry7b.o
         0          0          0          0          0          0   entry8b.o
         8          4          0          0          0          0   entry9a.o
        12          6          0          4          0         68   errno.o
        30          0          0          0          0          0   handlers.o
        36          8          0          0          0         68   init.o
         0          0          0          0          0          0   iusefp.o
        30          0          0          0          0         68   llshl.o
        36          0          0          0          0         68   llsshr.o
        32          0          0          0          0         68   llushr.o
        36          0          0          0          0         68   memcpya.o
        36          0          0          0          0        108   memseta.o
        98          0          0          0          0         92   uldiv.o
        56          0          0          0          0         88   d2f.o
       334          0          0          0          0        148   dadd.o
       222          0          0          0          0        100   ddiv.o
       186          0          0          0          0        176   depilogue.o
        62          0          0          0          0         80   dfixi.o
        34          0          0          0          0         76   dflti.o
        26          0          0          0          0         76   dfltui.o
       228          0          0          0          0         96   dmul.o
        38          0          0          0          0         68   f2d.o
       110          0          0          0          0        168   fepilogue.o

    ----------------------------------------------------------------------
      4228        290        288          4          0       3380   Library Totals
        10          0          0          0          0          0   (incl. Padding)

    ----------------------------------------------------------------------

      Code (inc. data)   RO Data    RW Data    ZI Data      Debug   Library Name

      2556        268        288          0          0       1696   m_wm.l
       366         22          0          4          0        608   mc_w.l
      1296          0          0          0          0       1076   mf_w.l

    ----------------------------------------------------------------------
      4228        290        288          4          0       3380   Library Totals

    ----------------------------------------------------------------------

==============================================================================


      Code (inc. data)   RO Data    RW Data    ZI Data      Debug   

     25036       1940       1732        232      19152     976693   Grand Totals
     25036       1940       1732        232      19152     976693   ELF Image Totals
     25036       1940       1732        232          0          0   ROM Totals

==============================================================================

    Total RO  Size (Code + RO Data)                26768 (  26.14kB)
    Total RW  Size (RW Data + ZI Data)             19384 (  18.93kB)
    Total ROM Size (Code + RO Data + RW Data)      27000 (  26.37kB)

==============================================================================

